
Allocating common symbols
Common symbol       size              file

netbufpool          0x4               binaries/net.o
readylist           0x2               binaries/ready.o
netportseed         0x8               binaries/net.o
sleepq              0x2               binaries/clkinit.o
nnames              0x4               binaries/naminit.o
udptab              0x168             binaries/udp.o
minheap             0x4               binaries/meminit.o
marks               0x50              binaries/mark.o
currpid             0x4               binaries/initialize.o
porttab             0x2d0             binaries/ptinit.o
girmask             0x2               binaries/evec.o
ttytab              0x110             binaries/ttyinit.o
proctab             0x15e0            binaries/initialize.o
prcount             0x4               binaries/initialize.o
ethertab            0x138             binaries/ethinit.o
NetData             0xb0              binaries/net.o
nmarks              0x4               binaries/mark.o
Defer               0x8               binaries/resched.o
semtab              0x4b0             binaries/initialize.o
maxheap             0x4               binaries/meminit.o
preempt             0x4               binaries/clkinit.o
buftab              0xf0              binaries/bufinit.o
mkmutex             0x4               binaries/mark.o
sem1                0x4               binaries/main.o
clktime             0x4               binaries/clkinit.o
arpcache            0x140             binaries/arp.o
icmptab             0x230             binaries/icmp.o
nbpools             0x4               binaries/bufinit.o
queuetab            0x980             binaries/queue.o
evtab               0xcd28            binaries/initialize.o
ptnextid            0x4               binaries/ptinit.o
ipoqueue            0x2c              binaries/ip.o
memlist             0x8               binaries/initialize.o
nametab             0x19a0            binaries/naminit.o
ptfree              0x4               binaries/ptinit.o

Memory Configuration

Name             Origin             Length             Attributes
*default*        0x0000000000000000 0xffffffffffffffff

Linker script and memory map

                0x0000000000100000                physbase = 0x100000
                0x0000000000100000                . = physbase
                0x0000000000100000                . = ALIGN (0x1000)

.text           0x0000000000100000    0x17000
                0x0000000000100000                text = ABSOLUTE (.)
 *(.text .text.*)
 .text          0x0000000000100000      0x1b8 binaries/start.o
                0x0000000000100028                start
                0x00000000001000fa                inb
                0x0000000000100102                inw
                0x000000000010010b                inl
                0x0000000000100113                outb
                0x000000000010011d                outw
                0x0000000000100128                outl
                0x0000000000100132                _rtcin
                0x000000000010013d                ___udivsi3
                0x0000000000100148                ___divsi3
                0x0000000000100154                sbzero
                0x0000000000100164                insw
                0x000000000010017a                outsw
                0x0000000000100190                bcopy
                0x00000000001001a4                lidt
                0x00000000001001ac                cpuid
 .text          0x00000000001001b8      0x3e3 binaries/ascdate.o
                0x00000000001001b8                ascdate
 .text          0x000000000010059b       0x14 binaries/bufinit.o
                0x000000000010059b                bufinit
 .text          0x00000000001005af       0x94 binaries/chprio.o
                0x00000000001005af                chprio
 .text          0x0000000000100643       0x96 binaries/clkhandler.o
                0x0000000000100643                clkhandler
 .text          0x00000000001006d9       0x7e binaries/clkinit.o
                0x00000000001006d9                clkinit
 .text          0x0000000000100757       0x75 binaries/close.o
                0x0000000000100757                close
 .text          0x00000000001007cc        0x0 binaries/conf.o
 .text          0x00000000001007cc       0x7b binaries/control.o
                0x00000000001007cc                control
 .text          0x0000000000100847      0x2c0 binaries/create.o
                0x0000000000100847                create
 .text          0x0000000000100b07      0x298 binaries/early_imr.o
                0x0000000000100b07                intel_cln_early_sb_read_reg
                0x0000000000100b86                intel_cln_early_sb_write_reg
                0x0000000000100d14                remove_irm_protections
 .text          0x0000000000100d9f      0x440 binaries/evec.o
                0x0000000000100d9f                initevec
                0x0000000000100e9b                set_evec
                0x0000000000100f3d                setirmask
                0x0000000000100f96                trap
 .text          0x00000000001011df       0x19 binaries/exit.o
                0x00000000001011df                exit
 .text          0x00000000001011f8       0x8c binaries/freebuf.o
                0x00000000001011f8                freebuf
 .text          0x0000000000101284      0x19a binaries/freemem.o
                0x0000000000101284                freemem
 .text          0x000000000010141e       0x8a binaries/getbuf.o
                0x000000000010141e                getbuf
 .text          0x00000000001014a8       0x75 binaries/getc.o
                0x00000000001014a8                getc
 .text          0x000000000010151d       0x74 binaries/getdev.o
                0x000000000010151d                getdev
 .text          0x0000000000101591       0xd0 binaries/getitem.o
                0x0000000000101591                getfirst
                0x00000000001015d6                getlast
                0x000000000010161d                getitem
 .text          0x0000000000101661      0x130 binaries/getmem.o
                0x0000000000101661                getmem
 .text          0x0000000000101791        0xa binaries/getpid.o
                0x0000000000101791                getpid
 .text          0x000000000010179b       0x7d binaries/getprio.o
                0x000000000010179b                getprio
 .text          0x0000000000101818       0xfb binaries/getstk.o
                0x0000000000101818                getstk
 .text          0x0000000000101913       0x16 binaries/getticks.o
                0x0000000000101913                getticks
 .text          0x0000000000101929       0x3a binaries/gettime.o
                0x0000000000101929                gettime
 .text          0x0000000000101963      0x1e2 binaries/getutime.o
                0x0000000000101963                getutime
 .text          0x0000000000101b45       0x75 binaries/init.o
                0x0000000000101b45                init
 .text          0x0000000000101bba      0x43c binaries/initialize.o
                0x0000000000101bba                nulluser
                0x0000000000101f9d                stop
                0x0000000000101fc8                delay
 .text          0x0000000000101ff6       0xde binaries/insert.o
                0x0000000000101ff6                insert
 .text          0x00000000001020d4      0x110 binaries/insertd.o
                0x00000000001020d4                insertd
 .text          0x00000000001021e4        0xa binaries/ioerr.o
                0x00000000001021e4                ioerr
 .text          0x00000000001021ee        0xa binaries/ionull.o
                0x00000000001021ee                ionull
 .text          0x00000000001021f8      0x1ff binaries/kill.o
                0x00000000001021f8                kill
 .text          0x00000000001023f7      0x138 binaries/kprintf.o
                0x00000000001023f7                kputc
                0x0000000000102482                kgetc
                0x0000000000102505                kprintf
 .text          0x000000000010252f      0x846 binaries/main.o
                0x000000000010252f                getmem_handler
                0x000000000010256a                freemem_handler
                0x0000000000102585                event35_handler
                0x00000000001025a6                event36_handler
                0x00000000001025c7                event33_handler
                0x00000000001025e8                receive_call
                0x000000000010260d                receive_call1
                0x0000000000102612                pr1_call
                0x0000000000102675                pr2_call
                0x00000000001026b2                pr3_call
                0x000000000010272a                pr4_call
                0x0000000000102767                pr5_call
                0x00000000001027ba                start_testcase_1
                0x0000000000102833                start_testcase_2
                0x00000000001028bb                start_testcase_9
                0x000000000010296c                start_testcase_3
                0x0000000000102a43                start_testcase_4
                0x0000000000102a7d                start_testcase_5
                0x0000000000102aae                start_testcase_6
                0x0000000000102adf                start_testcase_7
                0x0000000000102b75                start_testcase_8
                0x0000000000102c50                start_testcase_10
                0x0000000000102d40                main
 .text          0x0000000000102d75       0xb5 binaries/mark.o
                0x0000000000102d75                markinit
                0x0000000000102d99                mark
 .text          0x0000000000102e2a      0x2ca binaries/meminit.o
                0x0000000000102e2a                meminit
                0x0000000000103051                setsegs
 .text          0x00000000001030f4      0x174 binaries/mkbufpool.o
                0x00000000001030f4                mkbufpool
 .text          0x0000000000103268       0x94 binaries/newqueue.o
                0x0000000000103268                newqueue
 .text          0x00000000001032fc       0x7b binaries/open.o
                0x00000000001032fc                open
 .text          0x0000000000103377       0x20 binaries/panic.o
                0x0000000000103377                panic
 .text          0x0000000000103397      0x41a binaries/pci.o
                0x0000000000103397                pci_init
                0x0000000000103421                find_pci_device
                0x0000000000103507                pci_read_config_byte
                0x0000000000103565                pci_read_config_word
                0x00000000001035c5                pci_read_config_dword
                0x0000000000103623                pci_write_config_byte
                0x0000000000103685                pci_write_config_word
                0x00000000001036e9                pci_write_config_dword
                0x0000000000103745                pci_get_dev_mmio_base_addr
 .text          0x00000000001037b1       0xc9 binaries/platinit.o
                0x00000000001037b1                cpu_is_quark
                0x00000000001037ce                console_init
                0x0000000000103817                platinit
 .text          0x000000000010387a       0xf1 binaries/ptclear.o
                0x000000000010387a                _ptclear
 .text          0x000000000010396b       0x9d binaries/ptcount.o
                0x000000000010396b                ptcount
 .text          0x0000000000103a08      0x116 binaries/ptcreate.o
                0x0000000000103a08                ptcreate
 .text          0x0000000000103b1e       0x7f binaries/ptdelete.o
                0x0000000000103b1e                ptdelete
 .text          0x0000000000103b9d       0xbf binaries/ptinit.o
                0x0000000000103b9d                ptinit
 .text          0x0000000000103c5c      0x11b binaries/ptrecv.o
                0x0000000000103c5c                ptrecv
 .text          0x0000000000103d77       0x77 binaries/ptreset.o
                0x0000000000103d77                ptreset
 .text          0x0000000000103dee      0x13d binaries/ptsend.o
                0x0000000000103dee                ptsend
 .text          0x0000000000103f2b       0x80 binaries/putc.o
                0x0000000000103f2b                putc
 .text          0x0000000000103fab       0xcc binaries/quark_irq.o
                0x0000000000103fab                quark_irq_routing
 .text          0x0000000000104077      0x1e9 binaries/quark_pdat.o
                0x0000000000104077                get_quark_pdat_entry_data_by_id
                0x0000000000104166                get_quark_pdat_entry_data_by_desc
 .text          0x0000000000104260      0x111 binaries/queue.o
                0x0000000000104260                enqueue
                0x0000000000104304                dequeue
 .text          0x0000000000104371       0x7b binaries/read.o
                0x0000000000104371                read
 .text          0x00000000001043ec       0x7e binaries/ready.o
                0x00000000001043ec                ready
 .text          0x000000000010446a       0x62 binaries/receive.o
                0x000000000010446a                receive
 .text          0x00000000001044cc       0x5e binaries/recvclr.o
                0x00000000001044cc                recvclr
 .text          0x000000000010452a       0xbd binaries/recvtime.o
                0x000000000010452a                recvtime
 .text          0x00000000001045e7       0x73 binaries/regevent.o
                0x00000000001045e7                regevent
 .text          0x000000000010465a      0x242 binaries/resched.o
                0x000000000010465a                resched
                0x0000000000104827                resched_cntl
 .text          0x000000000010489c       0xb1 binaries/resume.o
                0x000000000010489c                resume
 .text          0x000000000010494d       0x79 binaries/seek.o
                0x000000000010494d                seek
 .text          0x00000000001049c6       0x70 binaries/semcount.o
                0x00000000001049c6                semcount
 .text          0x0000000000104a36       0xd6 binaries/semcreate.o
                0x0000000000104a36                semcreate
 .text          0x0000000000104b0c       0xcd binaries/semdelete.o
                0x0000000000104b0c                semdelete
 .text          0x0000000000104bd9       0xcb binaries/semreset.o
                0x0000000000104bd9                semreset
 .text          0x0000000000104ca4       0xed binaries/send.o
                0x0000000000104ca4                send
 .text          0x0000000000104d91      0x486 binaries/sendevent.o
                0x0000000000104d91                sendevent
                0x0000000000104f2d                sendreservedevent
                0x00000000001050c9                broadcastevent
 .text          0x0000000000105217       0xa8 binaries/signal.o
                0x0000000000105217                signal
 .text          0x00000000001052bf       0xd6 binaries/signaln.o
                0x00000000001052bf                signaln
 .text          0x0000000000105395       0xed binaries/sleep.o
                0x0000000000105395                sleep
                0x00000000001053e3                sleepms
 .text          0x0000000000105482      0x1a4 binaries/stacktrace.o
                0x0000000000105482                stacktrace
 .text          0x0000000000105626       0xe7 binaries/suspend.o
                0x0000000000105626                suspend
 .text          0x000000000010570d       0xe9 binaries/unsleep.o
                0x000000000010570d                unsleep
 .text          0x00000000001057f6       0x19 binaries/userret.o
                0x00000000001057f6                userret
 .text          0x000000000010580f       0xdd binaries/wait.o
                0x000000000010580f                wait
 .text          0x00000000001058ec       0x72 binaries/wakeup.o
                0x00000000001058ec                wakeup
 .text          0x000000000010595e       0x7b binaries/write.o
                0x000000000010595e                write
 .text          0x00000000001059d9       0x1d binaries/xdone.o
                0x00000000001059d9                xdone
 .text          0x00000000001059f6       0x28 binaries/yield.o
                0x00000000001059f6                yield
 .text          0x0000000000105a1e       0x11 binaries/abs.o
                0x0000000000105a1e                abs
 .text          0x0000000000105a2f       0x8f binaries/atoi.o
                0x0000000000105a2f                atoi
 .text          0x0000000000105abe       0x8f binaries/atol.o
                0x0000000000105abe                atol
 .text          0x0000000000105b4d       0x31 binaries/bzero.o
                0x0000000000105b4d                bzero
 .text          0x0000000000105b7e        0x0 binaries/ctype_.o
 .text          0x0000000000105b7e      0x8ed binaries/doprnt.o
                0x0000000000105b7e                _doprnt
 .text          0x000000000010646b      0x65c binaries/doscan.o
                0x000000000010646b                _doscan
 .text          0x0000000000106ac7      0x711 binaries/fdoprnt.o
                0x0000000000106ac7                _fdoprnt
 .text          0x00000000001071d8       0x29 binaries/fgetc.o
                0x00000000001071d8                fgetc
 .text          0x0000000000107201       0x75 binaries/fgets.o
                0x0000000000107201                fgets
 .text          0x0000000000107276       0x2a binaries/fprintf.o
                0x0000000000107276                fprintf
 .text          0x00000000001072a0       0x2c binaries/fputc.o
                0x00000000001072a0                fputc
 .text          0x00000000001072cc       0x43 binaries/fputs.o
                0x00000000001072cc                fputs
 .text          0x000000000010730f       0x8a binaries/fscanf.o
                0x000000000010730f                fscanf
 .text          0x0000000000107399       0x31 binaries/getchar.o
                0x0000000000107399                getchar
 .text          0x00000000001073ca       0x11 binaries/labs.o
                0x00000000001073ca                labs
 .text          0x00000000001073db        0x0 binaries/memchr.o
 .text          0x00000000001073db       0x51 binaries/memcmp.o
                0x00000000001073db                memcmp
 .text          0x000000000010742c       0x3f binaries/memcpy.o
                0x000000000010742c                memcpy
 .text          0x000000000010746b       0x30 binaries/memset.o
                0x000000000010746b                memset
 .text          0x000000000010749b       0x47 binaries/printf.o
                0x000000000010749b                printf
 .text          0x00000000001074e2       0x34 binaries/putchar.o
                0x00000000001074e2                putchar
 .text          0x0000000000107516      0x27e binaries/qsort.o
                0x0000000000107516                qsort
 .text          0x0000000000107794       0x63 binaries/rand.o
                0x0000000000107794                rand
                0x00000000001077ac                rand_r
                0x00000000001077ea                srand
 .text          0x00000000001077f7       0x66 binaries/sprintf.o
                0x00000000001077f7                sprintf
 .text          0x000000000010785d       0x70 binaries/sscanf.o
                0x000000000010785d                sscanf
 .text          0x00000000001078cd       0x3c binaries/strchr.o
                0x00000000001078cd                strchr
 .text          0x0000000000107909       0x45 binaries/strcmp.o
                0x0000000000107909                strcmp
 .text          0x000000000010794e       0x27 binaries/strcpy.o
                0x000000000010794e                strcpy
 .text          0x0000000000107975       0x26 binaries/strlen.o
                0x0000000000107975                strlen
 .text          0x000000000010799b       0x56 binaries/strncat.o
                0x000000000010799b                strncat
 .text          0x00000000001079f1       0x5f binaries/strncmp.o
                0x00000000001079f1                strncmp
 .text          0x0000000000107a50       0x4f binaries/strncpy.o
                0x0000000000107a50                strncpy
 .text          0x0000000000107a9f       0x2e binaries/strnlen.o
                0x0000000000107a9f                strnlen
 .text          0x0000000000107acd       0x45 binaries/strrchr.o
                0x0000000000107acd                strrchr
 .text          0x0000000000107b12       0x6d binaries/strstr.o
                0x0000000000107b12                strstr
 .text          0x0000000000107b7f       0xe4 binaries/ttycontrol.o
                0x0000000000107b7f                ttycontrol
 .text          0x0000000000107c63       0x97 binaries/ttygetc.o
                0x0000000000107c63                ttygetc
 .text          0x0000000000107cfa      0x6d1 binaries/ttyhandle_in.o
                0x0000000000107cfa                ttyhandle_in
 .text          0x00000000001083cb      0x183 binaries/ttyhandle_out.o
                0x00000000001083cb                ttyhandle_out
 .text          0x000000000010854e       0xb6 binaries/ttyhandler.o
                0x000000000010854e                ttyhandler
 .text          0x0000000000108604      0x1f1 binaries/ttyinit.o
                0x0000000000108604                ttyinit
 .text          0x00000000001087f5       0x10 binaries/ttykickout.o
                0x00000000001087f5                ttykickout
 .text          0x0000000000108805       0xb7 binaries/ttyputc.o
                0x0000000000108805                ttyputc
 .text          0x00000000001088bc      0x11b binaries/ttyread.o
                0x00000000001088bc                ttyread
 .text          0x00000000001089d7       0x4f binaries/ttywrite.o
                0x00000000001089d7                ttywrite
 .text          0x0000000000108a26      0x14b binaries/mount.o
                0x0000000000108a26                mount
                0x0000000000108b3b                namlen
 .text          0x0000000000108b71      0x1ea binaries/naminit.o
                0x0000000000108b71                naminit
 .text          0x0000000000108d5b      0x211 binaries/nammap.o
                0x0000000000108d5b                nammap
                0x0000000000108de6                namrepl
                0x0000000000108f1c                namcpy
 .text          0x0000000000108f6c       0x4e binaries/namopen.o
                0x0000000000108f6c                namopen
 .text          0x0000000000108fba       0x90 binaries/ethcontrol.o
                0x0000000000108fba                ethcontrol
 .text          0x000000000010904a      0x183 binaries/ethhandler.o
                0x000000000010904a                ethhandler
 .text          0x00000000001091cd      0x720 binaries/ethinit.o
                0x00000000001091cd                eth_phy_read
                0x0000000000109237                eth_phy_write
                0x00000000001092ab                eth_phy_reset
                0x00000000001093ef                ethinit
 .text          0x00000000001098ed      0x17c binaries/ethmcast.o
                0x00000000001098ed                ethmcast_add
                0x0000000000109969                ethmcast_remove
 .text          0x0000000000109a69      0x18b binaries/ethread.o
                0x0000000000109a69                ethread
 .text          0x0000000000109bf4       0xf5 binaries/ethwrite.o
                0x0000000000109bf4                ethwrite
 .text          0x0000000000109ce9      0x836 binaries/arp.o
                0x0000000000109ce9                arp_init
                0x0000000000109d1b                arp_resolve
                0x0000000000109fcf                arp_in
                0x000000000010a287                arp_alloc
                0x000000000010a347                arp_ntoh
                0x000000000010a433                arp_hton
 .text          0x000000000010a51f      0x8e3 binaries/dhcp.o
                0x000000000010a51f                dhcp_get_opt_val
                0x000000000010a578                dhcp_bld_bootp_msg
                0x000000000010a685                dhcp_bld_disc
                0x000000000010a76e                dhcp_bld_req
                0x000000000010a8e0                getlocalip
 .text          0x000000000010ae02      0x59f binaries/dns.o
                0x000000000010ae02                dnslookup
 .text          0x000000000010b3a1       0xe8 binaries/dot2ip.o
                0x000000000010b3a1                dot2ip
 .text          0x000000000010b489      0x4c4 binaries/hexdump.o
                0x000000000010b489                hexdump
                0x000000000010b630                hexadump
 .text          0x000000000010b94d      0x8a8 binaries/icmp.o
                0x000000000010b94d                icmp_init
                0x000000000010b984                icmp_in
                0x000000000010bb5a                icmp_register
                0x000000000010bc55                icmp_recv
                0x000000000010bde1                icmp_send
                0x000000000010be69                icmp_mkpkt
                0x000000000010bf83                icmp_release
                0x000000000010c081                icmp_cksum
                0x000000000010c10d                icmp_hton
                0x000000000010c181                icmp_ntoh
 .text          0x000000000010c1f5      0x8a5 binaries/ip.o
                0x000000000010c1f5                ip_in
                0x000000000010c379                ip_send
                0x000000000010c4d4                ip_local
                0x000000000010c520                ip_out
                0x000000000010c659                ipcksum
                0x000000000010c6df                ip_ntoh
                0x000000000010c7cb                ip_hton
                0x000000000010c8b7                ipout
                0x000000000010c9e6                ip_enqueue
 .text          0x000000000010ca9a      0x2cd binaries/net.o
                0x000000000010ca9a                net_init
                0x000000000010cbc2                netin
                0x000000000010cc7f                eth_hton
                0x000000000010cca9                eth_ntoh
                0x000000000010ccd3                getport
 .text          0x000000000010cd67     0x147f binaries/pdump.o
                0x000000000010cd67                pdump
                0x000000000010db24                pdumph
 .text          0x000000000010e1e6      0x4b7 binaries/tftp.o
                0x000000000010e1e6                tftp_send1
                0x000000000010e35e                tftpget
 .text          0x000000000010e69d      0xb82 binaries/udp.o
                0x000000000010e69d                udp_init
                0x000000000010e6d2                udp_in
                0x000000000010e814                udp_register
                0x000000000010e951                udp_recv
                0x000000000010eaed                udp_recvaddr
                0x000000000010eca1                udp_send
                0x000000000010ee89                udp_sendto
                0x000000000010f03a                udp_release
                0x000000000010f135                udp_ntoh
                0x000000000010f1aa                udp_hton
 .text          0x000000000010f21f      0x13b binaries/addargs.o
                0x000000000010f21f                addargs
 .text          0x000000000010f35a      0x2c9 binaries/lexan.o
                0x000000000010f35a                lexan
 .text          0x000000000010f623      0x665 binaries/shell.o
                0x000000000010f623                shell
 .text          0x000000000010fc88       0x69 binaries/xsh_argecho.o
                0x000000000010fc88                xsh_argecho
 .text          0x000000000010fcf1      0x275 binaries/xsh_arp.o
                0x000000000010fcf1                xsh_arp
 .text          0x000000000010ff66      0x26f binaries/xsh_cat.o
                0x000000000010ff66                xsh_cat
 .text          0x00000000001101d5       0x5e binaries/xsh_clear.o
                0x00000000001101d5                xsh_clear
 .text          0x0000000000110233      0x2f7 binaries/xsh_date.o
                0x0000000000110233                xsh_date
 .text          0x000000000011052a       0xae binaries/xsh_devdump.o
                0x000000000011052a                xsh_devdump
 .text          0x00000000001105d8       0x72 binaries/xsh_echo.o
                0x00000000001105d8                xsh_echo
 .text          0x000000000011064a        0xa binaries/xsh_exit.o
                0x000000000011064a                xsh_exit
 .text          0x0000000000110654      0x389 binaries/xsh_help.o
                0x0000000000110654                xsh_help
 .text          0x00000000001109dd      0x249 binaries/xsh_kill.o
                0x00000000001109dd                xsh_kill
 .text          0x0000000000110c26      0x545 binaries/xsh_memdump.o
                0x0000000000110c26                xsh_memdump
 .text          0x000000000011116b      0x2af binaries/xsh_memstat.o
                0x000000000011116b                xsh_memstat
 .text          0x000000000011141a      0x50d binaries/xsh_netinfo.o
                0x000000000011141a                xsh_netinfo
 .text          0x0000000000111927      0x48f binaries/xsh_ping.o
                0x0000000000111927                xsh_ping
 .text          0x0000000000111db6      0x227 binaries/xsh_ps.o
                0x0000000000111db6                xsh_ps
 .text          0x0000000000111fdd      0x225 binaries/xsh_sleep.o
                0x0000000000111fdd                xsh_sleep
 .text          0x0000000000112202      0x27a binaries/xsh_udpdump.o
                0x0000000000112202                xsh_udpdump
 .text          0x000000000011247c      0x4bf binaries/xsh_udpecho.o
                0x000000000011247c                xsh_udpecho
 .text          0x000000000011293b      0x2b0 binaries/xsh_udpserver.o
                0x000000000011293b                xsh_udpeserver
 .text          0x0000000000112beb      0x1f3 binaries/xsh_uptime.o
                0x0000000000112beb                xsh_uptime
 .text          0x0000000000112dde        0xe binaries/clkdisp.o
                0x0000000000112dde                clkdisp
 .text          0x0000000000112dec       0x19 binaries/ctxsw.o
                0x0000000000112dec                ctxsw
 .text          0x0000000000112e05      0x36b binaries/intr.o
                0x0000000000112e05                disable
                0x0000000000112e0e                restore
                0x0000000000112e1c                enable
                0x0000000000112e1e                pause
                0x0000000000112e25                halt
                0x0000000000112e2b                spurious_irq7
                0x0000000000112e30                spurious_irq15
                0x0000000000112e3f                _Xint0
                0x0000000000112e4a                _Xint1
                0x0000000000112e55                _Xint2
                0x0000000000112e60                _Xint3
                0x0000000000112e6b                _Xint4
                0x0000000000112e76                _Xint5
                0x0000000000112e81                _Xint6
                0x0000000000112e8c                _Xint7
                0x0000000000112e97                _Xint8
                0x0000000000112ea2                _Xint9
                0x0000000000112ead                _Xint10
                0x0000000000112eb8                _Xint11
                0x0000000000112ec6                _Xint12
                0x0000000000112ed4                _Xint13
                0x0000000000112ee2                _Xint14
                0x0000000000112ef0                _Xint15
                0x0000000000112efe                _Xint16
                0x0000000000112f0c                _Xint17
                0x0000000000112f1a                _Xint18
                0x0000000000112f28                _Xint19
                0x0000000000112f36                _Xint20
                0x0000000000112f44                _Xint21
                0x0000000000112f52                _Xint22
                0x0000000000112f60                _Xint23
                0x0000000000112f6e                _Xint24
                0x0000000000112f7c                _Xint25
                0x0000000000112f8a                _Xint26
                0x0000000000112f98                _Xint27
                0x0000000000112fa6                _Xint28
                0x0000000000112fb4                _Xint29
                0x0000000000112fc2                _Xint30
                0x0000000000112fd0                _Xint31
                0x0000000000112fde                _Xint32
                0x0000000000112fec                _Xint33
                0x0000000000112ffa                _Xint34
                0x0000000000113008                _Xint35
                0x0000000000113016                _Xint36
                0x0000000000113024                _Xint37
                0x0000000000113032                _Xint38
                0x0000000000113040                _Xint39
                0x000000000011304e                _Xint40
                0x000000000011305c                _Xint41
                0x000000000011306a                _Xint42
                0x0000000000113078                _Xint43
                0x0000000000113086                _Xint44
                0x0000000000113094                _Xint45
                0x00000000001130a2                _Xint46
                0x00000000001130b0                defevec
 .text          0x0000000000113170        0xf binaries/ttydispatch.o
                0x0000000000113170                ttydispatch
 .text          0x000000000011317f       0x13 binaries/ethdispatch.o
                0x000000000011317f                ethdispatch
 *(.rodata .rodata.*)
 *fill*         0x0000000000113192        0x2 
 .rodata        0x0000000000113194       0x8e binaries/ascdate.o
 .rodata        0x0000000000113222       0x21 binaries/conf.o
 *fill*         0x0000000000113243        0x1 
 .rodata        0x0000000000113244       0x83 binaries/early_imr.o
 *fill*         0x00000000001132c7        0x1 
 .rodata        0x00000000001132c8      0x231 binaries/evec.o
 *fill*         0x00000000001134f9        0x3 
 .rodata        0x00000000001134fc       0x61 binaries/getutime.o
 *fill*         0x000000000011355d        0x3 
 .rodata        0x0000000000113560      0x186 binaries/initialize.o
 *fill*         0x00000000001136e6        0x2 
 .rodata        0x00000000001136e8       0x20 binaries/kill.o
 .rodata        0x0000000000113708      0x313 binaries/main.o
 *fill*         0x0000000000113a1b        0x1 
 .rodata        0x0000000000113a1c       0x3e binaries/meminit.o
 .rodata        0x0000000000113a5a        0xf binaries/panic.o
 .rodata        0x0000000000113a69       0x1d binaries/ptinit.o
 *fill*         0x0000000000113a86        0x2 
 .rodata        0x0000000000113a88       0x25 binaries/ptsend.o
 .rodata        0x0000000000113aad       0x22 binaries/quark_pdat.o
 *fill*         0x0000000000113acf        0x1 
 .rodata        0x0000000000113ad0       0xb7 binaries/stacktrace.o
 *fill*         0x0000000000113b87        0x1 
 .rodata        0x0000000000113b88       0x27 binaries/xdone.o
 *fill*         0x0000000000113baf       0x11 
 .rodata        0x0000000000113bc0       0x81 binaries/ctype_.o
                0x0000000000113bc0                _ctype_
 *fill*         0x0000000000113c41        0x3 
 .rodata        0x0000000000113c44       0xee binaries/doprnt.o
 *fill*         0x0000000000113d32        0x2 
 .rodata        0x0000000000113d34       0x98 binaries/doscan.o
 .rodata        0x0000000000113dcc       0xae binaries/fdoprnt.o
 *fill*         0x0000000000113e7a        0x2 
 .rodata        0x0000000000113e7c       0x20 binaries/ttycontrol.o
 .rodata        0x0000000000113e9c       0x34 binaries/ttyhandler.o
 .rodata        0x0000000000113ed0       0x80 binaries/naminit.o
 .rodata        0x0000000000113f50       0x46 binaries/ethinit.o
 *fill*         0x0000000000113f96        0x2 
 .rodata        0x0000000000113f98       0x3a binaries/arp.o
 *fill*         0x0000000000113fd2        0x2 
 .rodata        0x0000000000113fd4       0xcf binaries/dhcp.o
 .rodata        0x00000000001140a3       0x1a binaries/dns.o
 *fill*         0x00000000001140bd        0x3 
 .rodata        0x00000000001140c0       0xc9 binaries/hexdump.o
 *fill*         0x0000000000114189        0x3 
 .rodata        0x000000000011418c       0x29 binaries/icmp.o
 *fill*         0x00000000001141b5        0x3 
 .rodata        0x00000000001141b8       0x6e binaries/ip.o
 *fill*         0x0000000000114226        0x2 
 .rodata        0x0000000000114228       0x4f binaries/net.o
 *fill*         0x0000000000114277        0x1 
 .rodata        0x0000000000114278      0x26f binaries/pdump.o
 *fill*         0x00000000001144e7        0x1 
 .rodata        0x00000000001144e8      0x10c binaries/tftp.o
 *fill*         0x00000000001145f4        0xc 
 .rodata        0x0000000000114600      0x3c1 binaries/shell.o
                0x0000000000114680                cmdtab
 .rodata        0x00000000001149c1       0x28 binaries/xsh_argecho.o
 *fill*         0x00000000001149e9        0x3 
 .rodata        0x00000000001149ec      0x123 binaries/xsh_arp.o
 *fill*         0x0000000000114b0f        0x1 
 .rodata        0x0000000000114b10       0xc9 binaries/xsh_cat.o
 .rodata        0x0000000000114bd9       0x19 binaries/xsh_clear.o
 *fill*         0x0000000000114bf2        0x2 
 .rodata        0x0000000000114bf4      0x1c3 binaries/xsh_date.o
 .rodata        0x0000000000114db7       0x5d binaries/xsh_devdump.o
 .rodata        0x0000000000114e14        0x9 binaries/xsh_echo.o
 *fill*         0x0000000000114e1d        0x3 
 .rodata        0x0000000000114e20      0x169 binaries/xsh_help.o
 *fill*         0x0000000000114f89        0x3 
 .rodata        0x0000000000114f8c      0x12e binaries/xsh_kill.o
 *fill*         0x00000000001150ba        0x2 
 .rodata        0x00000000001150bc      0x266 binaries/xsh_memdump.o
 *fill*         0x0000000000115322        0x2 
 .rodata        0x0000000000115324      0x225 binaries/xsh_memstat.o
 *fill*         0x0000000000115549        0x3 
 .rodata        0x000000000011554c      0x1b0 binaries/xsh_netinfo.o
 .rodata        0x00000000001156fc      0x1a1 binaries/xsh_ping.o
 *fill*         0x000000000011589d        0x3 
 .rodata        0x00000000001158a0      0x1e0 binaries/xsh_ps.o
 .rodata        0x0000000000115a80       0xeb binaries/xsh_sleep.o
 *fill*         0x0000000000115b6b        0x1 
 .rodata        0x0000000000115b6c      0x1b8 binaries/xsh_udpdump.o
 .rodata        0x0000000000115d24      0x215 binaries/xsh_udpecho.o
 *fill*         0x0000000000115f39        0x3 
 .rodata        0x0000000000115f3c      0x12b binaries/xsh_udpserver.o
 *fill*         0x0000000000116067        0x1 
 .rodata        0x0000000000116068      0x105 binaries/xsh_uptime.o
                0x000000000011616d                etext = ABSOLUTE (.)
                0x0000000000117000                . = ALIGN (0x1000)
 *fill*         0x000000000011616d      0xe93 

.eh_frame       0x0000000000117000     0x28b0
 .eh_frame      0x0000000000117000       0x38 binaries/ascdate.o
 .eh_frame      0x0000000000117038       0x20 binaries/bufinit.o
                                         0x38 (size before relaxing)
 .eh_frame      0x0000000000117058       0x20 binaries/chprio.o
                                         0x38 (size before relaxing)
 .eh_frame      0x0000000000117078       0x20 binaries/clkhandler.o
                                         0x38 (size before relaxing)
 .eh_frame      0x0000000000117098       0x20 binaries/clkinit.o
                                         0x38 (size before relaxing)
 .eh_frame      0x00000000001170b8       0x20 binaries/close.o
                                         0x38 (size before relaxing)
 .eh_frame      0x00000000001170d8       0x20 binaries/control.o
                                         0x38 (size before relaxing)
 .eh_frame      0x00000000001170f8       0x40 binaries/create.o
                                         0x58 (size before relaxing)
 .eh_frame      0x0000000000117138      0x104 binaries/early_imr.o
                                        0x11c (size before relaxing)
 .eh_frame      0x000000000011723c       0x80 binaries/evec.o
                                         0x98 (size before relaxing)
 .eh_frame      0x00000000001172bc       0x20 binaries/exit.o
                                         0x38 (size before relaxing)
 .eh_frame      0x00000000001172dc       0x20 binaries/freebuf.o
                                         0x38 (size before relaxing)
 .eh_frame      0x00000000001172fc       0x20 binaries/freemem.o
                                         0x38 (size before relaxing)
 .eh_frame      0x000000000011731c       0x20 binaries/getbuf.o
                                         0x38 (size before relaxing)
 .eh_frame      0x000000000011733c       0x20 binaries/getc.o
                                         0x38 (size before relaxing)
 .eh_frame      0x000000000011735c       0x20 binaries/getdev.o
                                         0x38 (size before relaxing)
 .eh_frame      0x000000000011737c       0x60 binaries/getitem.o
                                         0x78 (size before relaxing)
 .eh_frame      0x00000000001173dc       0x20 binaries/getmem.o
                                         0x38 (size before relaxing)
 .eh_frame      0x00000000001173fc       0x20 binaries/getpid.o
                                         0x38 (size before relaxing)
 .eh_frame      0x000000000011741c       0x20 binaries/getprio.o
                                         0x38 (size before relaxing)
 .eh_frame      0x000000000011743c       0x20 binaries/getstk.o
                                         0x38 (size before relaxing)
 .eh_frame      0x000000000011745c       0x20 binaries/getticks.o
                                         0x38 (size before relaxing)
 .eh_frame      0x000000000011747c       0x20 binaries/gettime.o
                                         0x38 (size before relaxing)
 .eh_frame      0x000000000011749c       0x20 binaries/getutime.o
                                         0x38 (size before relaxing)
 .eh_frame      0x00000000001174bc       0x20 binaries/init.o
                                         0x38 (size before relaxing)
 .eh_frame      0x00000000001174dc       0xa0 binaries/initialize.o
                                         0xb8 (size before relaxing)
 .eh_frame      0x000000000011757c       0x20 binaries/insert.o
                                         0x38 (size before relaxing)
 .eh_frame      0x000000000011759c       0x20 binaries/insertd.o
                                         0x38 (size before relaxing)
 .eh_frame      0x00000000001175bc       0x20 binaries/ioerr.o
                                         0x38 (size before relaxing)
 .eh_frame      0x00000000001175dc       0x20 binaries/ionull.o
                                         0x38 (size before relaxing)
 .eh_frame      0x00000000001175fc       0x20 binaries/kill.o
                                         0x38 (size before relaxing)
 .eh_frame      0x000000000011761c       0x60 binaries/kprintf.o
                                         0x78 (size before relaxing)
 .eh_frame      0x000000000011767c      0x2e8 binaries/main.o
                                        0x300 (size before relaxing)
 .eh_frame      0x0000000000117964       0x40 binaries/mark.o
                                         0x58 (size before relaxing)
 .eh_frame      0x00000000001179a4       0x44 binaries/meminit.o
                                         0x5c (size before relaxing)
 .eh_frame      0x00000000001179e8       0x20 binaries/mkbufpool.o
                                         0x38 (size before relaxing)
 .eh_frame      0x0000000000117a08       0x20 binaries/newqueue.o
                                         0x38 (size before relaxing)
 .eh_frame      0x0000000000117a28       0x20 binaries/open.o
                                         0x38 (size before relaxing)
 .eh_frame      0x0000000000117a48       0x1c binaries/panic.o
                                         0x34 (size before relaxing)
 .eh_frame      0x0000000000117a64      0x1c0 binaries/pci.o
                                        0x1d8 (size before relaxing)
 .eh_frame      0x0000000000117c24       0x60 binaries/platinit.o
                                         0x78 (size before relaxing)
 .eh_frame      0x0000000000117c84       0x20 binaries/ptclear.o
                                         0x38 (size before relaxing)
 .eh_frame      0x0000000000117ca4       0x20 binaries/ptcount.o
                                         0x38 (size before relaxing)
 .eh_frame      0x0000000000117cc4       0x20 binaries/ptcreate.o
                                         0x38 (size before relaxing)
 .eh_frame      0x0000000000117ce4       0x20 binaries/ptdelete.o
                                         0x38 (size before relaxing)
 .eh_frame      0x0000000000117d04       0x20 binaries/ptinit.o
                                         0x38 (size before relaxing)
 .eh_frame      0x0000000000117d24       0x20 binaries/ptrecv.o
                                         0x38 (size before relaxing)
 .eh_frame      0x0000000000117d44       0x20 binaries/ptreset.o
                                         0x38 (size before relaxing)
 .eh_frame      0x0000000000117d64       0x20 binaries/ptsend.o
                                         0x38 (size before relaxing)
 .eh_frame      0x0000000000117d84       0x20 binaries/putc.o
                                         0x38 (size before relaxing)
 .eh_frame      0x0000000000117da4       0x20 binaries/quark_irq.o
                                         0x38 (size before relaxing)
 .eh_frame      0x0000000000117dc4       0x40 binaries/quark_pdat.o
                                         0x58 (size before relaxing)
 .eh_frame      0x0000000000117e04       0x40 binaries/queue.o
                                         0x58 (size before relaxing)
 .eh_frame      0x0000000000117e44       0x20 binaries/read.o
                                         0x38 (size before relaxing)
 .eh_frame      0x0000000000117e64       0x24 binaries/ready.o
                                         0x3c (size before relaxing)
 .eh_frame      0x0000000000117e88       0x20 binaries/receive.o
                                         0x38 (size before relaxing)
 .eh_frame      0x0000000000117ea8       0x20 binaries/recvclr.o
                                         0x38 (size before relaxing)
 .eh_frame      0x0000000000117ec8       0x20 binaries/recvtime.o
                                         0x38 (size before relaxing)
 .eh_frame      0x0000000000117ee8       0x24 binaries/regevent.o
                                         0x3c (size before relaxing)
 .eh_frame      0x0000000000117f0c       0x44 binaries/resched.o
                                         0x5c (size before relaxing)
 .eh_frame      0x0000000000117f50       0x20 binaries/resume.o
                                         0x38 (size before relaxing)
 .eh_frame      0x0000000000117f70       0x20 binaries/seek.o
                                         0x38 (size before relaxing)
 .eh_frame      0x0000000000117f90       0x20 binaries/semcount.o
                                         0x38 (size before relaxing)
 .eh_frame      0x0000000000117fb0       0x40 binaries/semcreate.o
                                         0x58 (size before relaxing)
 .eh_frame      0x0000000000117ff0       0x20 binaries/semdelete.o
                                         0x38 (size before relaxing)
 .eh_frame      0x0000000000118010       0x20 binaries/semreset.o
                                         0x38 (size before relaxing)
 .eh_frame      0x0000000000118030       0x20 binaries/send.o
                                         0x38 (size before relaxing)
 .eh_frame      0x0000000000118050       0x6c binaries/sendevent.o
                                         0x84 (size before relaxing)
 .eh_frame      0x00000000001180bc       0x20 binaries/signal.o
                                         0x38 (size before relaxing)
 .eh_frame      0x00000000001180dc       0x20 binaries/signaln.o
                                         0x38 (size before relaxing)
 .eh_frame      0x00000000001180fc       0x40 binaries/sleep.o
                                         0x58 (size before relaxing)
 .eh_frame      0x000000000011813c       0x20 binaries/stacktrace.o
                                         0x38 (size before relaxing)
 .eh_frame      0x000000000011815c       0x20 binaries/suspend.o
                                         0x38 (size before relaxing)
 .eh_frame      0x000000000011817c       0x20 binaries/unsleep.o
                                         0x38 (size before relaxing)
 .eh_frame      0x000000000011819c       0x20 binaries/userret.o
                                         0x38 (size before relaxing)
 .eh_frame      0x00000000001181bc       0x20 binaries/wait.o
                                         0x38 (size before relaxing)
 .eh_frame      0x00000000001181dc       0x20 binaries/wakeup.o
                                         0x38 (size before relaxing)
 .eh_frame      0x00000000001181fc       0x20 binaries/write.o
                                         0x38 (size before relaxing)
 .eh_frame      0x000000000011821c       0x20 binaries/xdone.o
                                         0x38 (size before relaxing)
 .eh_frame      0x000000000011823c       0x20 binaries/yield.o
                                         0x38 (size before relaxing)
 .eh_frame      0x000000000011825c       0x20 binaries/abs.o
                                         0x38 (size before relaxing)
 .eh_frame      0x000000000011827c       0x20 binaries/atoi.o
                                         0x38 (size before relaxing)
 .eh_frame      0x000000000011829c       0x20 binaries/atol.o
                                         0x38 (size before relaxing)
 .eh_frame      0x00000000001182bc       0x20 binaries/bzero.o
                                         0x38 (size before relaxing)
 .eh_frame      0x00000000001182dc       0xe0 binaries/doprnt.o
                                         0xf8 (size before relaxing)
 .eh_frame      0x00000000001183bc       0xb0 binaries/doscan.o
                                         0xc8 (size before relaxing)
 .eh_frame      0x000000000011846c       0xc0 binaries/fdoprnt.o
                                         0xd8 (size before relaxing)
 .eh_frame      0x000000000011852c       0x20 binaries/fgetc.o
                                         0x38 (size before relaxing)
 .eh_frame      0x000000000011854c       0x20 binaries/fgets.o
                                         0x38 (size before relaxing)
 .eh_frame      0x000000000011856c       0x20 binaries/fprintf.o
                                         0x38 (size before relaxing)
 .eh_frame      0x000000000011858c       0x20 binaries/fputc.o
                                         0x38 (size before relaxing)
 .eh_frame      0x00000000001185ac       0x20 binaries/fputs.o
                                         0x38 (size before relaxing)
 .eh_frame      0x00000000001185cc       0x60 binaries/fscanf.o
                                         0x78 (size before relaxing)
 .eh_frame      0x000000000011862c       0x20 binaries/getchar.o
                                         0x38 (size before relaxing)
 .eh_frame      0x000000000011864c       0x20 binaries/labs.o
                                         0x38 (size before relaxing)
 .eh_frame      0x000000000011866c       0x20 binaries/memcmp.o
                                         0x38 (size before relaxing)
 .eh_frame      0x000000000011868c       0x24 binaries/memcpy.o
                                         0x3c (size before relaxing)
 .eh_frame      0x00000000001186b0       0x24 binaries/memset.o
                                         0x3c (size before relaxing)
 .eh_frame      0x00000000001186d4       0x20 binaries/printf.o
                                         0x38 (size before relaxing)
 .eh_frame      0x00000000001186f4       0x20 binaries/putchar.o
                                         0x38 (size before relaxing)
 .eh_frame      0x0000000000118714       0xa8 binaries/qsort.o
                                         0xc0 (size before relaxing)
 .eh_frame      0x00000000001187bc       0x60 binaries/rand.o
                                         0x78 (size before relaxing)
 .eh_frame      0x000000000011881c       0x40 binaries/sprintf.o
                                         0x58 (size before relaxing)
 .eh_frame      0x000000000011885c       0x60 binaries/sscanf.o
                                         0x78 (size before relaxing)
 .eh_frame      0x00000000001188bc       0x20 binaries/strchr.o
                                         0x38 (size before relaxing)
 .eh_frame      0x00000000001188dc       0x20 binaries/strcmp.o
                                         0x38 (size before relaxing)
 .eh_frame      0x00000000001188fc       0x20 binaries/strcpy.o
                                         0x38 (size before relaxing)
 .eh_frame      0x000000000011891c       0x20 binaries/strlen.o
                                         0x38 (size before relaxing)
 .eh_frame      0x000000000011893c       0x20 binaries/strncat.o
                                         0x38 (size before relaxing)
 .eh_frame      0x000000000011895c       0x20 binaries/strncmp.o
                                         0x38 (size before relaxing)
 .eh_frame      0x000000000011897c       0x28 binaries/strncpy.o
                                         0x40 (size before relaxing)
 .eh_frame      0x00000000001189a4       0x20 binaries/strnlen.o
                                         0x38 (size before relaxing)
 .eh_frame      0x00000000001189c4       0x20 binaries/strrchr.o
                                         0x38 (size before relaxing)
 .eh_frame      0x00000000001189e4       0x20 binaries/strstr.o
                                         0x38 (size before relaxing)
 .eh_frame      0x0000000000118a04       0x20 binaries/ttycontrol.o
                                         0x38 (size before relaxing)
 .eh_frame      0x0000000000118a24       0x20 binaries/ttygetc.o
                                         0x38 (size before relaxing)
 .eh_frame      0x0000000000118a44       0x80 binaries/ttyhandle_in.o
                                         0x98 (size before relaxing)
 .eh_frame      0x0000000000118ac4       0x20 binaries/ttyhandle_out.o
                                         0x38 (size before relaxing)
 .eh_frame      0x0000000000118ae4       0x20 binaries/ttyhandler.o
                                         0x38 (size before relaxing)
 .eh_frame      0x0000000000118b04       0x20 binaries/ttyinit.o
                                         0x38 (size before relaxing)
 .eh_frame      0x0000000000118b24       0x20 binaries/ttykickout.o
                                         0x38 (size before relaxing)
 .eh_frame      0x0000000000118b44       0x20 binaries/ttyputc.o
                                         0x38 (size before relaxing)
 .eh_frame      0x0000000000118b64       0x24 binaries/ttyread.o
                                         0x3c (size before relaxing)
 .eh_frame      0x0000000000118b88       0x20 binaries/ttywrite.o
                                         0x38 (size before relaxing)
 .eh_frame      0x0000000000118ba8       0x40 binaries/mount.o
                                         0x58 (size before relaxing)
 .eh_frame      0x0000000000118be8       0x20 binaries/naminit.o
                                         0x38 (size before relaxing)
 .eh_frame      0x0000000000118c08       0x60 binaries/nammap.o
                                         0x78 (size before relaxing)
 .eh_frame      0x0000000000118c68       0x20 binaries/namopen.o
                                         0x38 (size before relaxing)
 .eh_frame      0x0000000000118c88       0x20 binaries/ethcontrol.o
                                         0x38 (size before relaxing)
 .eh_frame      0x0000000000118ca8       0x20 binaries/ethhandler.o
                                         0x38 (size before relaxing)
 .eh_frame      0x0000000000118cc8       0x9c binaries/ethinit.o
                                         0xb4 (size before relaxing)
 .eh_frame      0x0000000000118d64       0x40 binaries/ethmcast.o
                                         0x58 (size before relaxing)
 .eh_frame      0x0000000000118da4       0x20 binaries/ethread.o
                                         0x38 (size before relaxing)
 .eh_frame      0x0000000000118dc4       0x20 binaries/ethwrite.o
                                         0x38 (size before relaxing)
 .eh_frame      0x0000000000118de4       0xc0 binaries/arp.o
                                         0xd8 (size before relaxing)
 .eh_frame      0x0000000000118ea4       0xa0 binaries/dhcp.o
                                         0xb8 (size before relaxing)
 .eh_frame      0x0000000000118f44       0x80 binaries/dns.o
                                         0x98 (size before relaxing)
 .eh_frame      0x0000000000118fc4       0x20 binaries/dot2ip.o
                                         0x38 (size before relaxing)
 .eh_frame      0x0000000000118fe4       0x40 binaries/hexdump.o
                                         0x58 (size before relaxing)
 .eh_frame      0x0000000000119024      0x14c binaries/icmp.o
                                        0x164 (size before relaxing)
 .eh_frame      0x0000000000119170      0x11c binaries/ip.o
                                        0x134 (size before relaxing)
 .eh_frame      0x000000000011928c       0xa0 binaries/net.o
                                         0xb8 (size before relaxing)
 .eh_frame      0x000000000011932c       0x60 binaries/pdump.o
                                         0x78 (size before relaxing)
 .eh_frame      0x000000000011938c       0x4c binaries/tftp.o
                                         0x64 (size before relaxing)
 .eh_frame      0x00000000001193d8      0x140 binaries/udp.o
                                        0x158 (size before relaxing)
 .eh_frame      0x0000000000119518       0x20 binaries/addargs.o
                                         0x38 (size before relaxing)
 .eh_frame      0x0000000000119538       0x20 binaries/lexan.o
                                         0x38 (size before relaxing)
 .eh_frame      0x0000000000119558       0x20 binaries/shell.o
                                         0x38 (size before relaxing)
 .eh_frame      0x0000000000119578       0x20 binaries/xsh_argecho.o
                                         0x38 (size before relaxing)
 .eh_frame      0x0000000000119598       0x40 binaries/xsh_arp.o
                                         0x58 (size before relaxing)
 .eh_frame      0x00000000001195d8       0x20 binaries/xsh_cat.o
                                         0x38 (size before relaxing)
 .eh_frame      0x00000000001195f8       0x20 binaries/xsh_clear.o
                                         0x38 (size before relaxing)
 .eh_frame      0x0000000000119618       0x20 binaries/xsh_date.o
                                         0x38 (size before relaxing)
 .eh_frame      0x0000000000119638       0x20 binaries/xsh_devdump.o
                                         0x38 (size before relaxing)
 .eh_frame      0x0000000000119658       0x20 binaries/xsh_echo.o
                                         0x38 (size before relaxing)
 .eh_frame      0x0000000000119678       0x20 binaries/xsh_exit.o
                                         0x38 (size before relaxing)
 .eh_frame      0x0000000000119698       0x20 binaries/xsh_help.o
                                         0x38 (size before relaxing)
 .eh_frame      0x00000000001196b8       0x20 binaries/xsh_kill.o
                                         0x38 (size before relaxing)
 .eh_frame      0x00000000001196d8       0x40 binaries/xsh_memdump.o
                                         0x58 (size before relaxing)
 .eh_frame      0x0000000000119718       0x60 binaries/xsh_memstat.o
                                         0x78 (size before relaxing)
 .eh_frame      0x0000000000119778       0x30 binaries/xsh_netinfo.o
                                         0x48 (size before relaxing)
 .eh_frame      0x00000000001197a8       0x24 binaries/xsh_ping.o
                                         0x3c (size before relaxing)
 .eh_frame      0x00000000001197cc       0x30 binaries/xsh_ps.o
                                         0x48 (size before relaxing)
 .eh_frame      0x00000000001197fc       0x20 binaries/xsh_sleep.o
                                         0x38 (size before relaxing)
 .eh_frame      0x000000000011981c       0x20 binaries/xsh_udpdump.o
                                         0x38 (size before relaxing)
 .eh_frame      0x000000000011983c       0x30 binaries/xsh_udpecho.o
                                         0x48 (size before relaxing)
 .eh_frame      0x000000000011986c       0x24 binaries/xsh_udpserver.o
                                         0x3c (size before relaxing)
 .eh_frame      0x0000000000119890       0x20 binaries/xsh_uptime.o
                                         0x38 (size before relaxing)

.iplt           0x00000000001198b0        0x0
 .iplt          0x00000000001198b0        0x0 binaries/start.o

.rel.dyn        0x00000000001198b0        0x0
 .rel.iplt      0x00000000001198b0        0x0 binaries/start.o
 .rel.text      0x00000000001198b0        0x0 binaries/start.o
 .rel.data      0x00000000001198b0        0x0 binaries/start.o
 .rel.rodata    0x00000000001198b0        0x0 binaries/start.o

.data           0x00000000001198c0     0x1740
                0x00000000001198c0                data = ABSOLUTE (.)
 *(.data .data.*)
 .data          0x00000000001198c0      0x83a binaries/start.o
                0x00000000001198c0                gdt
                0x00000000001198f0                idt
                0x000000000011a0f6                cpudelay
 *fill*         0x000000000011a0fa        0x6 
 .data          0x000000000011a100       0x88 binaries/ascdate.o
                0x000000000011a100                Date
 .data          0x000000000011a188        0x0 binaries/bufinit.o
 .data          0x000000000011a188        0x0 binaries/chprio.o
 .data          0x000000000011a188        0x4 binaries/clkhandler.o
 .data          0x000000000011a18c        0x0 binaries/clkinit.o
 .data          0x000000000011a18c        0x0 binaries/close.o
 *fill*         0x000000000011a18c       0x14 
 .data          0x000000000011a1a0       0xf0 binaries/conf.o
                0x000000000011a1a0                devtab
 .data          0x000000000011a290        0x0 binaries/control.o
 .data          0x000000000011a290        0x4 binaries/create.o
 .data          0x000000000011a294        0x0 binaries/early_imr.o
 *fill*         0x000000000011a294        0xc 
 .data          0x000000000011a2a0       0x40 binaries/evec.o
                0x000000000011a2a0                inames
 .data          0x000000000011a2e0        0x0 binaries/exit.o
 .data          0x000000000011a2e0        0x0 binaries/freebuf.o
 .data          0x000000000011a2e0        0x0 binaries/freemem.o
 .data          0x000000000011a2e0        0x0 binaries/getbuf.o
 .data          0x000000000011a2e0        0x0 binaries/getc.o
 .data          0x000000000011a2e0        0x0 binaries/getdev.o
 .data          0x000000000011a2e0        0x0 binaries/getitem.o
 .data          0x000000000011a2e0        0x0 binaries/getmem.o
 .data          0x000000000011a2e0        0x0 binaries/getpid.o
 .data          0x000000000011a2e0        0x0 binaries/getprio.o
 .data          0x000000000011a2e0        0x0 binaries/getstk.o
 .data          0x000000000011a2e0        0x0 binaries/getticks.o
 .data          0x000000000011a2e0        0x0 binaries/gettime.o
 .data          0x000000000011a2e0        0x0 binaries/getutime.o
 .data          0x000000000011a2e0        0x0 binaries/init.o
 .data          0x000000000011a2e0        0x0 binaries/initialize.o
 .data          0x000000000011a2e0        0x0 binaries/insert.o
 .data          0x000000000011a2e0        0x0 binaries/insertd.o
 .data          0x000000000011a2e0        0x0 binaries/ioerr.o
 .data          0x000000000011a2e0        0x0 binaries/ionull.o
 .data          0x000000000011a2e0        0x0 binaries/kill.o
 .data          0x000000000011a2e0        0x0 binaries/kprintf.o
 .data          0x000000000011a2e0        0x0 binaries/main.o
 .data          0x000000000011a2e0        0x0 binaries/mark.o
 .data          0x000000000011a2e0       0x40 binaries/meminit.o
                0x000000000011a2e0                bootsign
                0x000000000011a2e4                bootinfo
                0x000000000011a300                gdt_copy
 .data          0x000000000011a320        0x0 binaries/mkbufpool.o
 .data          0x000000000011a320        0x2 binaries/newqueue.o
 .data          0x000000000011a322        0x0 binaries/open.o
 .data          0x000000000011a322        0x0 binaries/panic.o
 .data          0x000000000011a322        0x0 binaries/pci.o
 .data          0x000000000011a322        0x0 binaries/platinit.o
 .data          0x000000000011a322        0x0 binaries/ptclear.o
 .data          0x000000000011a322        0x0 binaries/ptcount.o
 .data          0x000000000011a322        0x0 binaries/ptcreate.o
 .data          0x000000000011a322        0x0 binaries/ptdelete.o
 .data          0x000000000011a322        0x0 binaries/ptinit.o
 .data          0x000000000011a322        0x0 binaries/ptrecv.o
 .data          0x000000000011a322        0x0 binaries/ptreset.o
 .data          0x000000000011a322        0x0 binaries/ptsend.o
 .data          0x000000000011a322        0x0 binaries/putc.o
 .data          0x000000000011a322        0x0 binaries/quark_irq.o
 .data          0x000000000011a322        0x0 binaries/quark_pdat.o
 .data          0x000000000011a322        0x0 binaries/queue.o
 .data          0x000000000011a322        0x0 binaries/read.o
 .data          0x000000000011a322        0x0 binaries/ready.o
 .data          0x000000000011a322        0x0 binaries/receive.o
 .data          0x000000000011a322        0x0 binaries/recvclr.o
 .data          0x000000000011a322        0x0 binaries/recvtime.o
 .data          0x000000000011a322        0x0 binaries/regevent.o
 .data          0x000000000011a322        0x0 binaries/resched.o
 .data          0x000000000011a322        0x0 binaries/resume.o
 .data          0x000000000011a322        0x0 binaries/seek.o
 .data          0x000000000011a322        0x0 binaries/semcount.o
 .data          0x000000000011a322        0x0 binaries/semcreate.o
 .data          0x000000000011a322        0x0 binaries/semdelete.o
 .data          0x000000000011a322        0x0 binaries/semreset.o
 .data          0x000000000011a322        0x0 binaries/send.o
 .data          0x000000000011a322        0x0 binaries/sendevent.o
 .data          0x000000000011a322        0x0 binaries/signal.o
 .data          0x000000000011a322        0x0 binaries/signaln.o
 .data          0x000000000011a322        0x0 binaries/sleep.o
 .data          0x000000000011a322        0x0 binaries/stacktrace.o
 .data          0x000000000011a322        0x0 binaries/suspend.o
 .data          0x000000000011a322        0x0 binaries/unsleep.o
 .data          0x000000000011a322        0x0 binaries/userret.o
 .data          0x000000000011a322        0x0 binaries/wait.o
 .data          0x000000000011a322        0x0 binaries/wakeup.o
 .data          0x000000000011a322        0x0 binaries/write.o
 .data          0x000000000011a322        0x0 binaries/xdone.o
 .data          0x000000000011a322        0x0 binaries/yield.o
 .data          0x000000000011a322        0x0 binaries/abs.o
 .data          0x000000000011a322        0x0 binaries/atoi.o
 .data          0x000000000011a322        0x0 binaries/atol.o
 .data          0x000000000011a322        0x0 binaries/bzero.o
 .data          0x000000000011a322        0x0 binaries/ctype_.o
 .data          0x000000000011a322        0x0 binaries/doprnt.o
 *fill*         0x000000000011a322       0x1e 
 .data          0x000000000011a340       0x80 binaries/doscan.o
                0x000000000011a340                _sctab
 .data          0x000000000011a3c0        0x0 binaries/fdoprnt.o
 .data          0x000000000011a3c0        0x0 binaries/fgetc.o
 .data          0x000000000011a3c0        0x0 binaries/fgets.o
 .data          0x000000000011a3c0        0x0 binaries/fprintf.o
 .data          0x000000000011a3c0        0x0 binaries/fputc.o
 .data          0x000000000011a3c0        0x0 binaries/fputs.o
 .data          0x000000000011a3c0        0x0 binaries/fscanf.o
 .data          0x000000000011a3c0        0x0 binaries/getchar.o
 .data          0x000000000011a3c0        0x0 binaries/labs.o
 .data          0x000000000011a3c0        0x0 binaries/memchr.o
 .data          0x000000000011a3c0        0x0 binaries/memcmp.o
 .data          0x000000000011a3c0        0x0 binaries/memcpy.o
 .data          0x000000000011a3c0        0x0 binaries/memset.o
 .data          0x000000000011a3c0        0x0 binaries/printf.o
 .data          0x000000000011a3c0        0x0 binaries/putchar.o
 .data          0x000000000011a3c0        0x0 binaries/qsort.o
 .data          0x000000000011a3c0        0x4 binaries/rand.o
 .data          0x000000000011a3c4        0x0 binaries/sprintf.o
 .data          0x000000000011a3c4        0x0 binaries/sscanf.o
 .data          0x000000000011a3c4        0x0 binaries/strchr.o
 .data          0x000000000011a3c4        0x0 binaries/strcmp.o
 .data          0x000000000011a3c4        0x0 binaries/strcpy.o
 .data          0x000000000011a3c4        0x0 binaries/strlen.o
 .data          0x000000000011a3c4        0x0 binaries/strncat.o
 .data          0x000000000011a3c4        0x0 binaries/strncmp.o
 .data          0x000000000011a3c4        0x0 binaries/strncpy.o
 .data          0x000000000011a3c4        0x0 binaries/strnlen.o
 .data          0x000000000011a3c4        0x0 binaries/strrchr.o
 .data          0x000000000011a3c4        0x0 binaries/strstr.o
 .data          0x000000000011a3c4        0x0 binaries/ttycontrol.o
 .data          0x000000000011a3c4        0x0 binaries/ttygetc.o
 .data          0x000000000011a3c4        0x0 binaries/ttyhandle_in.o
 .data          0x000000000011a3c4        0x0 binaries/ttyhandle_out.o
 .data          0x000000000011a3c4        0x0 binaries/ttyhandler.o
 .data          0x000000000011a3c4        0x0 binaries/ttyinit.o
 .data          0x000000000011a3c4        0x0 binaries/ttykickout.o
 .data          0x000000000011a3c4        0x0 binaries/ttyputc.o
 .data          0x000000000011a3c4        0x0 binaries/ttyread.o
 .data          0x000000000011a3c4        0x0 binaries/ttywrite.o
 .data          0x000000000011a3c4        0x0 binaries/mount.o
 .data          0x000000000011a3c4        0x0 binaries/naminit.o
 .data          0x000000000011a3c4        0x0 binaries/nammap.o
 .data          0x000000000011a3c4        0x0 binaries/namopen.o
 .data          0x000000000011a3c4        0x0 binaries/ethcontrol.o
 .data          0x000000000011a3c4        0x0 binaries/ethhandler.o
 .data          0x000000000011a3c4        0x0 binaries/ethinit.o
 .data          0x000000000011a3c4        0x0 binaries/ethmcast.o
 .data          0x000000000011a3c4        0x0 binaries/ethread.o
 .data          0x000000000011a3c4        0x0 binaries/ethwrite.o
 .data          0x000000000011a3c4        0x0 binaries/arp.o
 .data          0x000000000011a3c4        0x0 binaries/dhcp.o
 .data          0x000000000011a3c4        0x0 binaries/dns.o
 .data          0x000000000011a3c4        0x0 binaries/dot2ip.o
 .data          0x000000000011a3c4        0x0 binaries/hexdump.o
 .data          0x000000000011a3c4        0x4 binaries/icmp.o
 .data          0x000000000011a3c8        0x0 binaries/ip.o
 .data          0x000000000011a3c8        0x0 binaries/net.o
 .data          0x000000000011a3c8        0x0 binaries/pdump.o
 .data          0x000000000011a3c8        0x0 binaries/tftp.o
 .data          0x000000000011a3c8        0x4 binaries/udp.o
 .data          0x000000000011a3cc        0x0 binaries/addargs.o
 .data          0x000000000011a3cc        0x0 binaries/lexan.o
 .data          0x000000000011a3cc        0x4 binaries/shell.o
                0x000000000011a3cc                ncmd
 .data          0x000000000011a3d0        0x0 binaries/xsh_argecho.o
 .data          0x000000000011a3d0        0x0 binaries/xsh_arp.o
 .data          0x000000000011a3d0        0x0 binaries/xsh_cat.o
 .data          0x000000000011a3d0        0x0 binaries/xsh_clear.o
 .data          0x000000000011a3d0        0x0 binaries/xsh_date.o
 .data          0x000000000011a3d0        0x0 binaries/xsh_devdump.o
 .data          0x000000000011a3d0        0x0 binaries/xsh_echo.o
 .data          0x000000000011a3d0        0x0 binaries/xsh_exit.o
 .data          0x000000000011a3d0        0x0 binaries/xsh_help.o
 .data          0x000000000011a3d0        0x0 binaries/xsh_kill.o
 .data          0x000000000011a3d0        0x0 binaries/xsh_memdump.o
 .data          0x000000000011a3d0        0x0 binaries/xsh_memstat.o
 .data          0x000000000011a3d0        0x0 binaries/xsh_netinfo.o
 .data          0x000000000011a3d0        0x0 binaries/xsh_ping.o
 .data          0x000000000011a3d0        0x0 binaries/xsh_ps.o
 .data          0x000000000011a3d0        0x0 binaries/xsh_sleep.o
 .data          0x000000000011a3d0        0x0 binaries/xsh_udpdump.o
 .data          0x000000000011a3d0        0x0 binaries/xsh_udpecho.o
 .data          0x000000000011a3d0        0x0 binaries/xsh_udpserver.o
 .data          0x000000000011a3d0        0x0 binaries/xsh_uptime.o
 .data          0x000000000011a3d0        0x0 binaries/clkdisp.o
 .data          0x000000000011a3d0        0x0 binaries/ctxsw.o
 .data          0x000000000011a3d0        0x0 binaries/intr.o
 .data          0x000000000011a3d0        0x0 binaries/ttydispatch.o
 .data          0x000000000011a3d0        0x0 binaries/ethdispatch.o
                0x000000000011a3d0                edata = ABSOLUTE (.)
                0x000000000011b000                . = ALIGN (0x1000)
 *fill*         0x000000000011a3d0      0xc30 

.igot.plt       0x000000000011b000        0x0
 .igot.plt      0x000000000011b000        0x0 binaries/start.o

.bss            0x000000000011b000    0x12000
                0x000000000011b000                bss = ABSOLUTE (.)
 *(.bss .bss.*)
 .bss           0x000000000011b000        0x0 binaries/start.o
 .bss           0x000000000011b000        0x0 binaries/ascdate.o
 .bss           0x000000000011b000        0x0 binaries/bufinit.o
 .bss           0x000000000011b000        0x0 binaries/chprio.o
 .bss           0x000000000011b000        0x0 binaries/clkhandler.o
 .bss           0x000000000011b000        0x4 binaries/clkinit.o
                0x000000000011b000                ctr1000
 .bss           0x000000000011b004        0x0 binaries/close.o
 .bss           0x000000000011b004        0x0 binaries/conf.o
 .bss           0x000000000011b004        0x0 binaries/control.o
 .bss           0x000000000011b004        0x0 binaries/create.o
 .bss           0x000000000011b004        0x4 binaries/early_imr.o
 .bss           0x000000000011b008        0x0 binaries/evec.o
 .bss           0x000000000011b008        0x0 binaries/exit.o
 .bss           0x000000000011b008        0x0 binaries/freebuf.o
 .bss           0x000000000011b008        0x0 binaries/freemem.o
 .bss           0x000000000011b008        0x0 binaries/getbuf.o
 .bss           0x000000000011b008        0x0 binaries/getc.o
 .bss           0x000000000011b008        0x0 binaries/getdev.o
 .bss           0x000000000011b008        0x0 binaries/getitem.o
 .bss           0x000000000011b008        0x0 binaries/getmem.o
 .bss           0x000000000011b008        0x0 binaries/getpid.o
 .bss           0x000000000011b008        0x0 binaries/getprio.o
 .bss           0x000000000011b008        0x0 binaries/getstk.o
 .bss           0x000000000011b008        0x0 binaries/getticks.o
 .bss           0x000000000011b008        0x0 binaries/gettime.o
 .bss           0x000000000011b008        0x0 binaries/getutime.o
 .bss           0x000000000011b008        0x0 binaries/init.o
 .bss           0x000000000011b008        0x0 binaries/initialize.o
 .bss           0x000000000011b008        0x0 binaries/insert.o
 .bss           0x000000000011b008        0x0 binaries/insertd.o
 .bss           0x000000000011b008        0x0 binaries/ioerr.o
 .bss           0x000000000011b008        0x0 binaries/ionull.o
 .bss           0x000000000011b008        0x0 binaries/kill.o
 .bss           0x000000000011b008        0x0 binaries/kprintf.o
 .bss           0x000000000011b008        0x0 binaries/main.o
 .bss           0x000000000011b008        0x0 binaries/mark.o
 .bss           0x000000000011b008        0x0 binaries/meminit.o
 .bss           0x000000000011b008        0x0 binaries/mkbufpool.o
 .bss           0x000000000011b008        0x0 binaries/newqueue.o
 .bss           0x000000000011b008        0x0 binaries/open.o
 .bss           0x000000000011b008        0x0 binaries/panic.o
 .bss           0x000000000011b008        0x0 binaries/pci.o
 .bss           0x000000000011b008        0x0 binaries/platinit.o
 .bss           0x000000000011b008        0x0 binaries/ptclear.o
 .bss           0x000000000011b008        0x0 binaries/ptcount.o
 .bss           0x000000000011b008        0x0 binaries/ptcreate.o
 .bss           0x000000000011b008        0x0 binaries/ptdelete.o
 .bss           0x000000000011b008        0x0 binaries/ptinit.o
 .bss           0x000000000011b008        0x0 binaries/ptrecv.o
 .bss           0x000000000011b008        0x0 binaries/ptreset.o
 .bss           0x000000000011b008        0x0 binaries/ptsend.o
 .bss           0x000000000011b008        0x0 binaries/putc.o
 .bss           0x000000000011b008        0x0 binaries/quark_irq.o
 .bss           0x000000000011b008        0x0 binaries/quark_pdat.o
 .bss           0x000000000011b008        0x0 binaries/queue.o
 .bss           0x000000000011b008        0x0 binaries/read.o
 .bss           0x000000000011b008        0x0 binaries/ready.o
 .bss           0x000000000011b008        0x0 binaries/receive.o
 .bss           0x000000000011b008        0x0 binaries/recvclr.o
 .bss           0x000000000011b008        0x0 binaries/recvtime.o
 .bss           0x000000000011b008        0x0 binaries/regevent.o
 .bss           0x000000000011b008        0x0 binaries/resched.o
 .bss           0x000000000011b008        0x0 binaries/resume.o
 .bss           0x000000000011b008        0x0 binaries/seek.o
 .bss           0x000000000011b008        0x0 binaries/semcount.o
 .bss           0x000000000011b008        0x4 binaries/semcreate.o
 .bss           0x000000000011b00c        0x0 binaries/semdelete.o
 .bss           0x000000000011b00c        0x0 binaries/semreset.o
[...]
 .comment       0x000000000000002a       0x2b binaries/yield.o
 .comment       0x000000000000002a       0x2b binaries/abs.o
 .comment       0x000000000000002a       0x2b binaries/atoi.o
 .comment       0x000000000000002a       0x2b binaries/atol.o
 .comment       0x000000000000002a       0x2b binaries/bzero.o
 .comment       0x000000000000002a       0x2b binaries/ctype_.o
 .comment       0x000000000000002a       0x2b binaries/doprnt.o
 .comment       0x000000000000002a       0x2b binaries/doscan.o
 .comment       0x000000000000002a       0x2b binaries/fdoprnt.o
 .comment       0x000000000000002a       0x2b binaries/fgetc.o
 .comment       0x000000000000002a       0x2b binaries/fgets.o
 .comment       0x000000000000002a       0x2b binaries/fprintf.o
 .comment       0x000000000000002a       0x2b binaries/fputc.o
 .comment       0x000000000000002a       0x2b binaries/fputs.o
 .comment       0x000000000000002a       0x2b binaries/fscanf.o
 .comment       0x000000000000002a       0x2b binaries/getchar.o
 .comment       0x000000000000002a       0x2b binaries/labs.o
 .comment       0x000000000000002a       0x2b binaries/memchr.o
 .comment       0x000000000000002a       0x2b binaries/memcmp.o
 .comment       0x000000000000002a       0x2b binaries/memcpy.o
 .comment       0x000000000000002a       0x2b binaries/memset.o
 .comment       0x000000000000002a       0x2b binaries/printf.o
 .comment       0x000000000000002a       0x2b binaries/putchar.o
 .comment       0x000000000000002a       0x2b binaries/qsort.o
 .comment       0x000000000000002a       0x2b binaries/rand.o
 .comment       0x000000000000002a       0x2b binaries/sprintf.o
 .comment       0x000000000000002a       0x2b binaries/sscanf.o
 .comment       0x000000000000002a       0x2b binaries/strchr.o
 .comment       0x000000000000002a       0x2b binaries/strcmp.o
 .comment       0x000000000000002a       0x2b binaries/strcpy.o
 .comment       0x000000000000002a       0x2b binaries/strlen.o
 .comment       0x000000000000002a       0x2b binaries/strncat.o
 .comment       0x000000000000002a       0x2b binaries/strncmp.o
 .comment       0x000000000000002a       0x2b binaries/strncpy.o
 .comment       0x000000000000002a       0x2b binaries/strnlen.o
 .comment       0x000000000000002a       0x2b binaries/strrchr.o
 .comment       0x000000000000002a       0x2b binaries/strstr.o
 .comment       0x000000000000002a       0x2b binaries/ttycontrol.o
 .comment       0x000000000000002a       0x2b binaries/ttygetc.o
 .comment       0x000000000000002a       0x2b binaries/ttyhandle_in.o
 .comment       0x000000000000002a       0x2b binaries/ttyhandle_out.o
 .comment       0x000000000000002a       0x2b binaries/ttyhandler.o
 .comment       0x000000000000002a       0x2b binaries/ttyinit.o
 .comment       0x000000000000002a       0x2b binaries/ttykickout.o
 .comment       0x000000000000002a       0x2b binaries/ttyputc.o
 .comment       0x000000000000002a       0x2b binaries/ttyread.o
 .comment       0x000000000000002a       0x2b binaries/ttywrite.o
 .comment       0x000000000000002a       0x2b binaries/mount.o
 .comment       0x000000000000002a       0x2b binaries/naminit.o
 .comment       0x000000000000002a       0x2b binaries/nammap.o
 .comment       0x000000000000002a       0x2b binaries/namopen.o
 .comment       0x000000000000002a       0x2b binaries/ethcontrol.o
 .comment       0x000000000000002a       0x2b binaries/ethhandler.o
 .comment       0x000000000000002a       0x2b binaries/ethinit.o
 .comment       0x000000000000002a       0x2b binaries/ethmcast.o
 .comment       0x000000000000002a       0x2b binaries/ethread.o
 .comment       0x000000000000002a       0x2b binaries/ethwrite.o
 .comment       0x000000000000002a       0x2b binaries/arp.o
 .comment       0x000000000000002a       0x2b binaries/dhcp.o
 .comment       0x000000000000002a       0x2b binaries/dns.o
 .comment       0x000000000000002a       0x2b binaries/dot2ip.o
 .comment       0x000000000000002a       0x2b binaries/hexdump.o
 .comment       0x000000000000002a       0x2b binaries/icmp.o
 .comment       0x000000000000002a       0x2b binaries/ip.o
 .comment       0x000000000000002a       0x2b binaries/net.o
 .comment       0x000000000000002a       0x2b binaries/pdump.o
 .comment       0x000000000000002a       0x2b binaries/tftp.o
 .comment       0x000000000000002a       0x2b binaries/udp.o
 .comment       0x000000000000002a       0x2b binaries/addargs.o
 .comment       0x000000000000002a       0x2b binaries/lexan.o
 .comment       0x000000000000002a       0x2b binaries/shell.o
 .comment       0x000000000000002a       0x2b binaries/xsh_argecho.o
 .comment       0x000000000000002a       0x2b binaries/xsh_arp.o
 .comment       0x000000000000002a       0x2b binaries/xsh_cat.o
 .comment       0x000000000000002a       0x2b binaries/xsh_clear.o
 .comment       0x000000000000002a       0x2b binaries/xsh_date.o
 .comment       0x000000000000002a       0x2b binaries/xsh_devdump.o
 .comment       0x000000000000002a       0x2b binaries/xsh_echo.o
 .comment       0x000000000000002a       0x2b binaries/xsh_exit.o
 .comment       0x000000000000002a       0x2b binaries/xsh_help.o
 .comment       0x000000000000002a       0x2b binaries/xsh_kill.o
 .comment       0x000000000000002a       0x2b binaries/xsh_memdump.o
 .comment       0x000000000000002a       0x2b binaries/xsh_memstat.o
 .comment       0x000000000000002a       0x2b binaries/xsh_netinfo.o
 .comment       0x000000000000002a       0x2b binaries/xsh_ping.o
 .comment       0x000000000000002a       0x2b binaries/xsh_ps.o
 .comment       0x000000000000002a       0x2b binaries/xsh_sleep.o
 .comment       0x000000000000002a       0x2b binaries/xsh_udpdump.o
 .comment       0x000000000000002a       0x2b binaries/xsh_udpecho.o
 .comment       0x000000000000002a       0x2b binaries/xsh_udpserver.o
 .comment       0x000000000000002a       0x2b binaries/xsh_uptime.o

.note.GNU-stack
                0x0000000000000000        0x0
 .note.GNU-stack
                0x0000000000000000        0x0 binaries/ascdate.o
 .note.GNU-stack
                0x0000000000000000        0x0 binaries/bufinit.o
 .note.GNU-stack
                0x0000000000000000        0x0 binaries/chprio.o
 .note.GNU-stack
                0x0000000000000000        0x0 binaries/clkhandler.o
 .note.GNU-stack
                0x0000000000000000        0x0 binaries/clkinit.o
 .note.GNU-stack
                0x0000000000000000        0x0 binaries/close.o
 .note.GNU-stack
                0x0000000000000000        0x0 binaries/conf.o
 .note.GNU-stack
                0x0000000000000000        0x0 binaries/control.o
 .note.GNU-stack
                0x0000000000000000        0x0 binaries/create.o
 .note.GNU-stack
                0x0000000000000000        0x0 binaries/early_imr.o
 .note.GNU-stack
                0x0000000000000000        0x0 binaries/evec.o
 .note.GNU-stack
                0x0000000000000000        0x0 binaries/exit.o
 .note.GNU-stack
                0x0000000000000000        0x0 binaries/freebuf.o
 .note.GNU-stack
                0x0000000000000000        0x0 binaries/freemem.o
 .note.GNU-stack
                0x0000000000000000        0x0 binaries/getbuf.o
 .note.GNU-stack
                0x0000000000000000        0x0 binaries/getc.o
 .note.GNU-stack
                0x0000000000000000        0x0 binaries/getdev.o
 .note.GNU-stack
                0x0000000000000000        0x0 binaries/getitem.o
 .note.GNU-stack
                0x0000000000000000        0x0 binaries/getmem.o
 .note.GNU-stack
                0x0000000000000000        0x0 binaries/getpid.o
 .note.GNU-stack
                0x0000000000000000        0x0 binaries/getprio.o
 .note.GNU-stack
                0x0000000000000000        0x0 binaries/getstk.o
 .note.GNU-stack
                0x0000000000000000        0x0 binaries/getticks.o
 .note.GNU-stack
                0x0000000000000000        0x0 binaries/gettime.o
 .note.GNU-stack
                0x0000000000000000        0x0 binaries/getutime.o
 .note.GNU-stack
                0x0000000000000000        0x0 binaries/init.o
 .note.GNU-stack
                0x0000000000000000        0x0 binaries/initialize.o
 .note.GNU-stack
                0x0000000000000000        0x0 binaries/insert.o
 .note.GNU-stack
                0x0000000000000000        0x0 binaries/insertd.o
 .note.GNU-stack
                0x0000000000000000        0x0 binaries/ioerr.o
 .note.GNU-stack
                0x0000000000000000        0x0 binaries/ionull.o
 .note.GNU-stack
                0x0000000000000000        0x0 binaries/kill.o
 .note.GNU-stack
                0x0000000000000000        0x0 binaries/kprintf.o
 .note.GNU-stack
                0x0000000000000000        0x0 binaries/main.o
 .note.GNU-stack
                0x0000000000000000        0x0 binaries/mark.o
 .note.GNU-stack
                0x0000000000000000        0x0 binaries/meminit.o
 .note.GNU-stack
                0x0000000000000000        0x0 binaries/mkbufpool.o
 .note.GNU-stack
                0x0000000000000000        0x0 binaries/newqueue.o
 .note.GNU-stack
                0x0000000000000000        0x0 binaries/open.o
 .note.GNU-stack
                0x0000000000000000        0x0 binaries/panic.o
 .note.GNU-stack
                0x0000000000000000        0x0 binaries/pci.o
 .note.GNU-stack
                0x0000000000000000        0x0 binaries/platinit.o
 .note.GNU-stack
                0x0000000000000000        0x0 binaries/ptclear.o
 .note.GNU-stack
                0x0000000000000000        0x0 binaries/ptcount.o
 .note.GNU-stack
                0x0000000000000000        0x0 binaries/ptcreate.o
 .note.GNU-stack
                0x0000000000000000        0x0 binaries/ptdelete.o
 .note.GNU-stack
                0x0000000000000000        0x0 binaries/ptinit.o
 .note.GNU-stack
                0x0000000000000000        0x0 binaries/ptrecv.o
 .note.GNU-stack
                0x0000000000000000        0x0 binaries/ptreset.o
 .note.GNU-stack
                0x0000000000000000        0x0 binaries/ptsend.o
 .note.GNU-stack
                0x0000000000000000        0x0 binaries/putc.o
 .note.GNU-stack
                0x0000000000000000        0x0 binaries/quark_irq.o
 .note.GNU-stack
                0x0000000000000000        0x0 binaries/quark_pdat.o
 .note.GNU-stack
                0x0000000000000000        0x0 binaries/queue.o
 .note.GNU-stack
                0x0000000000000000        0x0 binaries/read.o
 .note.GNU-stack
                0x0000000000000000        0x0 binaries/ready.o
 .note.GNU-stack
                0x0000000000000000        0x0 binaries/receive.o
 .note.GNU-stack
                0x0000000000000000        0x0 binaries/recvclr.o
 .note.GNU-stack
                0x0000000000000000        0x0 binaries/recvtime.o
 .note.GNU-stack
                0x0000000000000000        0x0 binaries/regevent.o
 .note.GNU-stack
                0x0000000000000000        0x0 binaries/resched.o
 .note.GNU-stack
                0x0000000000000000        0x0 binaries/resume.o
 .note.GNU-stack
                0x0000000000000000        0x0 binaries/seek.o
 .note.GNU-stack
                0x0000000000000000        0x0 binaries/semcount.o
 .note.GNU-stack
                0x0000000000000000        0x0 binaries/semcreate.o
 .note.GNU-stack
                0x0000000000000000        0x0 binaries/semdelete.o
 .note.GNU-stack
                0x0000000000000000        0x0 binaries/semreset.o
 .note.GNU-stack
                0x0000000000000000        0x0 binaries/send.o
 .note.GNU-stack
                0x0000000000000000        0x0 binaries/sendevent.o
 .note.GNU-stack
                0x0000000000000000        0x0 binaries/signal.o
 .note.GNU-stack
                0x0000000000000000        0x0 binaries/signaln.o
 .note.GNU-stack
                0x0000000000000000        0x0 binaries/sleep.o
 .note.GNU-stack
                0x0000000000000000        0x0 binaries/stacktrace.o
 .note.GNU-stack
                0x0000000000000000        0x0 binaries/suspend.o
 .note.GNU-stack
                0x0000000000000000        0x0 binaries/unsleep.o
 .note.GNU-stack
                0x0000000000000000        0x0 binaries/userret.o
 .note.GNU-stack
                0x0000000000000000        0x0 binaries/wait.o
 .note.GNU-stack
                0x0000000000000000        0x0 binaries/wakeup.o
 .note.GNU-stack
                0x0000000000000000        0x0 binaries/write.o
 .note.GNU-stack
                0x0000000000000000        0x0 binaries/xdone.o
 .note.GNU-stack
                0x0000000000000000        0x0 binaries/yield.o
 .note.GNU-stack
                0x0000000000000000        0x0 binaries/abs.o
 .note.GNU-stack
                0x0000000000000000        0x0 binaries/atoi.o
 .note.GNU-stack
                0x0000000000000000        0x0 binaries/atol.o
 .note.GNU-stack
                0x0000000000000000        0x0 binaries/bzero.o
 .note.GNU-stack
                0x0000000000000000        0x0 binaries/ctype_.o
 .note.GNU-stack
                0x0000000000000000        0x0 binaries/doprnt.o
 .note.GNU-stack
                0x0000000000000000        0x0 binaries/doscan.o
 .note.GNU-stack
                0x0000000000000000        0x0 binaries/fdoprnt.o
 .note.GNU-stack
                0x0000000000000000        0x0 binaries/fgetc.o
 .note.GNU-stack
                0x0000000000000000        0x0 binaries/fgets.o
 .note.GNU-stack
                0x0000000000000000        0x0 binaries/fprintf.o
 .note.GNU-stack
                0x0000000000000000        0x0 binaries/fputc.o
 .note.GNU-stack
                0x0000000000000000        0x0 binaries/fputs.o
 .note.GNU-stack
                0x0000000000000000        0x0 binaries/fscanf.o
 .note.GNU-stack
                0x0000000000000000        0x0 binaries/getchar.o
 .note.GNU-stack
                0x0000000000000000        0x0 binaries/labs.o
 .note.GNU-stack
                0x0000000000000000        0x0 binaries/memchr.o
 .note.GNU-stack
                0x0000000000000000        0x0 binaries/memcmp.o
 .note.GNU-stack
                0x0000000000000000        0x0 binaries/memcpy.o
 .note.GNU-stack
                0x0000000000000000        0x0 binaries/memset.o
 .note.GNU-stack
                0x0000000000000000        0x0 binaries/printf.o
 .note.GNU-stack
                0x0000000000000000        0x0 binaries/putchar.o
 .note.GNU-stack
                0x0000000000000000        0x0 binaries/qsort.o
 .note.GNU-stack
                0x0000000000000000        0x0 binaries/rand.o
 .note.GNU-stack
                0x0000000000000000        0x0 binaries/sprintf.o
 .note.GNU-stack
                0x0000000000000000        0x0 binaries/sscanf.o
 .note.GNU-stack
                0x0000000000000000        0x0 binaries/strchr.o
 .note.GNU-stack
                0x0000000000000000        0x0 binaries/strcmp.o
 .note.GNU-stack
                0x0000000000000000        0x0 binaries/strcpy.o
 .note.GNU-stack
                0x0000000000000000        0x0 binaries/strlen.o
 .note.GNU-stack
                0x0000000000000000        0x0 binaries/strncat.o
 .note.GNU-stack
                0x0000000000000000        0x0 binaries/strncmp.o
 .note.GNU-stack
                0x0000000000000000        0x0 binaries/strncpy.o
 .note.GNU-stack
                0x0000000000000000        0x0 binaries/strnlen.o
 .note.GNU-stack
                0x0000000000000000        0x0 binaries/strrchr.o
 .note.GNU-stack
                0x0000000000000000        0x0 binaries/strstr.o
 .note.GNU-stack
                0x0000000000000000        0x0 binaries/ttycontrol.o
 .note.GNU-stack
                0x0000000000000000        0x0 binaries/ttygetc.o
 .note.GNU-stack
                0x0000000000000000        0x0 binaries/ttyhandle_in.o
 .note.GNU-stack
                0x0000000000000000        0x0 binaries/ttyhandle_out.o
 .note.GNU-stack
                0x0000000000000000        0x0 binaries/ttyhandler.o
 .note.GNU-stack
                0x0000000000000000        0x0 binaries/ttyinit.o
 .note.GNU-stack
                0x0000000000000000        0x0 binaries/ttykickout.o
 .note.GNU-stack
                0x0000000000000000        0x0 binaries/ttyputc.o
 .note.GNU-stack
                0x0000000000000000        0x0 binaries/ttyread.o
 .note.GNU-stack
                0x0000000000000000        0x0 binaries/ttywrite.o
 .note.GNU-stack
                0x0000000000000000        0x0 binaries/mount.o
 .note.GNU-stack
                0x0000000000000000        0x0 binaries/naminit.o
 .note.GNU-stack
                0x0000000000000000        0x0 binaries/nammap.o
 .note.GNU-stack
                0x0000000000000000        0x0 binaries/namopen.o
 .note.GNU-stack
                0x0000000000000000        0x0 binaries/ethcontrol.o
 .note.GNU-stack
                0x0000000000000000        0x0 binaries/ethhandler.o
 .note.GNU-stack
                0x0000000000000000        0x0 binaries/ethinit.o
 .note.GNU-stack
                0x0000000000000000        0x0 binaries/ethmcast.o
 .note.GNU-stack
                0x0000000000000000        0x0 binaries/ethread.o
 .note.GNU-stack
                0x0000000000000000        0x0 binaries/ethwrite.o
 .note.GNU-stack
                0x0000000000000000        0x0 binaries/arp.o
 .note.GNU-stack
                0x0000000000000000        0x0 binaries/dhcp.o
 .note.GNU-stack
                0x0000000000000000        0x0 binaries/dns.o
 .note.GNU-stack
                0x0000000000000000        0x0 binaries/dot2ip.o
 .note.GNU-stack
                0x0000000000000000        0x0 binaries/hexdump.o
 .note.GNU-stack
                0x0000000000000000        0x0 binaries/icmp.o
 .note.GNU-stack
                0x0000000000000000        0x0 binaries/ip.o
 .note.GNU-stack
                0x0000000000000000        0x0 binaries/net.o
 .note.GNU-stack
                0x0000000000000000        0x0 binaries/pdump.o
 .note.GNU-stack
                0x0000000000000000        0x0 binaries/tftp.o
 .note.GNU-stack
                0x0000000000000000        0x0 binaries/udp.o
 .note.GNU-stack
                0x0000000000000000        0x0 binaries/addargs.o
 .note.GNU-stack
                0x0000000000000000        0x0 binaries/lexan.o
 .note.GNU-stack
                0x0000000000000000        0x0 binaries/shell.o
 .note.GNU-stack
                0x0000000000000000        0x0 binaries/xsh_argecho.o
 .note.GNU-stack
                0x0000000000000000        0x0 binaries/xsh_arp.o
 .note.GNU-stack
                0x0000000000000000        0x0 binaries/xsh_cat.o
 .note.GNU-stack
                0x0000000000000000        0x0 binaries/xsh_clear.o
 .note.GNU-stack
                0x0000000000000000        0x0 binaries/xsh_date.o
 .note.GNU-stack
                0x0000000000000000        0x0 binaries/xsh_devdump.o
 .note.GNU-stack
                0x0000000000000000        0x0 binaries/xsh_echo.o
 .note.GNU-stack
                0x0000000000000000        0x0 binaries/xsh_exit.o
 .note.GNU-stack
                0x0000000000000000        0x0 binaries/xsh_help.o
 .note.GNU-stack
                0x0000000000000000        0x0 binaries/xsh_kill.o
 .note.GNU-stack
                0x0000000000000000        0x0 binaries/xsh_memdump.o
 .note.GNU-stack
                0x0000000000000000        0x0 binaries/xsh_memstat.o
 .note.GNU-stack
                0x0000000000000000        0x0 binaries/xsh_netinfo.o
 .note.GNU-stack
                0x0000000000000000        0x0 binaries/xsh_ping.o
 .note.GNU-stack
                0x0000000000000000        0x0 binaries/xsh_ps.o
 .note.GNU-stack
                0x0000000000000000        0x0 binaries/xsh_sleep.o
 .note.GNU-stack
                0x0000000000000000        0x0 binaries/xsh_udpdump.o
 .note.GNU-stack
                0x0000000000000000        0x0 binaries/xsh_udpecho.o
 .note.GNU-stack
                0x0000000000000000        0x0 binaries/xsh_udpserver.o
 .note.GNU-stack
                0x0000000000000000        0x0 binaries/xsh_uptime.o
