
Allocating common symbols
Common symbol       size              file

netbufpool          0x4               binaries/net.o
readylist           0x2               binaries/ready.o
netportseed         0x8               binaries/net.o
sleepq              0x2               binaries/clkinit.o
nnames              0x4               binaries/naminit.o
udptab              0x168             binaries/udp.o
minheap             0x4               binaries/meminit.o
marks               0x50              binaries/mark.o
currpid             0x4               binaries/initialize.o
porttab             0x2d0             binaries/ptinit.o
girmask             0x2               binaries/evec.o
ttytab              0x110             binaries/ttyinit.o
proctab             0x1900            binaries/initialize.o
prcount             0x4               binaries/initialize.o
ethertab            0x138             binaries/ethinit.o
NetData             0xb0              binaries/net.o
nmarks              0x4               binaries/mark.o
Defer               0x8               binaries/resched.o
semtab              0x4b0             binaries/initialize.o
maxheap             0x4               binaries/meminit.o
preempt             0x4               binaries/clkinit.o
buftab              0xf0              binaries/bufinit.o
mkmutex             0x4               binaries/mark.o
clktime             0x4               binaries/clkinit.o
arpcache            0x140             binaries/arp.o
icmptab             0x230             binaries/icmp.o
nbpools             0x4               binaries/bufinit.o
queuetab            0x980             binaries/queue.o
ptnextid            0x4               binaries/ptinit.o
ipoqueue            0x2c              binaries/ip.o
memlist             0x8               binaries/initialize.o
nametab             0x19a0            binaries/naminit.o
ptfree              0x4               binaries/ptinit.o

Memory Configuration

Name             Origin             Length             Attributes
*default*        0x0000000000000000 0xffffffffffffffff

Linker script and memory map

                0x0000000000100000                physbase = 0x100000
                0x0000000000100000                . = physbase
                0x0000000000100000                . = ALIGN (0x1000)

.text           0x0000000000100000    0x16000
                0x0000000000100000                text = ABSOLUTE (.)
 *(.text .text.*)
 .text          0x0000000000100000      0x1b8 binaries/start.o
                0x0000000000100028                start
                0x00000000001000fa                inb
                0x0000000000100102                inw
                0x000000000010010b                inl
                0x0000000000100113                outb
                0x000000000010011d                outw
                0x0000000000100128                outl
                0x0000000000100132                _rtcin
                0x000000000010013d                ___udivsi3
                0x0000000000100148                ___divsi3
                0x0000000000100154                sbzero
                0x0000000000100164                insw
                0x000000000010017a                outsw
                0x0000000000100190                bcopy
                0x00000000001001a4                lidt
                0x00000000001001ac                cpuid
 .text          0x00000000001001b8      0x3e3 binaries/ascdate.o
                0x00000000001001b8                ascdate
 .text          0x000000000010059b       0x14 binaries/bufinit.o
                0x000000000010059b                bufinit
 .text          0x00000000001005af       0x7f binaries/chprio.o
                0x00000000001005af                chprio
 .text          0x000000000010062e       0x96 binaries/clkhandler.o
                0x000000000010062e                clkhandler
 .text          0x00000000001006c4       0x7e binaries/clkinit.o
                0x00000000001006c4                clkinit
 .text          0x0000000000100742       0x75 binaries/close.o
                0x0000000000100742                close
 .text          0x00000000001007b7        0x0 binaries/conf.o
 .text          0x00000000001007b7       0x7b binaries/control.o
                0x00000000001007b7                control
 .text          0x0000000000100832      0x2ab binaries/create.o
                0x0000000000100832                create
 .text          0x0000000000100add      0x298 binaries/early_imr.o
                0x0000000000100add                intel_cln_early_sb_read_reg
                0x0000000000100b5c                intel_cln_early_sb_write_reg
                0x0000000000100cea                remove_irm_protections
 .text          0x0000000000100d75      0x42e binaries/evec.o
                0x0000000000100d75                initevec
                0x0000000000100e71                set_evec
                0x0000000000100f13                setirmask
                0x0000000000100f6c                trap
 .text          0x00000000001011a3       0x19 binaries/exit.o
                0x00000000001011a3                exit
 .text          0x00000000001011bc       0x8c binaries/freebuf.o
                0x00000000001011bc                freebuf
 .text          0x0000000000101248      0x172 binaries/freemem.o
                0x0000000000101248                freemem
 .text          0x00000000001013ba       0x8a binaries/getbuf.o
                0x00000000001013ba                getbuf
 .text          0x0000000000101444       0x75 binaries/getc.o
                0x0000000000101444                getc
 .text          0x00000000001014b9       0x74 binaries/getdev.o
                0x00000000001014b9                getdev
 .text          0x000000000010152d       0xd0 binaries/getitem.o
                0x000000000010152d                getfirst
                0x0000000000101572                getlast
                0x00000000001015b9                getitem
 .text          0x00000000001015fd      0x10a binaries/getmem.o
                0x00000000001015fd                getmem
 .text          0x0000000000101707        0xa binaries/getpid.o
                0x0000000000101707                getpid
 .text          0x0000000000101711       0x67 binaries/getprio.o
                0x0000000000101711                getprio
 .text          0x0000000000101778       0xfb binaries/getstk.o
                0x0000000000101778                getstk
 .text          0x0000000000101873       0x16 binaries/getticks.o
                0x0000000000101873                getticks
 .text          0x0000000000101889       0x3a binaries/gettime.o
                0x0000000000101889                gettime
 .text          0x00000000001018c3      0x1cc binaries/getutime.o
                0x00000000001018c3                getutime
 .text          0x0000000000101a8f       0x75 binaries/init.o
                0x0000000000101a8f                init
 .text          0x0000000000101b04      0x3e0 binaries/initialize.o
                0x0000000000101b04                nulluser
                0x0000000000101e8b                stop
                0x0000000000101eb6                delay
 .text          0x0000000000101ee4       0xd3 binaries/insert.o
                0x0000000000101ee4                insert
 .text          0x0000000000101fb7      0x105 binaries/insertd.o
                0x0000000000101fb7                insertd
 .text          0x00000000001020bc        0xa binaries/ioerr.o
                0x00000000001020bc                ioerr
 .text          0x00000000001020c6        0xa binaries/ionull.o
                0x00000000001020c6                ionull
 .text          0x00000000001020d0      0x188 binaries/kill.o
                0x00000000001020d0                kill
 .text          0x0000000000102258      0x138 binaries/kprintf.o
                0x0000000000102258                kputc
                0x00000000001022e3                kgetc
                0x0000000000102366                kprintf
 .text          0x0000000000102390      0x5cb binaries/main.o
                0x0000000000102390                receive_call
                0x00000000001023b5                send_call
                0x00000000001023ce                normal_process
                0x00000000001023d3                start_testcase_1
                0x00000000001024a5                start_testcase_2
                0x0000000000102541                start_testcase_3
                0x000000000010255a                start_testcase_4
                0x00000000001025f5                start_testcase_5
                0x0000000000102690                start_testcase_6
                0x0000000000102757                start_testcase_7
                0x0000000000102775                start_testcase_8
                0x000000000010280d                start_testcase_9
                0x00000000001028a2                start_testcase_10
                0x0000000000102937                main
 .text          0x000000000010295b       0xb5 binaries/mark.o
                0x000000000010295b                markinit
                0x000000000010297f                mark
 .text          0x0000000000102a10      0x2ca binaries/meminit.o
                0x0000000000102a10                meminit
                0x0000000000102c37                setsegs
 .text          0x0000000000102cda      0x174 binaries/mkbufpool.o
                0x0000000000102cda                mkbufpool
 .text          0x0000000000102e4e      0x10a binaries/mysuspend.o
                0x0000000000102e4e                mysuspend
 .text          0x0000000000102f58       0x94 binaries/newqueue.o
                0x0000000000102f58                newqueue
 .text          0x0000000000102fec       0x7b binaries/open.o
                0x0000000000102fec                open
 .text          0x0000000000103067       0x20 binaries/panic.o
                0x0000000000103067                panic
 .text          0x0000000000103087      0x41a binaries/pci.o
                0x0000000000103087                pci_init
                0x0000000000103111                find_pci_device
                0x00000000001031f7                pci_read_config_byte
                0x0000000000103255                pci_read_config_word
                0x00000000001032b5                pci_read_config_dword
                0x0000000000103313                pci_write_config_byte
                0x0000000000103375                pci_write_config_word
                0x00000000001033d9                pci_write_config_dword
                0x0000000000103435                pci_get_dev_mmio_base_addr
 .text          0x00000000001034a1       0xc9 binaries/platinit.o
                0x00000000001034a1                cpu_is_quark
                0x00000000001034be                console_init
                0x0000000000103507                platinit
 .text          0x000000000010356a       0xf1 binaries/ptclear.o
                0x000000000010356a                _ptclear
 .text          0x000000000010365b       0x9d binaries/ptcount.o
                0x000000000010365b                ptcount
 .text          0x00000000001036f8      0x116 binaries/ptcreate.o
                0x00000000001036f8                ptcreate
 .text          0x000000000010380e       0x7f binaries/ptdelete.o
                0x000000000010380e                ptdelete
 .text          0x000000000010388d       0xbf binaries/ptinit.o
                0x000000000010388d                ptinit
 .text          0x000000000010394c      0x11b binaries/ptrecv.o
                0x000000000010394c                ptrecv
 .text          0x0000000000103a67       0x77 binaries/ptreset.o
                0x0000000000103a67                ptreset
 .text          0x0000000000103ade      0x13d binaries/ptsend.o
                0x0000000000103ade                ptsend
 .text          0x0000000000103c1b       0x80 binaries/putc.o
                0x0000000000103c1b                putc
 .text          0x0000000000103c9b       0xcc binaries/quark_irq.o
                0x0000000000103c9b                quark_irq_routing
 .text          0x0000000000103d67      0x1e9 binaries/quark_pdat.o
                0x0000000000103d67                get_quark_pdat_entry_data_by_id
                0x0000000000103e56                get_quark_pdat_entry_data_by_desc
 .text          0x0000000000103f50      0x106 binaries/queue.o
                0x0000000000103f50                enqueue
                0x0000000000103fe9                dequeue
 .text          0x0000000000104056       0x7b binaries/read.o
                0x0000000000104056                read
 .text          0x00000000001040d1       0xa6 binaries/ready.o
                0x00000000001040d1                ready
 .text          0x0000000000104177       0x58 binaries/receive.o
                0x0000000000104177                receive
 .text          0x00000000001041cf       0x54 binaries/recvclr.o
                0x00000000001041cf                recvclr
 .text          0x0000000000104223       0xb3 binaries/recvtime.o
                0x0000000000104223                recvtime
 .text          0x00000000001042d6      0x158 binaries/resched.o
                0x00000000001042d6                resched
                0x00000000001043b9                resched_cntl
 .text          0x000000000010442e       0xd0 binaries/resume.o
                0x000000000010442e                resume
 .text          0x00000000001044fe       0x79 binaries/seek.o
                0x00000000001044fe                seek
 .text          0x0000000000104577       0x70 binaries/semcount.o
                0x0000000000104577                semcount
 .text          0x00000000001045e7       0xd6 binaries/semcreate.o
                0x00000000001045e7                semcreate
 .text          0x00000000001046bd       0xcd binaries/semdelete.o
                0x00000000001046bd                semdelete
 .text          0x000000000010478a       0xcb binaries/semreset.o
                0x000000000010478a                semreset
 .text          0x0000000000104855       0xd8 binaries/send.o
                0x0000000000104855                send
 .text          0x000000000010492d       0xa8 binaries/signal.o
                0x000000000010492d                signal
 .text          0x00000000001049d5       0xd6 binaries/signaln.o
                0x00000000001049d5                signaln
 .text          0x0000000000104aab      0x280 binaries/sleep.o
                0x0000000000104aab                sleep
                0x0000000000104af9                sleepms
                0x0000000000104b8a                mysleepms
 .text          0x0000000000104d2b      0x18f binaries/stacktrace.o
                0x0000000000104d2b                stacktrace
 .text          0x0000000000104eba       0xd2 binaries/suspend.o
                0x0000000000104eba                suspend
 .text          0x0000000000104f8c       0xd4 binaries/unsleep.o
                0x0000000000104f8c                unsleep
 .text          0x0000000000105060       0x19 binaries/userret.o
                0x0000000000105060                userret
 .text          0x0000000000105079       0xd3 binaries/wait.o
                0x0000000000105079                wait
 .text          0x000000000010514c       0x72 binaries/wakeup.o
                0x000000000010514c                wakeup
 .text          0x00000000001051be       0x7b binaries/write.o
                0x00000000001051be                write
 .text          0x0000000000105239       0x1d binaries/xdone.o
                0x0000000000105239                xdone
 .text          0x0000000000105256       0x28 binaries/yield.o
                0x0000000000105256                yield
 .text          0x000000000010527e       0x11 binaries/abs.o
                0x000000000010527e                abs
 .text          0x000000000010528f       0x8f binaries/atoi.o
                0x000000000010528f                atoi
 .text          0x000000000010531e       0x8f binaries/atol.o
                0x000000000010531e                atol
 .text          0x00000000001053ad       0x31 binaries/bzero.o
                0x00000000001053ad                bzero
 .text          0x00000000001053de        0x0 binaries/ctype_.o
 .text          0x00000000001053de      0x8ed binaries/doprnt.o
                0x00000000001053de                _doprnt
 .text          0x0000000000105ccb      0x65c binaries/doscan.o
                0x0000000000105ccb                _doscan
 .text          0x0000000000106327      0x711 binaries/fdoprnt.o
                0x0000000000106327                _fdoprnt
 .text          0x0000000000106a38       0x29 binaries/fgetc.o
                0x0000000000106a38                fgetc
 .text          0x0000000000106a61       0x75 binaries/fgets.o
                0x0000000000106a61                fgets
 .text          0x0000000000106ad6       0x2a binaries/fprintf.o
                0x0000000000106ad6                fprintf
 .text          0x0000000000106b00       0x2c binaries/fputc.o
                0x0000000000106b00                fputc
 .text          0x0000000000106b2c       0x43 binaries/fputs.o
                0x0000000000106b2c                fputs
 .text          0x0000000000106b6f       0x8a binaries/fscanf.o
                0x0000000000106b6f                fscanf
 .text          0x0000000000106bf9       0x26 binaries/getchar.o
                0x0000000000106bf9                getchar
 .text          0x0000000000106c1f       0x11 binaries/labs.o
                0x0000000000106c1f                labs
 .text          0x0000000000106c30        0x0 binaries/memchr.o
 .text          0x0000000000106c30       0x51 binaries/memcmp.o
                0x0000000000106c30                memcmp
 .text          0x0000000000106c81       0x3f binaries/memcpy.o
                0x0000000000106c81                memcpy
 .text          0x0000000000106cc0       0x30 binaries/memset.o
                0x0000000000106cc0                memset
 .text          0x0000000000106cf0       0x3c binaries/printf.o
                0x0000000000106cf0                printf
 .text          0x0000000000106d2c       0x29 binaries/putchar.o
                0x0000000000106d2c                putchar
 .text          0x0000000000106d55      0x27e binaries/qsort.o
                0x0000000000106d55                qsort
 .text          0x0000000000106fd3       0x63 binaries/rand.o
                0x0000000000106fd3                rand
                0x0000000000106feb                rand_r
                0x0000000000107029                srand
 .text          0x0000000000107036       0x66 binaries/sprintf.o
                0x0000000000107036                sprintf
 .text          0x000000000010709c       0x70 binaries/sscanf.o
                0x000000000010709c                sscanf
 .text          0x000000000010710c       0x3c binaries/strchr.o
                0x000000000010710c                strchr
 .text          0x0000000000107148       0x45 binaries/strcmp.o
                0x0000000000107148                strcmp
 .text          0x000000000010718d       0x27 binaries/strcpy.o
                0x000000000010718d                strcpy
 .text          0x00000000001071b4       0x26 binaries/strlen.o
                0x00000000001071b4                strlen
 .text          0x00000000001071da       0x56 binaries/strncat.o
                0x00000000001071da                strncat
 .text          0x0000000000107230       0x5f binaries/strncmp.o
                0x0000000000107230                strncmp
 .text          0x000000000010728f       0x4f binaries/strncpy.o
                0x000000000010728f                strncpy
 .text          0x00000000001072de       0x2e binaries/strnlen.o
                0x00000000001072de                strnlen
 .text          0x000000000010730c       0x45 binaries/strrchr.o
                0x000000000010730c                strrchr
 .text          0x0000000000107351       0x6d binaries/strstr.o
                0x0000000000107351                strstr
 .text          0x00000000001073be       0xe4 binaries/ttycontrol.o
                0x00000000001073be                ttycontrol
 .text          0x00000000001074a2       0x97 binaries/ttygetc.o
                0x00000000001074a2                ttygetc
 .text          0x0000000000107539      0x6d1 binaries/ttyhandle_in.o
                0x0000000000107539                ttyhandle_in
 .text          0x0000000000107c0a      0x183 binaries/ttyhandle_out.o
                0x0000000000107c0a                ttyhandle_out
 .text          0x0000000000107d8d       0xb6 binaries/ttyhandler.o
                0x0000000000107d8d                ttyhandler
 .text          0x0000000000107e43      0x1f1 binaries/ttyinit.o
                0x0000000000107e43                ttyinit
 .text          0x0000000000108034       0x10 binaries/ttykickout.o
                0x0000000000108034                ttykickout
 .text          0x0000000000108044       0xb7 binaries/ttyputc.o
                0x0000000000108044                ttyputc
 .text          0x00000000001080fb      0x11b binaries/ttyread.o
                0x00000000001080fb                ttyread
 .text          0x0000000000108216       0x4f binaries/ttywrite.o
                0x0000000000108216                ttywrite
 .text          0x0000000000108265      0x14b binaries/mount.o
                0x0000000000108265                mount
                0x000000000010837a                namlen
 .text          0x00000000001083b0      0x1ea binaries/naminit.o
                0x00000000001083b0                naminit
 .text          0x000000000010859a      0x211 binaries/nammap.o
                0x000000000010859a                nammap
                0x0000000000108625                namrepl
                0x000000000010875b                namcpy
 .text          0x00000000001087ab       0x4e binaries/namopen.o
                0x00000000001087ab                namopen
 .text          0x00000000001087f9       0x90 binaries/ethcontrol.o
                0x00000000001087f9                ethcontrol
 .text          0x0000000000108889      0x183 binaries/ethhandler.o
                0x0000000000108889                ethhandler
 .text          0x0000000000108a0c      0x720 binaries/ethinit.o
                0x0000000000108a0c                eth_phy_read
                0x0000000000108a76                eth_phy_write
                0x0000000000108aea                eth_phy_reset
                0x0000000000108c2e                ethinit
 .text          0x000000000010912c      0x17c binaries/ethmcast.o
                0x000000000010912c                ethmcast_add
                0x00000000001091a8                ethmcast_remove
 .text          0x00000000001092a8      0x18b binaries/ethread.o
                0x00000000001092a8                ethread
 .text          0x0000000000109433       0xf5 binaries/ethwrite.o
                0x0000000000109433                ethwrite
 .text          0x0000000000109528      0x836 binaries/arp.o
                0x0000000000109528                arp_init
                0x000000000010955a                arp_resolve
                0x000000000010980e                arp_in
                0x0000000000109ac6                arp_alloc
                0x0000000000109b86                arp_ntoh
                0x0000000000109c72                arp_hton
 .text          0x0000000000109d5e      0x8e3 binaries/dhcp.o
                0x0000000000109d5e                dhcp_get_opt_val
                0x0000000000109db7                dhcp_bld_bootp_msg
                0x0000000000109ec4                dhcp_bld_disc
                0x0000000000109fad                dhcp_bld_req
                0x000000000010a11f                getlocalip
 .text          0x000000000010a641      0x59f binaries/dns.o
                0x000000000010a641                dnslookup
 .text          0x000000000010abe0       0xe8 binaries/dot2ip.o
                0x000000000010abe0                dot2ip
 .text          0x000000000010acc8      0x4c4 binaries/hexdump.o
                0x000000000010acc8                hexdump
                0x000000000010ae6f                hexadump
 .text          0x000000000010b18c      0x8a8 binaries/icmp.o
                0x000000000010b18c                icmp_init
                0x000000000010b1c3                icmp_in
                0x000000000010b399                icmp_register
                0x000000000010b494                icmp_recv
                0x000000000010b620                icmp_send
                0x000000000010b6a8                icmp_mkpkt
                0x000000000010b7c2                icmp_release
                0x000000000010b8c0                icmp_cksum
                0x000000000010b94c                icmp_hton
                0x000000000010b9c0                icmp_ntoh
 .text          0x000000000010ba34      0x8a5 binaries/ip.o
                0x000000000010ba34                ip_in
                0x000000000010bbb8                ip_send
                0x000000000010bd13                ip_local
                0x000000000010bd5f                ip_out
                0x000000000010be98                ipcksum
                0x000000000010bf1e                ip_ntoh
                0x000000000010c00a                ip_hton
                0x000000000010c0f6                ipout
                0x000000000010c225                ip_enqueue
 .text          0x000000000010c2d9      0x2cd binaries/net.o
                0x000000000010c2d9                net_init
                0x000000000010c401                netin
                0x000000000010c4be                eth_hton
                0x000000000010c4e8                eth_ntoh
                0x000000000010c512                getport
 .text          0x000000000010c5a6     0x147f binaries/pdump.o
                0x000000000010c5a6                pdump
                0x000000000010d363                pdumph
 .text          0x000000000010da25      0x4b7 binaries/tftp.o
                0x000000000010da25                tftp_send1
                0x000000000010db9d                tftpget
 .text          0x000000000010dedc      0xb82 binaries/udp.o
                0x000000000010dedc                udp_init
                0x000000000010df11                udp_in
                0x000000000010e053                udp_register
                0x000000000010e190                udp_recv
                0x000000000010e32c                udp_recvaddr
                0x000000000010e4e0                udp_send
                0x000000000010e6c8                udp_sendto
                0x000000000010e879                udp_release
                0x000000000010e974                udp_ntoh
                0x000000000010e9e9                udp_hton
 .text          0x000000000010ea5e      0x131 binaries/addargs.o
                0x000000000010ea5e                addargs
 .text          0x000000000010eb8f      0x2c9 binaries/lexan.o
                0x000000000010eb8f                lexan
 .text          0x000000000010ee58      0x64d binaries/shell.o
                0x000000000010ee58                shell
 .text          0x000000000010f4a5       0x69 binaries/xsh_argecho.o
                0x000000000010f4a5                xsh_argecho
 .text          0x000000000010f50e      0x275 binaries/xsh_arp.o
                0x000000000010f50e                xsh_arp
 .text          0x000000000010f783      0x229 binaries/xsh_cat.o
                0x000000000010f783                xsh_cat
 .text          0x000000000010f9ac       0x53 binaries/xsh_clear.o
                0x000000000010f9ac                xsh_clear
 .text          0x000000000010f9ff      0x2c0 binaries/xsh_date.o
                0x000000000010f9ff                xsh_date
 .text          0x000000000010fcbf       0xa3 binaries/xsh_devdump.o
                0x000000000010fcbf                xsh_devdump
 .text          0x000000000010fd62       0x72 binaries/xsh_echo.o
                0x000000000010fd62                xsh_echo
 .text          0x000000000010fdd4        0xa binaries/xsh_exit.o
                0x000000000010fdd4                xsh_exit
 .text          0x000000000010fdde      0x373 binaries/xsh_help.o
                0x000000000010fdde                xsh_help
 .text          0x0000000000110151      0x212 binaries/xsh_kill.o
                0x0000000000110151                xsh_kill
 .text          0x0000000000110363      0x503 binaries/xsh_memdump.o
                0x0000000000110363                xsh_memdump
 .text          0x0000000000110866      0x280 binaries/xsh_memstat.o
                0x0000000000110866                xsh_memstat
 .text          0x0000000000110ae6      0x4e1 binaries/xsh_netinfo.o
                0x0000000000110ae6                xsh_netinfo
 .text          0x0000000000110fc7      0x42c binaries/xsh_ping.o
                0x0000000000110fc7                xsh_ping
 .text          0x00000000001113f3      0x26e binaries/xsh_ps.o
                0x00000000001113f3                xsh_ps
 .text          0x0000000000111661      0x1ee binaries/xsh_sleep.o
                0x0000000000111661                xsh_sleep
 .text          0x000000000011184f      0x264 binaries/xsh_udpdump.o
                0x000000000011184f                xsh_udpdump
 .text          0x0000000000111ab3      0x451 binaries/xsh_udpecho.o
                0x0000000000111ab3                xsh_udpecho
 .text          0x0000000000111f04      0x26a binaries/xsh_udpserver.o
                0x0000000000111f04                xsh_udpeserver
 .text          0x000000000011216e      0x1dd binaries/xsh_uptime.o
                0x000000000011216e                xsh_uptime
 .text          0x000000000011234b        0xe binaries/clkdisp.o
                0x000000000011234b                clkdisp
 .text          0x0000000000112359       0x19 binaries/ctxsw.o
                0x0000000000112359                ctxsw
 .text          0x0000000000112372      0x36b binaries/intr.o
                0x0000000000112372                disable
                0x000000000011237b                restore
                0x0000000000112389                enable
                0x000000000011238b                pause
                0x0000000000112392                halt
                0x0000000000112398                spurious_irq7
                0x000000000011239d                spurious_irq15
                0x00000000001123ac                _Xint0
                0x00000000001123b7                _Xint1
                0x00000000001123c2                _Xint2
                0x00000000001123cd                _Xint3
                0x00000000001123d8                _Xint4
                0x00000000001123e3                _Xint5
                0x00000000001123ee                _Xint6
                0x00000000001123f9                _Xint7
                0x0000000000112404                _Xint8
                0x000000000011240f                _Xint9
                0x000000000011241a                _Xint10
                0x0000000000112425                _Xint11
                0x0000000000112433                _Xint12
                0x0000000000112441                _Xint13
                0x000000000011244f                _Xint14
                0x000000000011245d                _Xint15
                0x000000000011246b                _Xint16
                0x0000000000112479                _Xint17
                0x0000000000112487                _Xint18
                0x0000000000112495                _Xint19
                0x00000000001124a3                _Xint20
                0x00000000001124b1                _Xint21
                0x00000000001124bf                _Xint22
                0x00000000001124cd                _Xint23
                0x00000000001124db                _Xint24
                0x00000000001124e9                _Xint25
                0x00000000001124f7                _Xint26
                0x0000000000112505                _Xint27
                0x0000000000112513                _Xint28
                0x0000000000112521                _Xint29
                0x000000000011252f                _Xint30
                0x000000000011253d                _Xint31
                0x000000000011254b                _Xint32
                0x0000000000112559                _Xint33
                0x0000000000112567                _Xint34
                0x0000000000112575                _Xint35
                0x0000000000112583                _Xint36
                0x0000000000112591                _Xint37
                0x000000000011259f                _Xint38
                0x00000000001125ad                _Xint39
                0x00000000001125bb                _Xint40
                0x00000000001125c9                _Xint41
                0x00000000001125d7                _Xint42
                0x00000000001125e5                _Xint43
                0x00000000001125f3                _Xint44
                0x0000000000112601                _Xint45
                0x000000000011260f                _Xint46
                0x000000000011261d                defevec
 .text          0x00000000001126dd        0xf binaries/ttydispatch.o
                0x00000000001126dd                ttydispatch
 .text          0x00000000001126ec       0x13 binaries/ethdispatch.o
                0x00000000001126ec                ethdispatch
 *(.rodata .rodata.*)
 *fill*         0x00000000001126ff        0x1 
 .rodata        0x0000000000112700       0x8e binaries/ascdate.o
 .rodata        0x000000000011278e       0x21 binaries/conf.o
 *fill*         0x00000000001127af        0x1 
 .rodata        0x00000000001127b0       0x83 binaries/early_imr.o
 *fill*         0x0000000000112833        0x1 
 .rodata        0x0000000000112834      0x231 binaries/evec.o
 *fill*         0x0000000000112a65        0x3 
 .rodata        0x0000000000112a68       0x61 binaries/getutime.o
 *fill*         0x0000000000112ac9        0x3 
 .rodata        0x0000000000112acc      0x186 binaries/initialize.o
 *fill*         0x0000000000112c52        0x2 
 .rodata        0x0000000000112c54       0x20 binaries/kill.o
 .rodata        0x0000000000112c74       0x1f binaries/main.o
 *fill*         0x0000000000112c93        0x1 
 .rodata        0x0000000000112c94       0x3e binaries/meminit.o
 .rodata        0x0000000000112cd2        0xf binaries/panic.o
 .rodata        0x0000000000112ce1       0x1d binaries/ptinit.o
 *fill*         0x0000000000112cfe        0x2 
 .rodata        0x0000000000112d00       0x25 binaries/ptsend.o
 .rodata        0x0000000000112d25       0x22 binaries/quark_pdat.o
 *fill*         0x0000000000112d47        0x1 
 .rodata        0x0000000000112d48       0xb7 binaries/stacktrace.o
 *fill*         0x0000000000112dff        0x1 
 .rodata        0x0000000000112e00       0x27 binaries/xdone.o
 *fill*         0x0000000000112e27       0x19 
 .rodata        0x0000000000112e40       0x81 binaries/ctype_.o
                0x0000000000112e40                _ctype_
 *fill*         0x0000000000112ec1        0x3 
 .rodata        0x0000000000112ec4       0xee binaries/doprnt.o
 *fill*         0x0000000000112fb2        0x2 
 .rodata        0x0000000000112fb4       0x98 binaries/doscan.o
 .rodata        0x000000000011304c       0xae binaries/fdoprnt.o
 *fill*         0x00000000001130fa        0x2 
 .rodata        0x00000000001130fc       0x20 binaries/ttycontrol.o
 .rodata        0x000000000011311c       0x34 binaries/ttyhandler.o
 .rodata        0x0000000000113150       0x80 binaries/naminit.o
 .rodata        0x00000000001131d0       0x46 binaries/ethinit.o
 *fill*         0x0000000000113216        0x2 
 .rodata        0x0000000000113218       0x3a binaries/arp.o
 *fill*         0x0000000000113252        0x2 
 .rodata        0x0000000000113254       0xcf binaries/dhcp.o
 .rodata        0x0000000000113323       0x1a binaries/dns.o
 *fill*         0x000000000011333d        0x3 
 .rodata        0x0000000000113340       0xc9 binaries/hexdump.o
 *fill*         0x0000000000113409        0x3 
 .rodata        0x000000000011340c       0x29 binaries/icmp.o
 *fill*         0x0000000000113435        0x3 
 .rodata        0x0000000000113438       0x6e binaries/ip.o
 *fill*         0x00000000001134a6        0x2 
 .rodata        0x00000000001134a8       0x4f binaries/net.o
 *fill*         0x00000000001134f7        0x1 
 .rodata        0x00000000001134f8      0x26f binaries/pdump.o
 *fill*         0x0000000000113767        0x1 
 .rodata        0x0000000000113768      0x10c binaries/tftp.o
 *fill*         0x0000000000113874        0xc 
 .rodata        0x0000000000113880      0x3c1 binaries/shell.o
                0x0000000000113900                cmdtab
 .rodata        0x0000000000113c41       0x28 binaries/xsh_argecho.o
 *fill*         0x0000000000113c69        0x3 
 .rodata        0x0000000000113c6c      0x123 binaries/xsh_arp.o
 *fill*         0x0000000000113d8f        0x1 
 .rodata        0x0000000000113d90       0xc9 binaries/xsh_cat.o
 .rodata        0x0000000000113e59       0x19 binaries/xsh_clear.o
 *fill*         0x0000000000113e72        0x2 
 .rodata        0x0000000000113e74      0x1c3 binaries/xsh_date.o
 .rodata        0x0000000000114037       0x5d binaries/xsh_devdump.o
 .rodata        0x0000000000114094        0x9 binaries/xsh_echo.o
 *fill*         0x000000000011409d        0x3 
 .rodata        0x00000000001140a0      0x169 binaries/xsh_help.o
 *fill*         0x0000000000114209        0x3 
 .rodata        0x000000000011420c      0x12e binaries/xsh_kill.o
 *fill*         0x000000000011433a        0x2 
 .rodata        0x000000000011433c      0x266 binaries/xsh_memdump.o
 *fill*         0x00000000001145a2        0x2 
 .rodata        0x00000000001145a4      0x225 binaries/xsh_memstat.o
 *fill*         0x00000000001147c9        0x3 
 .rodata        0x00000000001147cc      0x1b0 binaries/xsh_netinfo.o
 .rodata        0x000000000011497c      0x1a1 binaries/xsh_ping.o
 *fill*         0x0000000000114b1d        0x3 
 .rodata        0x0000000000114b20      0x200 binaries/xsh_ps.o
 .rodata        0x0000000000114d20       0xeb binaries/xsh_sleep.o
 *fill*         0x0000000000114e0b        0x1 
 .rodata        0x0000000000114e0c      0x1b8 binaries/xsh_udpdump.o
 .rodata        0x0000000000114fc4      0x215 binaries/xsh_udpecho.o
 *fill*         0x00000000001151d9        0x3 
 .rodata        0x00000000001151dc      0x12b binaries/xsh_udpserver.o
 *fill*         0x0000000000115307        0x1 
 .rodata        0x0000000000115308      0x105 binaries/xsh_uptime.o
                0x000000000011540d                etext = ABSOLUTE (.)
                0x0000000000116000                . = ALIGN (0x1000)
 *fill*         0x000000000011540d      0xbf3 

.eh_frame       0x0000000000116000     0x273c
 .eh_frame      0x0000000000116000       0x38 binaries/ascdate.o
 .eh_frame      0x0000000000116038       0x20 binaries/bufinit.o
                                         0x38 (size before relaxing)
 .eh_frame      0x0000000000116058       0x20 binaries/chprio.o
                                         0x38 (size before relaxing)
 .eh_frame      0x0000000000116078       0x20 binaries/clkhandler.o
                                         0x38 (size before relaxing)
 .eh_frame      0x0000000000116098       0x20 binaries/clkinit.o
                                         0x38 (size before relaxing)
 .eh_frame      0x00000000001160b8       0x20 binaries/close.o
                                         0x38 (size before relaxing)
 .eh_frame      0x00000000001160d8       0x20 binaries/control.o
                                         0x38 (size before relaxing)
 .eh_frame      0x00000000001160f8       0x40 binaries/create.o
                                         0x58 (size before relaxing)
 .eh_frame      0x0000000000116138      0x104 binaries/early_imr.o
                                        0x11c (size before relaxing)
 .eh_frame      0x000000000011623c       0x80 binaries/evec.o
                                         0x98 (size before relaxing)
 .eh_frame      0x00000000001162bc       0x20 binaries/exit.o
                                         0x38 (size before relaxing)
 .eh_frame      0x00000000001162dc       0x20 binaries/freebuf.o
                                         0x38 (size before relaxing)
 .eh_frame      0x00000000001162fc       0x20 binaries/freemem.o
                                         0x38 (size before relaxing)
 .eh_frame      0x000000000011631c       0x20 binaries/getbuf.o
                                         0x38 (size before relaxing)
 .eh_frame      0x000000000011633c       0x20 binaries/getc.o
                                         0x38 (size before relaxing)
 .eh_frame      0x000000000011635c       0x20 binaries/getdev.o
                                         0x38 (size before relaxing)
 .eh_frame      0x000000000011637c       0x60 binaries/getitem.o
                                         0x78 (size before relaxing)
 .eh_frame      0x00000000001163dc       0x20 binaries/getmem.o
                                         0x38 (size before relaxing)
 .eh_frame      0x00000000001163fc       0x20 binaries/getpid.o
                                         0x38 (size before relaxing)
 .eh_frame      0x000000000011641c       0x20 binaries/getprio.o
                                         0x38 (size before relaxing)
 .eh_frame      0x000000000011643c       0x20 binaries/getstk.o
                                         0x38 (size before relaxing)
 .eh_frame      0x000000000011645c       0x20 binaries/getticks.o
                                         0x38 (size before relaxing)
 .eh_frame      0x000000000011647c       0x20 binaries/gettime.o
                                         0x38 (size before relaxing)
 .eh_frame      0x000000000011649c       0x20 binaries/getutime.o
                                         0x38 (size before relaxing)
 .eh_frame      0x00000000001164bc       0x20 binaries/init.o
                                         0x38 (size before relaxing)
 .eh_frame      0x00000000001164dc       0xa0 binaries/initialize.o
                                         0xb8 (size before relaxing)
 .eh_frame      0x000000000011657c       0x20 binaries/insert.o
                                         0x38 (size before relaxing)
 .eh_frame      0x000000000011659c       0x20 binaries/insertd.o
                                         0x38 (size before relaxing)
 .eh_frame      0x00000000001165bc       0x20 binaries/ioerr.o
                                         0x38 (size before relaxing)
 .eh_frame      0x00000000001165dc       0x20 binaries/ionull.o
                                         0x38 (size before relaxing)
 .eh_frame      0x00000000001165fc       0x20 binaries/kill.o
                                         0x38 (size before relaxing)
 .eh_frame      0x000000000011661c       0x60 binaries/kprintf.o
                                         0x78 (size before relaxing)
 .eh_frame      0x000000000011667c      0x1c8 binaries/main.o
                                        0x1e0 (size before relaxing)
 .eh_frame      0x0000000000116844       0x40 binaries/mark.o
                                         0x58 (size before relaxing)
 .eh_frame      0x0000000000116884       0x44 binaries/meminit.o
                                         0x5c (size before relaxing)
 .eh_frame      0x00000000001168c8       0x20 binaries/mkbufpool.o
                                         0x38 (size before relaxing)
 .eh_frame      0x00000000001168e8       0x20 binaries/mysuspend.o
                                         0x38 (size before relaxing)
 .eh_frame      0x0000000000116908       0x20 binaries/newqueue.o
                                         0x38 (size before relaxing)
 .eh_frame      0x0000000000116928       0x20 binaries/open.o
                                         0x38 (size before relaxing)
 .eh_frame      0x0000000000116948       0x1c binaries/panic.o
                                         0x34 (size before relaxing)
 .eh_frame      0x0000000000116964      0x1c0 binaries/pci.o
                                        0x1d8 (size before relaxing)
 .eh_frame      0x0000000000116b24       0x60 binaries/platinit.o
                                         0x78 (size before relaxing)
 .eh_frame      0x0000000000116b84       0x20 binaries/ptclear.o
                                         0x38 (size before relaxing)
 .eh_frame      0x0000000000116ba4       0x20 binaries/ptcount.o
                                         0x38 (size before relaxing)
 .eh_frame      0x0000000000116bc4       0x20 binaries/ptcreate.o
                                         0x38 (size before relaxing)
 .eh_frame      0x0000000000116be4       0x20 binaries/ptdelete.o
                                         0x38 (size before relaxing)
 .eh_frame      0x0000000000116c04       0x20 binaries/ptinit.o
                                         0x38 (size before relaxing)
 .eh_frame      0x0000000000116c24       0x20 binaries/ptrecv.o
                                         0x38 (size before relaxing)
 .eh_frame      0x0000000000116c44       0x20 binaries/ptreset.o
                                         0x38 (size before relaxing)
 .eh_frame      0x0000000000116c64       0x20 binaries/ptsend.o
                                         0x38 (size before relaxing)
 .eh_frame      0x0000000000116c84       0x20 binaries/putc.o
                                         0x38 (size before relaxing)
 .eh_frame      0x0000000000116ca4       0x20 binaries/quark_irq.o
                                         0x38 (size before relaxing)
 .eh_frame      0x0000000000116cc4       0x40 binaries/quark_pdat.o
                                         0x58 (size before relaxing)
 .eh_frame      0x0000000000116d04       0x40 binaries/queue.o
                                         0x58 (size before relaxing)
 .eh_frame      0x0000000000116d44       0x20 binaries/read.o
                                         0x38 (size before relaxing)
 .eh_frame      0x0000000000116d64       0x24 binaries/ready.o
                                         0x3c (size before relaxing)
 .eh_frame      0x0000000000116d88       0x20 binaries/receive.o
                                         0x38 (size before relaxing)
 .eh_frame      0x0000000000116da8       0x20 binaries/recvclr.o
                                         0x38 (size before relaxing)
 .eh_frame      0x0000000000116dc8       0x20 binaries/recvtime.o
                                         0x38 (size before relaxing)
 .eh_frame      0x0000000000116de8       0x40 binaries/resched.o
                                         0x58 (size before relaxing)
 .eh_frame      0x0000000000116e28       0x20 binaries/resume.o
                                         0x38 (size before relaxing)
 .eh_frame      0x0000000000116e48       0x20 binaries/seek.o
                                         0x38 (size before relaxing)
 .eh_frame      0x0000000000116e68       0x20 binaries/semcount.o
                                         0x38 (size before relaxing)
 .eh_frame      0x0000000000116e88       0x40 binaries/semcreate.o
                                         0x58 (size before relaxing)
 .eh_frame      0x0000000000116ec8       0x20 binaries/semdelete.o
                                         0x38 (size before relaxing)
 .eh_frame      0x0000000000116ee8       0x20 binaries/semreset.o
                                         0x38 (size before relaxing)
 .eh_frame      0x0000000000116f08       0x20 binaries/send.o
                                         0x38 (size before relaxing)
 .eh_frame      0x0000000000116f28       0x20 binaries/signal.o
                                         0x38 (size before relaxing)
 .eh_frame      0x0000000000116f48       0x20 binaries/signaln.o
                                         0x38 (size before relaxing)
 .eh_frame      0x0000000000116f68       0x64 binaries/sleep.o
                                         0x7c (size before relaxing)
 .eh_frame      0x0000000000116fcc       0x20 binaries/stacktrace.o
                                         0x38 (size before relaxing)
 .eh_frame      0x0000000000116fec       0x20 binaries/suspend.o
                                         0x38 (size before relaxing)
 .eh_frame      0x000000000011700c       0x20 binaries/unsleep.o
                                         0x38 (size before relaxing)
 .eh_frame      0x000000000011702c       0x20 binaries/userret.o
                                         0x38 (size before relaxing)
 .eh_frame      0x000000000011704c       0x20 binaries/wait.o
                                         0x38 (size before relaxing)
 .eh_frame      0x000000000011706c       0x20 binaries/wakeup.o
                                         0x38 (size before relaxing)
 .eh_frame      0x000000000011708c       0x20 binaries/write.o
                                         0x38 (size before relaxing)
 .eh_frame      0x00000000001170ac       0x20 binaries/xdone.o
                                         0x38 (size before relaxing)
 .eh_frame      0x00000000001170cc       0x20 binaries/yield.o
                                         0x38 (size before relaxing)
 .eh_frame      0x00000000001170ec       0x20 binaries/abs.o
                                         0x38 (size before relaxing)
 .eh_frame      0x000000000011710c       0x20 binaries/atoi.o
                                         0x38 (size before relaxing)
 .eh_frame      0x000000000011712c       0x20 binaries/atol.o
                                         0x38 (size before relaxing)
 .eh_frame      0x000000000011714c       0x20 binaries/bzero.o
                                         0x38 (size before relaxing)
 .eh_frame      0x000000000011716c       0xe0 binaries/doprnt.o
                                         0xf8 (size before relaxing)
 .eh_frame      0x000000000011724c       0xb0 binaries/doscan.o
                                         0xc8 (size before relaxing)
 .eh_frame      0x00000000001172fc       0xc0 binaries/fdoprnt.o
                                         0xd8 (size before relaxing)
 .eh_frame      0x00000000001173bc       0x20 binaries/fgetc.o
                                         0x38 (size before relaxing)
 .eh_frame      0x00000000001173dc       0x20 binaries/fgets.o
                                         0x38 (size before relaxing)
 .eh_frame      0x00000000001173fc       0x20 binaries/fprintf.o
                                         0x38 (size before relaxing)
 .eh_frame      0x000000000011741c       0x20 binaries/fputc.o
                                         0x38 (size before relaxing)
 .eh_frame      0x000000000011743c       0x20 binaries/fputs.o
                                         0x38 (size before relaxing)
 .eh_frame      0x000000000011745c       0x60 binaries/fscanf.o
                                         0x78 (size before relaxing)
 .eh_frame      0x00000000001174bc       0x20 binaries/getchar.o
                                         0x38 (size before relaxing)
 .eh_frame      0x00000000001174dc       0x20 binaries/labs.o
                                         0x38 (size before relaxing)
 .eh_frame      0x00000000001174fc       0x20 binaries/memcmp.o
                                         0x38 (size before relaxing)
 .eh_frame      0x000000000011751c       0x24 binaries/memcpy.o
                                         0x3c (size before relaxing)
 .eh_frame      0x0000000000117540       0x24 binaries/memset.o
                                         0x3c (size before relaxing)
 .eh_frame      0x0000000000117564       0x20 binaries/printf.o
                                         0x38 (size before relaxing)
 .eh_frame      0x0000000000117584       0x20 binaries/putchar.o
                                         0x38 (size before relaxing)
 .eh_frame      0x00000000001175a4       0xa8 binaries/qsort.o
                                         0xc0 (size before relaxing)
 .eh_frame      0x000000000011764c       0x60 binaries/rand.o
                                         0x78 (size before relaxing)
 .eh_frame      0x00000000001176ac       0x40 binaries/sprintf.o
                                         0x58 (size before relaxing)
 .eh_frame      0x00000000001176ec       0x60 binaries/sscanf.o
                                         0x78 (size before relaxing)
 .eh_frame      0x000000000011774c       0x20 binaries/strchr.o
                                         0x38 (size before relaxing)
 .eh_frame      0x000000000011776c       0x20 binaries/strcmp.o
                                         0x38 (size before relaxing)
 .eh_frame      0x000000000011778c       0x20 binaries/strcpy.o
                                         0x38 (size before relaxing)
 .eh_frame      0x00000000001177ac       0x20 binaries/strlen.o
                                         0x38 (size before relaxing)
 .eh_frame      0x00000000001177cc       0x20 binaries/strncat.o
                                         0x38 (size before relaxing)
 .eh_frame      0x00000000001177ec       0x20 binaries/strncmp.o
                                         0x38 (size before relaxing)
 .eh_frame      0x000000000011780c       0x28 binaries/strncpy.o
                                         0x40 (size before relaxing)
 .eh_frame      0x0000000000117834       0x20 binaries/strnlen.o
                                         0x38 (size before relaxing)
 .eh_frame      0x0000000000117854       0x20 binaries/strrchr.o
                                         0x38 (size before relaxing)
 .eh_frame      0x0000000000117874       0x20 binaries/strstr.o
                                         0x38 (size before relaxing)
 .eh_frame      0x0000000000117894       0x20 binaries/ttycontrol.o
                                         0x38 (size before relaxing)
 .eh_frame      0x00000000001178b4       0x20 binaries/ttygetc.o
                                         0x38 (size before relaxing)
 .eh_frame      0x00000000001178d4       0x80 binaries/ttyhandle_in.o
                                         0x98 (size before relaxing)
 .eh_frame      0x0000000000117954       0x20 binaries/ttyhandle_out.o
                                         0x38 (size before relaxing)
 .eh_frame      0x0000000000117974       0x20 binaries/ttyhandler.o
                                         0x38 (size before relaxing)
 .eh_frame      0x0000000000117994       0x20 binaries/ttyinit.o
                                         0x38 (size before relaxing)
 .eh_frame      0x00000000001179b4       0x20 binaries/ttykickout.o
                                         0x38 (size before relaxing)
 .eh_frame      0x00000000001179d4       0x20 binaries/ttyputc.o
                                         0x38 (size before relaxing)
 .eh_frame      0x00000000001179f4       0x24 binaries/ttyread.o
                                         0x3c (size before relaxing)
 .eh_frame      0x0000000000117a18       0x20 binaries/ttywrite.o
                                         0x38 (size before relaxing)
 .eh_frame      0x0000000000117a38       0x40 binaries/mount.o
                                         0x58 (size before relaxing)
 .eh_frame      0x0000000000117a78       0x20 binaries/naminit.o
                                         0x38 (size before relaxing)
 .eh_frame      0x0000000000117a98       0x60 binaries/nammap.o
                                         0x78 (size before relaxing)
 .eh_frame      0x0000000000117af8       0x20 binaries/namopen.o
                                         0x38 (size before relaxing)
 .eh_frame      0x0000000000117b18       0x20 binaries/ethcontrol.o
                                         0x38 (size before relaxing)
 .eh_frame      0x0000000000117b38       0x20 binaries/ethhandler.o
                                         0x38 (size before relaxing)
 .eh_frame      0x0000000000117b58       0x9c binaries/ethinit.o
                                         0xb4 (size before relaxing)
 .eh_frame      0x0000000000117bf4       0x40 binaries/ethmcast.o
                                         0x58 (size before relaxing)
 .eh_frame      0x0000000000117c34       0x20 binaries/ethread.o
                                         0x38 (size before relaxing)
 .eh_frame      0x0000000000117c54       0x20 binaries/ethwrite.o
                                         0x38 (size before relaxing)
 .eh_frame      0x0000000000117c74       0xc0 binaries/arp.o
                                         0xd8 (size before relaxing)
 .eh_frame      0x0000000000117d34       0xa0 binaries/dhcp.o
                                         0xb8 (size before relaxing)
 .eh_frame      0x0000000000117dd4       0x80 binaries/dns.o
                                         0x98 (size before relaxing)
 .eh_frame      0x0000000000117e54       0x20 binaries/dot2ip.o
                                         0x38 (size before relaxing)
 .eh_frame      0x0000000000117e74       0x40 binaries/hexdump.o
                                         0x58 (size before relaxing)
 .eh_frame      0x0000000000117eb4      0x14c binaries/icmp.o
                                        0x164 (size before relaxing)
 .eh_frame      0x0000000000118000      0x11c binaries/ip.o
                                        0x134 (size before relaxing)
 .eh_frame      0x000000000011811c       0xa0 binaries/net.o
                                         0xb8 (size before relaxing)
 .eh_frame      0x00000000001181bc       0x60 binaries/pdump.o
                                         0x78 (size before relaxing)
 .eh_frame      0x000000000011821c       0x4c binaries/tftp.o
                                         0x64 (size before relaxing)
 .eh_frame      0x0000000000118268      0x140 binaries/udp.o
                                        0x158 (size before relaxing)
 .eh_frame      0x00000000001183a8       0x20 binaries/addargs.o
                                         0x38 (size before relaxing)
 .eh_frame      0x00000000001183c8       0x20 binaries/lexan.o
                                         0x38 (size before relaxing)
 .eh_frame      0x00000000001183e8       0x20 binaries/shell.o
                                         0x38 (size before relaxing)
 .eh_frame      0x0000000000118408       0x20 binaries/xsh_argecho.o
                                         0x38 (size before relaxing)
 .eh_frame      0x0000000000118428       0x40 binaries/xsh_arp.o
                                         0x58 (size before relaxing)
 .eh_frame      0x0000000000118468       0x20 binaries/xsh_cat.o
                                         0x38 (size before relaxing)
 .eh_frame      0x0000000000118488       0x20 binaries/xsh_clear.o
                                         0x38 (size before relaxing)
 .eh_frame      0x00000000001184a8       0x20 binaries/xsh_date.o
                                         0x38 (size before relaxing)
 .eh_frame      0x00000000001184c8       0x20 binaries/xsh_devdump.o
                                         0x38 (size before relaxing)
 .eh_frame      0x00000000001184e8       0x20 binaries/xsh_echo.o
                                         0x38 (size before relaxing)
 .eh_frame      0x0000000000118508       0x20 binaries/xsh_exit.o
                                         0x38 (size before relaxing)
 .eh_frame      0x0000000000118528       0x20 binaries/xsh_help.o
                                         0x38 (size before relaxing)
 .eh_frame      0x0000000000118548       0x20 binaries/xsh_kill.o
                                         0x38 (size before relaxing)
 .eh_frame      0x0000000000118568       0x40 binaries/xsh_memdump.o
                                         0x58 (size before relaxing)
 .eh_frame      0x00000000001185a8       0x60 binaries/xsh_memstat.o
                                         0x78 (size before relaxing)
 .eh_frame      0x0000000000118608       0x30 binaries/xsh_netinfo.o
                                         0x48 (size before relaxing)
 .eh_frame      0x0000000000118638       0x24 binaries/xsh_ping.o
                                         0x3c (size before relaxing)
 .eh_frame      0x000000000011865c       0x30 binaries/xsh_ps.o
                                         0x48 (size before relaxing)
 .eh_frame      0x000000000011868c       0x20 binaries/xsh_sleep.o
                                         0x38 (size before relaxing)
 .eh_frame      0x00000000001186ac       0x20 binaries/xsh_udpdump.o
                                         0x38 (size before relaxing)
 .eh_frame      0x00000000001186cc       0x30 binaries/xsh_udpecho.o
                                         0x48 (size before relaxing)
 .eh_frame      0x00000000001186fc       0x20 binaries/xsh_udpserver.o
                                         0x38 (size before relaxing)
 .eh_frame      0x000000000011871c       0x20 binaries/xsh_uptime.o
                                         0x38 (size before relaxing)

.iplt           0x0000000000118740        0x0
 .iplt          0x0000000000118740        0x0 binaries/start.o

.rel.dyn        0x000000000011873c        0x0
 .rel.iplt      0x000000000011873c        0x0 binaries/start.o
 .rel.text      0x000000000011873c        0x0 binaries/start.o
 .rel.data      0x000000000011873c        0x0 binaries/start.o
 .rel.rodata    0x000000000011873c        0x0 binaries/start.o

.data           0x0000000000118740     0x18c0
                0x0000000000118740                data = ABSOLUTE (.)
 *(.data .data.*)
 .data          0x0000000000118740      0x83a binaries/start.o
                0x0000000000118740                gdt
                0x0000000000118770                idt
                0x0000000000118f76                cpudelay
 *fill*         0x0000000000118f7a        0x6 
 .data          0x0000000000118f80       0x88 binaries/ascdate.o
                0x0000000000118f80                Date
 .data          0x0000000000119008        0x0 binaries/bufinit.o
 .data          0x0000000000119008        0x0 binaries/chprio.o
 .data          0x0000000000119008        0x4 binaries/clkhandler.o
 .data          0x000000000011900c        0x0 binaries/clkinit.o
 .data          0x000000000011900c        0x0 binaries/close.o
 *fill*         0x000000000011900c       0x14 
 .data          0x0000000000119020       0xf0 binaries/conf.o
                0x0000000000119020                devtab
 .data          0x0000000000119110        0x0 binaries/control.o
 .data          0x0000000000119110        0x4 binaries/create.o
 .data          0x0000000000119114        0x0 binaries/early_imr.o
 *fill*         0x0000000000119114        0xc 
 .data          0x0000000000119120       0x40 binaries/evec.o
                0x0000000000119120                inames
 .data          0x0000000000119160        0x0 binaries/exit.o
 .data          0x0000000000119160        0x0 binaries/freebuf.o
 .data          0x0000000000119160        0x0 binaries/freemem.o
 .data          0x0000000000119160        0x0 binaries/getbuf.o
 .data          0x0000000000119160        0x0 binaries/getc.o
 .data          0x0000000000119160        0x0 binaries/getdev.o
 .data          0x0000000000119160        0x0 binaries/getitem.o
 .data          0x0000000000119160        0x0 binaries/getmem.o
 .data          0x0000000000119160        0x0 binaries/getpid.o
 .data          0x0000000000119160        0x0 binaries/getprio.o
 .data          0x0000000000119160        0x0 binaries/getstk.o
 .data          0x0000000000119160        0x0 binaries/getticks.o
 .data          0x0000000000119160        0x0 binaries/gettime.o
 .data          0x0000000000119160        0x0 binaries/getutime.o
 .data          0x0000000000119160        0x0 binaries/init.o
 .data          0x0000000000119160        0x0 binaries/initialize.o
 .data          0x0000000000119160        0x0 binaries/insert.o
 .data          0x0000000000119160        0x0 binaries/insertd.o
 .data          0x0000000000119160        0x0 binaries/ioerr.o
 .data          0x0000000000119160        0x0 binaries/ionull.o
 .data          0x0000000000119160        0x0 binaries/kill.o
 .data          0x0000000000119160        0x0 binaries/kprintf.o
 .data          0x0000000000119160        0x0 binaries/main.o
 .data          0x0000000000119160        0x0 binaries/mark.o
 .data          0x0000000000119160       0x40 binaries/meminit.o
                0x0000000000119160                bootsign
                0x0000000000119164                bootinfo
                0x0000000000119180                gdt_copy
 .data          0x00000000001191a0        0x0 binaries/mkbufpool.o
 .data          0x00000000001191a0        0x0 binaries/mysuspend.o
 .data          0x00000000001191a0        0x2 binaries/newqueue.o
 .data          0x00000000001191a2        0x0 binaries/open.o
 .data          0x00000000001191a2        0x0 binaries/panic.o
 .data          0x00000000001191a2        0x0 binaries/pci.o
 .data          0x00000000001191a2        0x0 binaries/platinit.o
 .data          0x00000000001191a2        0x0 binaries/ptclear.o
 .data          0x00000000001191a2        0x0 binaries/ptcount.o
 .data          0x00000000001191a2        0x0 binaries/ptcreate.o
 .data          0x00000000001191a2        0x0 binaries/ptdelete.o
 .data          0x00000000001191a2        0x0 binaries/ptinit.o
 .data          0x00000000001191a2        0x0 binaries/ptrecv.o
 .data          0x00000000001191a2        0x0 binaries/ptreset.o
 .data          0x00000000001191a2        0x0 binaries/ptsend.o
 .data          0x00000000001191a2        0x0 binaries/putc.o
 .data          0x00000000001191a2        0x0 binaries/quark_irq.o
 .data          0x00000000001191a2        0x0 binaries/quark_pdat.o
 .data          0x00000000001191a2        0x0 binaries/queue.o
 .data          0x00000000001191a2        0x0 binaries/read.o
 .data          0x00000000001191a2        0x0 binaries/ready.o
 .data          0x00000000001191a2        0x0 binaries/receive.o
 .data          0x00000000001191a2        0x0 binaries/recvclr.o
 .data          0x00000000001191a2        0x0 binaries/recvtime.o
 .data          0x00000000001191a2        0x0 binaries/resched.o
 .data          0x00000000001191a2        0x0 binaries/resume.o
 .data          0x00000000001191a2        0x0 binaries/seek.o
 .data          0x00000000001191a2        0x0 binaries/semcount.o
 .data          0x00000000001191a2        0x0 binaries/semcreate.o
 .data          0x00000000001191a2        0x0 binaries/semdelete.o
 .data          0x00000000001191a2        0x0 binaries/semreset.o
 .data          0x00000000001191a2        0x0 binaries/send.o
 .data          0x00000000001191a2        0x0 binaries/signal.o
 .data          0x00000000001191a2        0x0 binaries/signaln.o
 .data          0x00000000001191a2        0x0 binaries/sleep.o
 .data          0x00000000001191a2        0x0 binaries/stacktrace.o
 .data          0x00000000001191a2        0x0 binaries/suspend.o
 .data          0x00000000001191a2        0x0 binaries/unsleep.o
 .data          0x00000000001191a2        0x0 binaries/userret.o
 .data          0x00000000001191a2        0x0 binaries/wait.o
 .data          0x00000000001191a2        0x0 binaries/wakeup.o
 .data          0x00000000001191a2        0x0 binaries/write.o
 .data          0x00000000001191a2        0x0 binaries/xdone.o
 .data          0x00000000001191a2        0x0 binaries/yield.o
 .data          0x00000000001191a2        0x0 binaries/abs.o
 .data          0x00000000001191a2        0x0 binaries/atoi.o
 .data          0x00000000001191a2        0x0 binaries/atol.o
 .data          0x00000000001191a2        0x0 binaries/bzero.o
 .data          0x00000000001191a2        0x0 binaries/ctype_.o
 .data          0x00000000001191a2        0x0 binaries/doprnt.o
 *fill*         0x00000000001191a2       0x1e 
 .data          0x00000000001191c0       0x80 binaries/doscan.o
                0x00000000001191c0                _sctab
 .data          0x0000000000119240        0x0 binaries/fdoprnt.o
 .data          0x0000000000119240        0x0 binaries/fgetc.o
 .data          0x0000000000119240        0x0 binaries/fgets.o
 .data          0x0000000000119240        0x0 binaries/fprintf.o
 .data          0x0000000000119240        0x0 binaries/fputc.o
 .data          0x0000000000119240        0x0 binaries/fputs.o
 .data          0x0000000000119240        0x0 binaries/fscanf.o
 .data          0x0000000000119240        0x0 binaries/getchar.o
 .data          0x0000000000119240        0x0 binaries/labs.o
 .data          0x0000000000119240        0x0 binaries/memchr.o
 .data          0x0000000000119240        0x0 binaries/memcmp.o
 .data          0x0000000000119240        0x0 binaries/memcpy.o
 .data          0x0000000000119240        0x0 binaries/memset.o
 .data          0x0000000000119240        0x0 binaries/printf.o
 .data          0x0000000000119240        0x0 binaries/putchar.o
 .data          0x0000000000119240        0x0 binaries/qsort.o
 .data          0x0000000000119240        0x4 binaries/rand.o
 .data          0x0000000000119244        0x0 binaries/sprintf.o
 .data          0x0000000000119244        0x0 binaries/sscanf.o
 .data          0x0000000000119244        0x0 binaries/strchr.o
 .data          0x0000000000119244        0x0 binaries/strcmp.o
 .data          0x0000000000119244        0x0 binaries/strcpy.o
 .data          0x0000000000119244        0x0 binaries/strlen.o
 .data          0x0000000000119244        0x0 binaries/strncat.o
 .data          0x0000000000119244        0x0 binaries/strncmp.o
 .data          0x0000000000119244        0x0 binaries/strncpy.o
 .data          0x0000000000119244        0x0 binaries/strnlen.o
 .data          0x0000000000119244        0x0 binaries/strrchr.o
 .data          0x0000000000119244        0x0 binaries/strstr.o
 .data          0x0000000000119244        0x0 binaries/ttycontrol.o
 .data          0x0000000000119244        0x0 binaries/ttygetc.o
 .data          0x0000000000119244        0x0 binaries/ttyhandle_in.o
 .data          0x0000000000119244        0x0 binaries/ttyhandle_out.o
 .data          0x0000000000119244        0x0 binaries/ttyhandler.o
 .data          0x0000000000119244        0x0 binaries/ttyinit.o
 .data          0x0000000000119244        0x0 binaries/ttykickout.o
 .data          0x0000000000119244        0x0 binaries/ttyputc.o
 .data          0x0000000000119244        0x0 binaries/ttyread.o
 .data          0x0000000000119244        0x0 binaries/ttywrite.o
 .data          0x0000000000119244        0x0 binaries/mount.o
 .data          0x0000000000119244        0x0 binaries/naminit.o
 .data          0x0000000000119244        0x0 binaries/nammap.o
 .data          0x0000000000119244        0x0 binaries/namopen.o
 .data          0x0000000000119244        0x0 binaries/ethcontrol.o
 .data          0x0000000000119244        0x0 binaries/ethhandler.o
 .data          0x0000000000119244        0x0 binaries/ethinit.o
 .data          0x0000000000119244        0x0 binaries/ethmcast.o
 .data          0x0000000000119244        0x0 binaries/ethread.o
 .data          0x0000000000119244        0x0 binaries/ethwrite.o
 .data          0x0000000000119244        0x0 binaries/arp.o
 .data          0x0000000000119244        0x0 binaries/dhcp.o
 .data          0x0000000000119244        0x0 binaries/dns.o
 .data          0x0000000000119244        0x0 binaries/dot2ip.o
 .data          0x0000000000119244        0x0 binaries/hexdump.o
 .data          0x0000000000119244        0x4 binaries/icmp.o
 .data          0x0000000000119248        0x0 binaries/ip.o
 .data          0x0000000000119248        0x0 binaries/net.o
 .data          0x0000000000119248        0x0 binaries/pdump.o
 .data          0x0000000000119248        0x0 binaries/tftp.o
 .data          0x0000000000119248        0x4 binaries/udp.o
 .data          0x000000000011924c        0x0 binaries/addargs.o
 .data          0x000000000011924c        0x0 binaries/lexan.o
 .data          0x000000000011924c        0x4 binaries/shell.o
                0x000000000011924c                ncmd
 .data          0x0000000000119250        0x0 binaries/xsh_argecho.o
 .data          0x0000000000119250        0x0 binaries/xsh_arp.o
 .data          0x0000000000119250        0x0 binaries/xsh_cat.o
 .data          0x0000000000119250        0x0 binaries/xsh_clear.o
 .data          0x0000000000119250        0x0 binaries/xsh_date.o
 .data          0x0000000000119250        0x0 binaries/xsh_devdump.o
 .data          0x0000000000119250        0x0 binaries/xsh_echo.o
 .data          0x0000000000119250        0x0 binaries/xsh_exit.o
 .data          0x0000000000119250        0x0 binaries/xsh_help.o
 .data          0x0000000000119250        0x0 binaries/xsh_kill.o
 .data          0x0000000000119250        0x0 binaries/xsh_memdump.o
 .data          0x0000000000119250        0x0 binaries/xsh_memstat.o
 .data          0x0000000000119250        0x0 binaries/xsh_netinfo.o
 .data          0x0000000000119250        0x0 binaries/xsh_ping.o
 .data          0x0000000000119250        0x0 binaries/xsh_ps.o
 .data          0x0000000000119250        0x0 binaries/xsh_sleep.o
 .data          0x0000000000119250        0x0 binaries/xsh_udpdump.o
 .data          0x0000000000119250        0x0 binaries/xsh_udpecho.o
 .data          0x0000000000119250        0x0 binaries/xsh_udpserver.o
 .data          0x0000000000119250        0x0 binaries/xsh_uptime.o
 .data          0x0000000000119250        0x0 binaries/clkdisp.o
 .data          0x0000000000119250        0x0 binaries/ctxsw.o
 .data          0x0000000000119250        0x0 binaries/intr.o
 .data          0x0000000000119250        0x0 binaries/ttydispatch.o
 .data          0x0000000000119250        0x0 binaries/ethdispatch.o
                0x0000000000119250                edata = ABSOLUTE (.)
                0x000000000011a000                . = ALIGN (0x1000)
 *fill*         0x0000000000119250      0xdb0 

.igot.plt       0x000000000011a000        0x0
 .igot.plt      0x000000000011a000        0x0 binaries/start.o

.bss            0x000000000011a000     0x5000
                0x000000000011a000                bss = ABSOLUTE (.)
 *(.bss .bss.*)
 .bss           0x000000000011a000        0x0 binaries/start.o
 .bss           0x000000000011a000        0x0 binaries/ascdate.o
 .bss           0x000000000011a000        0x0 binaries/bufinit.o
 .bss           0x000000000011a000        0x0 binaries/chprio.o
 .bss           0x000000000011a000        0x0 binaries/clkhandler.o
 .bss           0x000000000011a000        0x4 binaries/clkinit.o
                0x000000000011a000                ctr1000
 .bss           0x000000000011a004        0x0 binaries/close.o
 .bss           0x000000000011a004        0x0 binaries/conf.o
 .bss           0x000000000011a004        0x0 binaries/control.o
 .bss           0x000000000011a004        0x0 binaries/create.o
 .bss           0x000000000011a004        0x4 binaries/early_imr.o
 .bss           0x000000000011a008        0x0 binaries/evec.o
 .bss           0x000000000011a008        0x0 binaries/exit.o
 .bss           0x000000000011a008        0x0 binaries/freebuf.o
 .bss           0x000000000011a008        0x0 binaries/freemem.o
 .bss           0x000000000011a008        0x0 binaries/getbuf.o
 .bss           0x000000000011a008        0x0 binaries/getc.o
 .bss           0x000000000011a008        0x0 binaries/getdev.o
 .bss           0x000000000011a008        0x0 binaries/getitem.o
 .bss           0x000000000011a008        0x0 binaries/getmem.o
 .bss           0x000000000011a008        0x0 binaries/getpid.o
 .bss           0x000000000011a008        0x0 binaries/getprio.o
 .bss           0x000000000011a008        0x0 binaries/getstk.o
 .bss           0x000000000011a008        0x0 binaries/getticks.o
 .bss           0x000000000011a008        0x0 binaries/gettime.o
 .bss           0x000000000011a008        0x0 binaries/getutime.o
 .bss           0x000000000011a008        0x0 binaries/init.o
 .bss           0x000000000011a008        0x0 binaries/initialize.o
 .bss           0x000000000011a008        0x0 binaries/insert.o
 .bss           0x000000000011a008        0x0 binaries/insertd.o
 .bss           0x000000000011a008        0x0 binaries/ioerr.o
 .bss           0x000000000011a008        0x0 binaries/ionull.o
 .bss           0x000000000011a008        0x0 binaries/kill.o
 .bss           0x000000000011a008        0x0 binaries/kprintf.o
 .bss           0x000000000011a008        0x0 binaries/main.o
 .bss           0x000000000011a008        0x0 binaries/mark.o
 .bss           0x000000000011a008        0x0 binaries/meminit.o
 .bss           0x000000000011a008        0x0 binaries/mkbufpool.o
 .bss           0x000000000011a008        0x0 binaries/mysuspend.o
 .bss           0x000000000011a008        0x0 binaries/newqueue.o
 .bss           0x000000000011a008        0x0 binaries/open.o
 .bss           0x000000000011a008        0x0 binaries/panic.o
 .bss           0x000000000011a008        0x0 binaries/pci.o
 .bss           0x000000000011a008        0x0 binaries/platinit.o
 .bss           0x000000000011a008        0x0 binaries/ptclear.o
 .bss           0x000000000011a008        0x0 binaries/ptcount.o
 .bss           0x000000000011a008        0x0 binaries/ptcreate.o
 .bss           0x000000000011a008        0x0 binaries/ptdelete.o
 .bss           0x000000000011a008        0x0 binaries/ptinit.o
 .bss           0x000000000011a008        0x0 binaries/ptrecv.o
 .bss           0x000000000011a008        0x0 binaries/ptreset.o
 .bss           0x000000000011a008        0x0 binaries/ptsend.o
 .bss           0x000000000011a008        0x0 binaries/putc.o
 .bss           0x000000000011a008        0x0 binaries/quark_irq.o
 .bss           0x000000000011a008        0x0 binaries/quark_pdat.o
 .bss           0x000000000011a008        0x0 binaries/queue.o
 .bss           0x000000000011a008        0x0 binaries/read.o
 .bss           0x000000000011a008        0x0 binaries/ready.o
 .bss           0x000000000011a008        0x0 binaries/receive.o
 .bss           0x000000000011a008        0x0 binaries/recvclr.o
 .bss           0x000000000011a008        0x0 binaries/recvtime.o
 .bss           0x000000000011a008        0x0 binaries/resched.o
 .bss           0x000000000011a008        0x0 binaries/resume.o
 .bss           0x000000000011a008        0x0 binaries/seek.o
 .bss           0x000000000011a008        0x0 binaries/semcount.o
 .bss           0x000000000011a008        0x4 binaries/semcreate.o
 .bss           0x000000000011a00c        0x0 binaries/semdelete.o
 .bss           0x000000000011a00c        0x0 binaries/semreset.o
 .bss           0x000000000011a00c        0x0 binaries/send.o
 .bss           0x000000000011a00c        0x0 binaries/signal.o
 .bss           0x000000000011a00c        0x0 binaries/signaln.o
 .bss           0x000000000011a00c        0x0 binaries/sleep.o
 .bss           0x000000000011a00c        0x8 binaries/stacktrace.o
 .bss           0x000000000011a014        0x0 binaries/suspend.o
 .bss           0x000000000011a014        0x0 binaries/unsleep.o
 .bss           0x000000000011a014        0x0 binaries/userret.o
 .bss           0x000000000011a014        0x0 binaries/wait.o
 .bss           0x000000000011a014        0x0 binaries/wakeup.o
 .bss           0x000000000011a014        0x0 binaries/write.o
 .bss           0x000000000011a014        0x0 binaries/xdone.o
 .bss           0x000000000011a014        0x0 binaries/yield.o
 .bss           0x000000000011a014        0x0 binaries/abs.o
 .bss           0x000000000011a014        0x0 binaries/atoi.o
 .bss           0x000000000011a014        0x0 binaries/atol.o
 .bss           0x000000000011a014        0x0 binaries/bzero.o
[...]
 .comment       0x000000000000002a       0x2b binaries/write.o
 .comment       0x000000000000002a       0x2b binaries/xdone.o
 .comment       0x000000000000002a       0x2b binaries/yield.o
 .comment       0x000000000000002a       0x2b binaries/abs.o
 .comment       0x000000000000002a       0x2b binaries/atoi.o
 .comment       0x000000000000002a       0x2b binaries/atol.o
 .comment       0x000000000000002a       0x2b binaries/bzero.o
 .comment       0x000000000000002a       0x2b binaries/ctype_.o
 .comment       0x000000000000002a       0x2b binaries/doprnt.o
 .comment       0x000000000000002a       0x2b binaries/doscan.o
 .comment       0x000000000000002a       0x2b binaries/fdoprnt.o
 .comment       0x000000000000002a       0x2b binaries/fgetc.o
 .comment       0x000000000000002a       0x2b binaries/fgets.o
 .comment       0x000000000000002a       0x2b binaries/fprintf.o
 .comment       0x000000000000002a       0x2b binaries/fputc.o
 .comment       0x000000000000002a       0x2b binaries/fputs.o
 .comment       0x000000000000002a       0x2b binaries/fscanf.o
 .comment       0x000000000000002a       0x2b binaries/getchar.o
 .comment       0x000000000000002a       0x2b binaries/labs.o
 .comment       0x000000000000002a       0x2b binaries/memchr.o
 .comment       0x000000000000002a       0x2b binaries/memcmp.o
 .comment       0x000000000000002a       0x2b binaries/memcpy.o
 .comment       0x000000000000002a       0x2b binaries/memset.o
 .comment       0x000000000000002a       0x2b binaries/printf.o
 .comment       0x000000000000002a       0x2b binaries/putchar.o
 .comment       0x000000000000002a       0x2b binaries/qsort.o
 .comment       0x000000000000002a       0x2b binaries/rand.o
 .comment       0x000000000000002a       0x2b binaries/sprintf.o
 .comment       0x000000000000002a       0x2b binaries/sscanf.o
 .comment       0x000000000000002a       0x2b binaries/strchr.o
 .comment       0x000000000000002a       0x2b binaries/strcmp.o
 .comment       0x000000000000002a       0x2b binaries/strcpy.o
 .comment       0x000000000000002a       0x2b binaries/strlen.o
 .comment       0x000000000000002a       0x2b binaries/strncat.o
 .comment       0x000000000000002a       0x2b binaries/strncmp.o
 .comment       0x000000000000002a       0x2b binaries/strncpy.o
 .comment       0x000000000000002a       0x2b binaries/strnlen.o
 .comment       0x000000000000002a       0x2b binaries/strrchr.o
 .comment       0x000000000000002a       0x2b binaries/strstr.o
 .comment       0x000000000000002a       0x2b binaries/ttycontrol.o
 .comment       0x000000000000002a       0x2b binaries/ttygetc.o
 .comment       0x000000000000002a       0x2b binaries/ttyhandle_in.o
 .comment       0x000000000000002a       0x2b binaries/ttyhandle_out.o
 .comment       0x000000000000002a       0x2b binaries/ttyhandler.o
 .comment       0x000000000000002a       0x2b binaries/ttyinit.o
 .comment       0x000000000000002a       0x2b binaries/ttykickout.o
 .comment       0x000000000000002a       0x2b binaries/ttyputc.o
 .comment       0x000000000000002a       0x2b binaries/ttyread.o
 .comment       0x000000000000002a       0x2b binaries/ttywrite.o
 .comment       0x000000000000002a       0x2b binaries/mount.o
 .comment       0x000000000000002a       0x2b binaries/naminit.o
 .comment       0x000000000000002a       0x2b binaries/nammap.o
 .comment       0x000000000000002a       0x2b binaries/namopen.o
 .comment       0x000000000000002a       0x2b binaries/ethcontrol.o
 .comment       0x000000000000002a       0x2b binaries/ethhandler.o
 .comment       0x000000000000002a       0x2b binaries/ethinit.o
 .comment       0x000000000000002a       0x2b binaries/ethmcast.o
 .comment       0x000000000000002a       0x2b binaries/ethread.o
 .comment       0x000000000000002a       0x2b binaries/ethwrite.o
 .comment       0x000000000000002a       0x2b binaries/arp.o
 .comment       0x000000000000002a       0x2b binaries/dhcp.o
 .comment       0x000000000000002a       0x2b binaries/dns.o
 .comment       0x000000000000002a       0x2b binaries/dot2ip.o
 .comment       0x000000000000002a       0x2b binaries/hexdump.o
 .comment       0x000000000000002a       0x2b binaries/icmp.o
 .comment       0x000000000000002a       0x2b binaries/ip.o
 .comment       0x000000000000002a       0x2b binaries/net.o
 .comment       0x000000000000002a       0x2b binaries/pdump.o
 .comment       0x000000000000002a       0x2b binaries/tftp.o
 .comment       0x000000000000002a       0x2b binaries/udp.o
 .comment       0x000000000000002a       0x2b binaries/addargs.o
 .comment       0x000000000000002a       0x2b binaries/lexan.o
 .comment       0x000000000000002a       0x2b binaries/shell.o
 .comment       0x000000000000002a       0x2b binaries/xsh_argecho.o
 .comment       0x000000000000002a       0x2b binaries/xsh_arp.o
 .comment       0x000000000000002a       0x2b binaries/xsh_cat.o
 .comment       0x000000000000002a       0x2b binaries/xsh_clear.o
 .comment       0x000000000000002a       0x2b binaries/xsh_date.o
 .comment       0x000000000000002a       0x2b binaries/xsh_devdump.o
 .comment       0x000000000000002a       0x2b binaries/xsh_echo.o
 .comment       0x000000000000002a       0x2b binaries/xsh_exit.o
 .comment       0x000000000000002a       0x2b binaries/xsh_help.o
 .comment       0x000000000000002a       0x2b binaries/xsh_kill.o
 .comment       0x000000000000002a       0x2b binaries/xsh_memdump.o
 .comment       0x000000000000002a       0x2b binaries/xsh_memstat.o
 .comment       0x000000000000002a       0x2b binaries/xsh_netinfo.o
 .comment       0x000000000000002a       0x2b binaries/xsh_ping.o
 .comment       0x000000000000002a       0x2b binaries/xsh_ps.o
 .comment       0x000000000000002a       0x2b binaries/xsh_sleep.o
 .comment       0x000000000000002a       0x2b binaries/xsh_udpdump.o
 .comment       0x000000000000002a       0x2b binaries/xsh_udpecho.o
 .comment       0x000000000000002a       0x2b binaries/xsh_udpserver.o
 .comment       0x000000000000002a       0x2b binaries/xsh_uptime.o

.note.GNU-stack
                0x0000000000000000        0x0
 .note.GNU-stack
                0x0000000000000000        0x0 binaries/ascdate.o
 .note.GNU-stack
                0x0000000000000000        0x0 binaries/bufinit.o
 .note.GNU-stack
                0x0000000000000000        0x0 binaries/chprio.o
 .note.GNU-stack
                0x0000000000000000        0x0 binaries/clkhandler.o
 .note.GNU-stack
                0x0000000000000000        0x0 binaries/clkinit.o
 .note.GNU-stack
                0x0000000000000000        0x0 binaries/close.o
 .note.GNU-stack
                0x0000000000000000        0x0 binaries/conf.o
 .note.GNU-stack
                0x0000000000000000        0x0 binaries/control.o
 .note.GNU-stack
                0x0000000000000000        0x0 binaries/create.o
 .note.GNU-stack
                0x0000000000000000        0x0 binaries/early_imr.o
 .note.GNU-stack
                0x0000000000000000        0x0 binaries/evec.o
 .note.GNU-stack
                0x0000000000000000        0x0 binaries/exit.o
 .note.GNU-stack
                0x0000000000000000        0x0 binaries/freebuf.o
 .note.GNU-stack
                0x0000000000000000        0x0 binaries/freemem.o
 .note.GNU-stack
                0x0000000000000000        0x0 binaries/getbuf.o
 .note.GNU-stack
                0x0000000000000000        0x0 binaries/getc.o
 .note.GNU-stack
                0x0000000000000000        0x0 binaries/getdev.o
 .note.GNU-stack
                0x0000000000000000        0x0 binaries/getitem.o
 .note.GNU-stack
                0x0000000000000000        0x0 binaries/getmem.o
 .note.GNU-stack
                0x0000000000000000        0x0 binaries/getpid.o
 .note.GNU-stack
                0x0000000000000000        0x0 binaries/getprio.o
 .note.GNU-stack
                0x0000000000000000        0x0 binaries/getstk.o
 .note.GNU-stack
                0x0000000000000000        0x0 binaries/getticks.o
 .note.GNU-stack
                0x0000000000000000        0x0 binaries/gettime.o
 .note.GNU-stack
                0x0000000000000000        0x0 binaries/getutime.o
 .note.GNU-stack
                0x0000000000000000        0x0 binaries/init.o
 .note.GNU-stack
                0x0000000000000000        0x0 binaries/initialize.o
 .note.GNU-stack
                0x0000000000000000        0x0 binaries/insert.o
 .note.GNU-stack
                0x0000000000000000        0x0 binaries/insertd.o
 .note.GNU-stack
                0x0000000000000000        0x0 binaries/ioerr.o
 .note.GNU-stack
                0x0000000000000000        0x0 binaries/ionull.o
 .note.GNU-stack
                0x0000000000000000        0x0 binaries/kill.o
 .note.GNU-stack
                0x0000000000000000        0x0 binaries/kprintf.o
 .note.GNU-stack
                0x0000000000000000        0x0 binaries/main.o
 .note.GNU-stack
                0x0000000000000000        0x0 binaries/mark.o
 .note.GNU-stack
                0x0000000000000000        0x0 binaries/meminit.o
 .note.GNU-stack
                0x0000000000000000        0x0 binaries/mkbufpool.o
 .note.GNU-stack
                0x0000000000000000        0x0 binaries/mysuspend.o
 .note.GNU-stack
                0x0000000000000000        0x0 binaries/newqueue.o
 .note.GNU-stack
                0x0000000000000000        0x0 binaries/open.o
 .note.GNU-stack
                0x0000000000000000        0x0 binaries/panic.o
 .note.GNU-stack
                0x0000000000000000        0x0 binaries/pci.o
 .note.GNU-stack
                0x0000000000000000        0x0 binaries/platinit.o
 .note.GNU-stack
                0x0000000000000000        0x0 binaries/ptclear.o
 .note.GNU-stack
                0x0000000000000000        0x0 binaries/ptcount.o
 .note.GNU-stack
                0x0000000000000000        0x0 binaries/ptcreate.o
 .note.GNU-stack
                0x0000000000000000        0x0 binaries/ptdelete.o
 .note.GNU-stack
                0x0000000000000000        0x0 binaries/ptinit.o
 .note.GNU-stack
                0x0000000000000000        0x0 binaries/ptrecv.o
 .note.GNU-stack
                0x0000000000000000        0x0 binaries/ptreset.o
 .note.GNU-stack
                0x0000000000000000        0x0 binaries/ptsend.o
 .note.GNU-stack
                0x0000000000000000        0x0 binaries/putc.o
 .note.GNU-stack
                0x0000000000000000        0x0 binaries/quark_irq.o
 .note.GNU-stack
                0x0000000000000000        0x0 binaries/quark_pdat.o
 .note.GNU-stack
                0x0000000000000000        0x0 binaries/queue.o
 .note.GNU-stack
                0x0000000000000000        0x0 binaries/read.o
 .note.GNU-stack
                0x0000000000000000        0x0 binaries/ready.o
 .note.GNU-stack
                0x0000000000000000        0x0 binaries/receive.o
 .note.GNU-stack
                0x0000000000000000        0x0 binaries/recvclr.o
 .note.GNU-stack
                0x0000000000000000        0x0 binaries/recvtime.o
 .note.GNU-stack
                0x0000000000000000        0x0 binaries/resched.o
 .note.GNU-stack
                0x0000000000000000        0x0 binaries/resume.o
 .note.GNU-stack
                0x0000000000000000        0x0 binaries/seek.o
 .note.GNU-stack
                0x0000000000000000        0x0 binaries/semcount.o
 .note.GNU-stack
                0x0000000000000000        0x0 binaries/semcreate.o
 .note.GNU-stack
                0x0000000000000000        0x0 binaries/semdelete.o
 .note.GNU-stack
                0x0000000000000000        0x0 binaries/semreset.o
 .note.GNU-stack
                0x0000000000000000        0x0 binaries/send.o
 .note.GNU-stack
                0x0000000000000000        0x0 binaries/signal.o
 .note.GNU-stack
                0x0000000000000000        0x0 binaries/signaln.o
 .note.GNU-stack
                0x0000000000000000        0x0 binaries/sleep.o
 .note.GNU-stack
                0x0000000000000000        0x0 binaries/stacktrace.o
 .note.GNU-stack
                0x0000000000000000        0x0 binaries/suspend.o
 .note.GNU-stack
                0x0000000000000000        0x0 binaries/unsleep.o
 .note.GNU-stack
                0x0000000000000000        0x0 binaries/userret.o
 .note.GNU-stack
                0x0000000000000000        0x0 binaries/wait.o
 .note.GNU-stack
                0x0000000000000000        0x0 binaries/wakeup.o
 .note.GNU-stack
                0x0000000000000000        0x0 binaries/write.o
 .note.GNU-stack
                0x0000000000000000        0x0 binaries/xdone.o
 .note.GNU-stack
                0x0000000000000000        0x0 binaries/yield.o
 .note.GNU-stack
                0x0000000000000000        0x0 binaries/abs.o
 .note.GNU-stack
                0x0000000000000000        0x0 binaries/atoi.o
 .note.GNU-stack
                0x0000000000000000        0x0 binaries/atol.o
 .note.GNU-stack
                0x0000000000000000        0x0 binaries/bzero.o
 .note.GNU-stack
                0x0000000000000000        0x0 binaries/ctype_.o
 .note.GNU-stack
                0x0000000000000000        0x0 binaries/doprnt.o
 .note.GNU-stack
                0x0000000000000000        0x0 binaries/doscan.o
 .note.GNU-stack
                0x0000000000000000        0x0 binaries/fdoprnt.o
 .note.GNU-stack
                0x0000000000000000        0x0 binaries/fgetc.o
 .note.GNU-stack
                0x0000000000000000        0x0 binaries/fgets.o
 .note.GNU-stack
                0x0000000000000000        0x0 binaries/fprintf.o
 .note.GNU-stack
                0x0000000000000000        0x0 binaries/fputc.o
 .note.GNU-stack
                0x0000000000000000        0x0 binaries/fputs.o
 .note.GNU-stack
                0x0000000000000000        0x0 binaries/fscanf.o
 .note.GNU-stack
                0x0000000000000000        0x0 binaries/getchar.o
 .note.GNU-stack
                0x0000000000000000        0x0 binaries/labs.o
 .note.GNU-stack
                0x0000000000000000        0x0 binaries/memchr.o
 .note.GNU-stack
                0x0000000000000000        0x0 binaries/memcmp.o
 .note.GNU-stack
                0x0000000000000000        0x0 binaries/memcpy.o
 .note.GNU-stack
                0x0000000000000000        0x0 binaries/memset.o
 .note.GNU-stack
                0x0000000000000000        0x0 binaries/printf.o
 .note.GNU-stack
                0x0000000000000000        0x0 binaries/putchar.o
 .note.GNU-stack
                0x0000000000000000        0x0 binaries/qsort.o
 .note.GNU-stack
                0x0000000000000000        0x0 binaries/rand.o
 .note.GNU-stack
                0x0000000000000000        0x0 binaries/sprintf.o
 .note.GNU-stack
                0x0000000000000000        0x0 binaries/sscanf.o
 .note.GNU-stack
                0x0000000000000000        0x0 binaries/strchr.o
 .note.GNU-stack
                0x0000000000000000        0x0 binaries/strcmp.o
 .note.GNU-stack
                0x0000000000000000        0x0 binaries/strcpy.o
 .note.GNU-stack
                0x0000000000000000        0x0 binaries/strlen.o
 .note.GNU-stack
                0x0000000000000000        0x0 binaries/strncat.o
 .note.GNU-stack
                0x0000000000000000        0x0 binaries/strncmp.o
 .note.GNU-stack
                0x0000000000000000        0x0 binaries/strncpy.o
 .note.GNU-stack
                0x0000000000000000        0x0 binaries/strnlen.o
 .note.GNU-stack
                0x0000000000000000        0x0 binaries/strrchr.o
 .note.GNU-stack
                0x0000000000000000        0x0 binaries/strstr.o
 .note.GNU-stack
                0x0000000000000000        0x0 binaries/ttycontrol.o
 .note.GNU-stack
                0x0000000000000000        0x0 binaries/ttygetc.o
 .note.GNU-stack
                0x0000000000000000        0x0 binaries/ttyhandle_in.o
 .note.GNU-stack
                0x0000000000000000        0x0 binaries/ttyhandle_out.o
 .note.GNU-stack
                0x0000000000000000        0x0 binaries/ttyhandler.o
 .note.GNU-stack
                0x0000000000000000        0x0 binaries/ttyinit.o
 .note.GNU-stack
                0x0000000000000000        0x0 binaries/ttykickout.o
 .note.GNU-stack
                0x0000000000000000        0x0 binaries/ttyputc.o
 .note.GNU-stack
                0x0000000000000000        0x0 binaries/ttyread.o
 .note.GNU-stack
                0x0000000000000000        0x0 binaries/ttywrite.o
 .note.GNU-stack
                0x0000000000000000        0x0 binaries/mount.o
 .note.GNU-stack
                0x0000000000000000        0x0 binaries/naminit.o
 .note.GNU-stack
                0x0000000000000000        0x0 binaries/nammap.o
 .note.GNU-stack
                0x0000000000000000        0x0 binaries/namopen.o
 .note.GNU-stack
                0x0000000000000000        0x0 binaries/ethcontrol.o
 .note.GNU-stack
                0x0000000000000000        0x0 binaries/ethhandler.o
 .note.GNU-stack
                0x0000000000000000        0x0 binaries/ethinit.o
 .note.GNU-stack
                0x0000000000000000        0x0 binaries/ethmcast.o
 .note.GNU-stack
                0x0000000000000000        0x0 binaries/ethread.o
 .note.GNU-stack
                0x0000000000000000        0x0 binaries/ethwrite.o
 .note.GNU-stack
                0x0000000000000000        0x0 binaries/arp.o
 .note.GNU-stack
                0x0000000000000000        0x0 binaries/dhcp.o
 .note.GNU-stack
                0x0000000000000000        0x0 binaries/dns.o
 .note.GNU-stack
                0x0000000000000000        0x0 binaries/dot2ip.o
 .note.GNU-stack
                0x0000000000000000        0x0 binaries/hexdump.o
 .note.GNU-stack
                0x0000000000000000        0x0 binaries/icmp.o
 .note.GNU-stack
                0x0000000000000000        0x0 binaries/ip.o
 .note.GNU-stack
                0x0000000000000000        0x0 binaries/net.o
 .note.GNU-stack
                0x0000000000000000        0x0 binaries/pdump.o
 .note.GNU-stack
                0x0000000000000000        0x0 binaries/tftp.o
 .note.GNU-stack
                0x0000000000000000        0x0 binaries/udp.o
 .note.GNU-stack
                0x0000000000000000        0x0 binaries/addargs.o
 .note.GNU-stack
                0x0000000000000000        0x0 binaries/lexan.o
 .note.GNU-stack
                0x0000000000000000        0x0 binaries/shell.o
 .note.GNU-stack
                0x0000000000000000        0x0 binaries/xsh_argecho.o
 .note.GNU-stack
                0x0000000000000000        0x0 binaries/xsh_arp.o
 .note.GNU-stack
                0x0000000000000000        0x0 binaries/xsh_cat.o
 .note.GNU-stack
                0x0000000000000000        0x0 binaries/xsh_clear.o
 .note.GNU-stack
                0x0000000000000000        0x0 binaries/xsh_date.o
 .note.GNU-stack
                0x0000000000000000        0x0 binaries/xsh_devdump.o
 .note.GNU-stack
                0x0000000000000000        0x0 binaries/xsh_echo.o
 .note.GNU-stack
                0x0000000000000000        0x0 binaries/xsh_exit.o
 .note.GNU-stack
                0x0000000000000000        0x0 binaries/xsh_help.o
 .note.GNU-stack
                0x0000000000000000        0x0 binaries/xsh_kill.o
 .note.GNU-stack
                0x0000000000000000        0x0 binaries/xsh_memdump.o
 .note.GNU-stack
                0x0000000000000000        0x0 binaries/xsh_memstat.o
 .note.GNU-stack
                0x0000000000000000        0x0 binaries/xsh_netinfo.o
 .note.GNU-stack
                0x0000000000000000        0x0 binaries/xsh_ping.o
 .note.GNU-stack
                0x0000000000000000        0x0 binaries/xsh_ps.o
 .note.GNU-stack
                0x0000000000000000        0x0 binaries/xsh_sleep.o
 .note.GNU-stack
                0x0000000000000000        0x0 binaries/xsh_udpdump.o
 .note.GNU-stack
                0x0000000000000000        0x0 binaries/xsh_udpecho.o
 .note.GNU-stack
                0x0000000000000000        0x0 binaries/xsh_udpserver.o
 .note.GNU-stack
                0x0000000000000000        0x0 binaries/xsh_uptime.o
