
Allocating common symbols
Common symbol       size              file

netbufpool          0x4               binaries/net.o
readylist           0x2               binaries/ready.o
netportseed         0x8               binaries/net.o
sleepq              0x2               binaries/clkinit.o
nnames              0x4               binaries/naminit.o
udptab              0x168             binaries/udp.o
minheap             0x4               binaries/meminit.o
marks               0x50              binaries/mark.o
currpid             0x4               binaries/initialize.o
porttab             0x2d0             binaries/ptinit.o
girmask             0x2               binaries/evec.o
ttytab              0x110             binaries/ttyinit.o
proctab             0x39d0            binaries/initialize.o
msgs2               0xc8              binaries/main.o
received_msgs       0x4               binaries/main.o
prcount             0x4               binaries/initialize.o
sender_pids         0xc8              binaries/main.o
rec_msgs            0xc8              binaries/main.o
ethertab            0x138             binaries/ethinit.o
NetData             0xb0              binaries/net.o
nmarks              0x4               binaries/mark.o
Defer               0x8               binaries/resched.o
semtab              0x4b0             binaries/initialize.o
maxheap             0x4               binaries/meminit.o
preempt             0x4               binaries/clkinit.o
buftab              0xf0              binaries/bufinit.o
mkmutex             0x4               binaries/mark.o
clktime             0x4               binaries/clkinit.o
arpcache            0x140             binaries/arp.o
icmptab             0x230             binaries/icmp.o
nbpools             0x4               binaries/bufinit.o
queuetab            0x980             binaries/queue.o
receiver_pids       0xc8              binaries/main.o
sent_msg            0x4               binaries/main.o
msgs                0xc8              binaries/main.o
sent_msgs           0x4               binaries/main.o
ptnextid            0x4               binaries/ptinit.o
ipoqueue            0x2c              binaries/ip.o
received_msg        0x4               binaries/main.o
memlist             0x8               binaries/initialize.o
nametab             0x19a0            binaries/naminit.o
ptfree              0x4               binaries/ptinit.o

Memory Configuration

Name             Origin             Length             Attributes
*default*        0x0000000000000000 0xffffffffffffffff

Linker script and memory map

                0x0000000000100000                physbase = 0x100000
                0x0000000000100000                . = physbase
                0x0000000000100000                . = ALIGN (0x1000)

.text           0x0000000000100000    0x18000
                0x0000000000100000                text = ABSOLUTE (.)
 *(.text .text.*)
 .text          0x0000000000100000      0x1b8 binaries/start.o
                0x0000000000100028                start
                0x00000000001000fa                inb
                0x0000000000100102                inw
                0x000000000010010b                inl
                0x0000000000100113                outb
                0x000000000010011d                outw
                0x0000000000100128                outl
                0x0000000000100132                _rtcin
                0x000000000010013d                ___udivsi3
                0x0000000000100148                ___divsi3
                0x0000000000100154                sbzero
                0x0000000000100164                insw
                0x000000000010017a                outsw
                0x0000000000100190                bcopy
                0x00000000001001a4                lidt
                0x00000000001001ac                cpuid
 .text          0x00000000001001b8      0x3e3 binaries/ascdate.o
                0x00000000001001b8                ascdate
 .text          0x000000000010059b       0x14 binaries/bufinit.o
                0x000000000010059b                bufinit
 .text          0x00000000001005af       0x97 binaries/chprio.o
                0x00000000001005af                chprio
 .text          0x0000000000100646       0x96 binaries/clkhandler.o
                0x0000000000100646                clkhandler
 .text          0x00000000001006dc       0x7e binaries/clkinit.o
                0x00000000001006dc                clkinit
 .text          0x000000000010075a       0x75 binaries/close.o
                0x000000000010075a                close
 .text          0x00000000001007cf        0x0 binaries/conf.o
 .text          0x00000000001007cf       0x7b binaries/control.o
                0x00000000001007cf                control
 .text          0x000000000010084a      0x2c4 binaries/create.o
                0x000000000010084a                create
 .text          0x0000000000100b0e      0x298 binaries/early_imr.o
                0x0000000000100b0e                intel_cln_early_sb_read_reg
                0x0000000000100b8d                intel_cln_early_sb_write_reg
                0x0000000000100d1b                remove_irm_protections
 .text          0x0000000000100da6      0x448 binaries/evec.o
                0x0000000000100da6                initevec
                0x0000000000100ea2                set_evec
                0x0000000000100f44                setirmask
                0x0000000000100f9d                trap
 .text          0x00000000001011ee       0x19 binaries/exit.o
                0x00000000001011ee                exit
 .text          0x0000000000101207       0x8c binaries/freebuf.o
                0x0000000000101207                freebuf
 .text          0x0000000000101293      0x172 binaries/freemem.o
                0x0000000000101293                freemem
 .text          0x0000000000101405       0x8a binaries/getbuf.o
                0x0000000000101405                getbuf
 .text          0x000000000010148f       0x75 binaries/getc.o
                0x000000000010148f                getc
 .text          0x0000000000101504       0x74 binaries/getdev.o
                0x0000000000101504                getdev
 .text          0x0000000000101578       0xd0 binaries/getitem.o
                0x0000000000101578                getfirst
                0x00000000001015bd                getlast
                0x0000000000101604                getitem
 .text          0x0000000000101648      0x10a binaries/getmem.o
                0x0000000000101648                getmem
 .text          0x0000000000101752        0xa binaries/getpid.o
                0x0000000000101752                getpid
 .text          0x000000000010175c       0x7f binaries/getprio.o
                0x000000000010175c                getprio
 .text          0x00000000001017db       0xfb binaries/getstk.o
                0x00000000001017db                getstk
 .text          0x00000000001018d6       0x16 binaries/getticks.o
                0x00000000001018d6                getticks
 .text          0x00000000001018ec       0x3a binaries/gettime.o
                0x00000000001018ec                gettime
 .text          0x0000000000101926      0x1e6 binaries/getutime.o
                0x0000000000101926                getutime
 .text          0x0000000000101b0c       0x75 binaries/init.o
                0x0000000000101b0c                init
 .text          0x0000000000101b81      0x418 binaries/initialize.o
                0x0000000000101b81                nulluser
                0x0000000000101f40                stop
                0x0000000000101f6b                delay
 .text          0x0000000000101f99       0xdf binaries/insert.o
                0x0000000000101f99                insert
 .text          0x0000000000102078      0x111 binaries/insertd.o
                0x0000000000102078                insertd
 .text          0x0000000000102189        0xa binaries/ioerr.o
                0x0000000000102189                ioerr
 .text          0x0000000000102193        0xa binaries/ionull.o
                0x0000000000102193                ionull
 .text          0x000000000010219d      0x1a0 binaries/kill.o
                0x000000000010219d                kill
 .text          0x000000000010233d      0x138 binaries/kprintf.o
                0x000000000010233d                kputc
                0x00000000001023c8                kgetc
                0x000000000010244b                kprintf
 .text          0x0000000000102475     0x11a2 binaries/main.o
                0x0000000000102475                receive_call
                0x000000000010249a                receive_existing
                0x00000000001024d5                send_call
                0x0000000000102501                send_existing
                0x000000000010252d                receive_existing_time
                0x0000000000102571                send_multiple
                0x00000000001025a3                receive_multiple
                0x00000000001025d2                receiven_time
                0x0000000000102606                receive_send
                0x0000000000102663                send_itself
                0x0000000000102699                start_test_case_1
                0x0000000000102747                start_test_case_2
                0x0000000000102834                start_test_case_3
                0x00000000001028a4                start_test_case_4
                0x0000000000102905                start_test_case_5
                0x0000000000102a39                start_test_case_6
                0x0000000000102af2                start_test_case_7
                0x0000000000102bab                start_test_case_8
                0x0000000000102ca3                start_test_case_9
                0x0000000000102df5                start_test_case_10
                0x0000000000102ef2                start_test_case_11
                0x0000000000103032                start_test_case_12
                0x000000000010310a                start_test_case_13
                0x00000000001031c2                start_test_case_14
                0x0000000000103307                start_test_case_15
                0x00000000001033fe                start_test_case_16
                0x00000000001034f8                start_test_case_17
                0x000000000010360d                main
 .text          0x0000000000103617       0xb5 binaries/mark.o
                0x0000000000103617                markinit
                0x000000000010363b                mark
 .text          0x00000000001036cc      0x2ca binaries/meminit.o
                0x00000000001036cc                meminit
                0x00000000001038f3                setsegs
 .text          0x0000000000103996      0x174 binaries/mkbufpool.o
                0x0000000000103996                mkbufpool
 .text          0x0000000000103b0a      0x61b binaries/myreceive.o
                0x0000000000103b0a                delete_queue
                0x0000000000103bcd                myreceive
                0x0000000000103d5c                myreceiven
                0x0000000000103f17                myrecvtime
 .text          0x0000000000104125      0x5e3 binaries/mysend.o
                0x0000000000104125                calculate_queue_size
                0x0000000000104194                insert_queue
                0x00000000001042bb                mysend
                0x00000000001044cb                mysendn
 .text          0x0000000000104708       0x94 binaries/newqueue.o
                0x0000000000104708                newqueue
 .text          0x000000000010479c       0x7b binaries/open.o
                0x000000000010479c                open
 .text          0x0000000000104817       0x20 binaries/panic.o
                0x0000000000104817                panic
 .text          0x0000000000104837      0x41a binaries/pci.o
                0x0000000000104837                pci_init
                0x00000000001048c1                find_pci_device
                0x00000000001049a7                pci_read_config_byte
                0x0000000000104a05                pci_read_config_word
                0x0000000000104a65                pci_read_config_dword
                0x0000000000104ac3                pci_write_config_byte
                0x0000000000104b25                pci_write_config_word
                0x0000000000104b89                pci_write_config_dword
                0x0000000000104be5                pci_get_dev_mmio_base_addr
 .text          0x0000000000104c51       0xc9 binaries/platinit.o
                0x0000000000104c51                cpu_is_quark
                0x0000000000104c6e                console_init
                0x0000000000104cb7                platinit
 .text          0x0000000000104d1a       0xf1 binaries/ptclear.o
                0x0000000000104d1a                _ptclear
 .text          0x0000000000104e0b       0x9d binaries/ptcount.o
                0x0000000000104e0b                ptcount
 .text          0x0000000000104ea8      0x116 binaries/ptcreate.o
                0x0000000000104ea8                ptcreate
 .text          0x0000000000104fbe       0x7f binaries/ptdelete.o
                0x0000000000104fbe                ptdelete
 .text          0x000000000010503d       0xbf binaries/ptinit.o
                0x000000000010503d                ptinit
 .text          0x00000000001050fc      0x11b binaries/ptrecv.o
                0x00000000001050fc                ptrecv
 .text          0x0000000000105217       0x77 binaries/ptreset.o
                0x0000000000105217                ptreset
 .text          0x000000000010528e      0x13d binaries/ptsend.o
                0x000000000010528e                ptsend
 .text          0x00000000001053cb       0x80 binaries/putc.o
                0x00000000001053cb                putc
 .text          0x000000000010544b       0xcc binaries/quark_irq.o
                0x000000000010544b                quark_irq_routing
 .text          0x0000000000105517      0x1e9 binaries/quark_pdat.o
                0x0000000000105517                get_quark_pdat_entry_data_by_id
                0x0000000000105606                get_quark_pdat_entry_data_by_desc
 .text          0x0000000000105700      0x112 binaries/queue.o
                0x0000000000105700                enqueue
                0x00000000001057a5                dequeue
 .text          0x0000000000105812       0x7b binaries/read.o
                0x0000000000105812                read
 .text          0x000000000010588d       0x82 binaries/ready.o
                0x000000000010588d                ready
 .text          0x000000000010590f       0x65 binaries/receive.o
                0x000000000010590f                receive
 .text          0x0000000000105974       0x61 binaries/recvclr.o
                0x0000000000105974                recvclr
 .text          0x00000000001059d5       0xc0 binaries/recvtime.o
                0x00000000001059d5                recvtime
 .text          0x0000000000105a95      0x172 binaries/resched.o
                0x0000000000105a95                resched
                0x0000000000105b92                resched_cntl
 .text          0x0000000000105c07       0xb4 binaries/resume.o
                0x0000000000105c07                resume
 .text          0x0000000000105cbb       0x79 binaries/seek.o
                0x0000000000105cbb                seek
 .text          0x0000000000105d34       0x70 binaries/semcount.o
                0x0000000000105d34                semcount
 .text          0x0000000000105da4       0xd6 binaries/semcreate.o
                0x0000000000105da4                semcreate
 .text          0x0000000000105e7a       0xcd binaries/semdelete.o
                0x0000000000105e7a                semdelete
 .text          0x0000000000105f47       0xcb binaries/semreset.o
                0x0000000000105f47                semreset
 .text          0x0000000000106012       0xf0 binaries/send.o
                0x0000000000106012                send
 .text          0x0000000000106102       0xa8 binaries/signal.o
                0x0000000000106102                signal
 .text          0x00000000001061aa       0xd6 binaries/signaln.o
                0x00000000001061aa                signaln
 .text          0x0000000000106280       0xef binaries/sleep.o
                0x0000000000106280                sleep
                0x00000000001062ce                sleepms
 .text          0x000000000010636f      0x1a7 binaries/stacktrace.o
                0x000000000010636f                stacktrace
 .text          0x0000000000106516       0xea binaries/suspend.o
                0x0000000000106516                suspend
 .text          0x0000000000106600       0xec binaries/unsleep.o
                0x0000000000106600                unsleep
 .text          0x00000000001066ec       0x19 binaries/userret.o
                0x00000000001066ec                userret
 .text          0x0000000000106705       0xe0 binaries/wait.o
                0x0000000000106705                wait
 .text          0x00000000001067e5       0x72 binaries/wakeup.o
                0x00000000001067e5                wakeup
 .text          0x0000000000106857       0x7b binaries/write.o
                0x0000000000106857                write
 .text          0x00000000001068d2       0x1d binaries/xdone.o
                0x00000000001068d2                xdone
 .text          0x00000000001068ef       0x28 binaries/yield.o
                0x00000000001068ef                yield
 .text          0x0000000000106917       0x11 binaries/abs.o
                0x0000000000106917                abs
 .text          0x0000000000106928       0x8f binaries/atoi.o
                0x0000000000106928                atoi
 .text          0x00000000001069b7       0x8f binaries/atol.o
                0x00000000001069b7                atol
 .text          0x0000000000106a46       0x31 binaries/bzero.o
                0x0000000000106a46                bzero
 .text          0x0000000000106a77        0x0 binaries/ctype_.o
 .text          0x0000000000106a77      0x8ed binaries/doprnt.o
                0x0000000000106a77                _doprnt
 .text          0x0000000000107364      0x65c binaries/doscan.o
                0x0000000000107364                _doscan
 .text          0x00000000001079c0      0x711 binaries/fdoprnt.o
                0x00000000001079c0                _fdoprnt
 .text          0x00000000001080d1       0x29 binaries/fgetc.o
                0x00000000001080d1                fgetc
 .text          0x00000000001080fa       0x75 binaries/fgets.o
                0x00000000001080fa                fgets
 .text          0x000000000010816f       0x2a binaries/fprintf.o
                0x000000000010816f                fprintf
 .text          0x0000000000108199       0x2c binaries/fputc.o
                0x0000000000108199                fputc
 .text          0x00000000001081c5       0x43 binaries/fputs.o
                0x00000000001081c5                fputs
 .text          0x0000000000108208       0x8a binaries/fscanf.o
                0x0000000000108208                fscanf
 .text          0x0000000000108292       0x33 binaries/getchar.o
                0x0000000000108292                getchar
 .text          0x00000000001082c5       0x11 binaries/labs.o
                0x00000000001082c5                labs
 .text          0x00000000001082d6        0x0 binaries/memchr.o
 .text          0x00000000001082d6       0x51 binaries/memcmp.o
                0x00000000001082d6                memcmp
 .text          0x0000000000108327       0x3f binaries/memcpy.o
                0x0000000000108327                memcpy
 .text          0x0000000000108366       0x30 binaries/memset.o
                0x0000000000108366                memset
 .text          0x0000000000108396       0x49 binaries/printf.o
                0x0000000000108396                printf
 .text          0x00000000001083df       0x36 binaries/putchar.o
                0x00000000001083df                putchar
 .text          0x0000000000108415      0x27e binaries/qsort.o
                0x0000000000108415                qsort
 .text          0x0000000000108693       0x63 binaries/rand.o
                0x0000000000108693                rand
                0x00000000001086ab                rand_r
                0x00000000001086e9                srand
 .text          0x00000000001086f6       0x66 binaries/sprintf.o
                0x00000000001086f6                sprintf
 .text          0x000000000010875c       0x70 binaries/sscanf.o
                0x000000000010875c                sscanf
 .text          0x00000000001087cc       0x3c binaries/strchr.o
                0x00000000001087cc                strchr
 .text          0x0000000000108808       0x45 binaries/strcmp.o
                0x0000000000108808                strcmp
 .text          0x000000000010884d       0x27 binaries/strcpy.o
                0x000000000010884d                strcpy
 .text          0x0000000000108874       0x26 binaries/strlen.o
                0x0000000000108874                strlen
 .text          0x000000000010889a       0x56 binaries/strncat.o
                0x000000000010889a                strncat
 .text          0x00000000001088f0       0x5f binaries/strncmp.o
                0x00000000001088f0                strncmp
 .text          0x000000000010894f       0x4f binaries/strncpy.o
                0x000000000010894f                strncpy
 .text          0x000000000010899e       0x2e binaries/strnlen.o
                0x000000000010899e                strnlen
 .text          0x00000000001089cc       0x45 binaries/strrchr.o
                0x00000000001089cc                strrchr
 .text          0x0000000000108a11       0x6d binaries/strstr.o
                0x0000000000108a11                strstr
 .text          0x0000000000108a7e       0xe4 binaries/ttycontrol.o
                0x0000000000108a7e                ttycontrol
 .text          0x0000000000108b62       0x97 binaries/ttygetc.o
                0x0000000000108b62                ttygetc
 .text          0x0000000000108bf9      0x6d1 binaries/ttyhandle_in.o
                0x0000000000108bf9                ttyhandle_in
 .text          0x00000000001092ca      0x183 binaries/ttyhandle_out.o
                0x00000000001092ca                ttyhandle_out
 .text          0x000000000010944d       0xb6 binaries/ttyhandler.o
                0x000000000010944d                ttyhandler
 .text          0x0000000000109503      0x1f1 binaries/ttyinit.o
                0x0000000000109503                ttyinit
 .text          0x00000000001096f4       0x10 binaries/ttykickout.o
                0x00000000001096f4                ttykickout
 .text          0x0000000000109704       0xb7 binaries/ttyputc.o
                0x0000000000109704                ttyputc
 .text          0x00000000001097bb      0x11b binaries/ttyread.o
                0x00000000001097bb                ttyread
 .text          0x00000000001098d6       0x4f binaries/ttywrite.o
                0x00000000001098d6                ttywrite
 .text          0x0000000000109925      0x14b binaries/mount.o
                0x0000000000109925                mount
                0x0000000000109a3a                namlen
 .text          0x0000000000109a70      0x1ea binaries/naminit.o
                0x0000000000109a70                naminit
 .text          0x0000000000109c5a      0x211 binaries/nammap.o
                0x0000000000109c5a                nammap
                0x0000000000109ce5                namrepl
                0x0000000000109e1b                namcpy
 .text          0x0000000000109e6b       0x4e binaries/namopen.o
                0x0000000000109e6b                namopen
 .text          0x0000000000109eb9       0x90 binaries/ethcontrol.o
                0x0000000000109eb9                ethcontrol
 .text          0x0000000000109f49      0x183 binaries/ethhandler.o
                0x0000000000109f49                ethhandler
 .text          0x000000000010a0cc      0x720 binaries/ethinit.o
                0x000000000010a0cc                eth_phy_read
                0x000000000010a136                eth_phy_write
                0x000000000010a1aa                eth_phy_reset
                0x000000000010a2ee                ethinit
 .text          0x000000000010a7ec      0x17c binaries/ethmcast.o
                0x000000000010a7ec                ethmcast_add
                0x000000000010a868                ethmcast_remove
 .text          0x000000000010a968      0x18b binaries/ethread.o
                0x000000000010a968                ethread
 .text          0x000000000010aaf3       0xf5 binaries/ethwrite.o
                0x000000000010aaf3                ethwrite
 .text          0x000000000010abe8      0x836 binaries/arp.o
                0x000000000010abe8                arp_init
                0x000000000010ac1a                arp_resolve
                0x000000000010aece                arp_in
                0x000000000010b186                arp_alloc
                0x000000000010b246                arp_ntoh
                0x000000000010b332                arp_hton
 .text          0x000000000010b41e      0x8e3 binaries/dhcp.o
                0x000000000010b41e                dhcp_get_opt_val
                0x000000000010b477                dhcp_bld_bootp_msg
                0x000000000010b584                dhcp_bld_disc
                0x000000000010b66d                dhcp_bld_req
                0x000000000010b7df                getlocalip
 .text          0x000000000010bd01      0x59f binaries/dns.o
                0x000000000010bd01                dnslookup
 .text          0x000000000010c2a0       0xe8 binaries/dot2ip.o
                0x000000000010c2a0                dot2ip
 .text          0x000000000010c388      0x4c4 binaries/hexdump.o
                0x000000000010c388                hexdump
                0x000000000010c52f                hexadump
 .text          0x000000000010c84c      0x8a8 binaries/icmp.o
                0x000000000010c84c                icmp_init
                0x000000000010c883                icmp_in
                0x000000000010ca59                icmp_register
                0x000000000010cb54                icmp_recv
                0x000000000010cce0                icmp_send
                0x000000000010cd68                icmp_mkpkt
                0x000000000010ce82                icmp_release
                0x000000000010cf80                icmp_cksum
                0x000000000010d00c                icmp_hton
                0x000000000010d080                icmp_ntoh
 .text          0x000000000010d0f4      0x8a5 binaries/ip.o
                0x000000000010d0f4                ip_in
                0x000000000010d278                ip_send
                0x000000000010d3d3                ip_local
                0x000000000010d41f                ip_out
                0x000000000010d558                ipcksum
                0x000000000010d5de                ip_ntoh
                0x000000000010d6ca                ip_hton
                0x000000000010d7b6                ipout
                0x000000000010d8e5                ip_enqueue
 .text          0x000000000010d999      0x2cd binaries/net.o
                0x000000000010d999                net_init
                0x000000000010dac1                netin
                0x000000000010db7e                eth_hton
                0x000000000010dba8                eth_ntoh
                0x000000000010dbd2                getport
 .text          0x000000000010dc66     0x147f binaries/pdump.o
                0x000000000010dc66                pdump
                0x000000000010ea23                pdumph
 .text          0x000000000010f0e5      0x4b7 binaries/tftp.o
                0x000000000010f0e5                tftp_send1
                0x000000000010f25d                tftpget
 .text          0x000000000010f59c      0xb82 binaries/udp.o
                0x000000000010f59c                udp_init
                0x000000000010f5d1                udp_in
                0x000000000010f713                udp_register
                0x000000000010f850                udp_recv
                0x000000000010f9ec                udp_recvaddr
                0x000000000010fba0                udp_send
                0x000000000010fd88                udp_sendto
                0x000000000010ff39                udp_release
                0x0000000000110034                udp_ntoh
                0x00000000001100a9                udp_hton
 .text          0x000000000011011e      0x13d binaries/addargs.o
                0x000000000011011e                addargs
 .text          0x000000000011025b      0x2c9 binaries/lexan.o
                0x000000000011025b                lexan
 .text          0x0000000000110524      0x667 binaries/shell.o
                0x0000000000110524                shell
 .text          0x0000000000110b8b       0x69 binaries/xsh_argecho.o
                0x0000000000110b8b                xsh_argecho
 .text          0x0000000000110bf4      0x275 binaries/xsh_arp.o
                0x0000000000110bf4                xsh_arp
 .text          0x0000000000110e69      0x27b binaries/xsh_cat.o
                0x0000000000110e69                xsh_cat
 .text          0x00000000001110e4       0x60 binaries/xsh_clear.o
                0x00000000001110e4                xsh_clear
 .text          0x0000000000111144      0x304 binaries/xsh_date.o
                0x0000000000111144                xsh_date
 .text          0x0000000000111448       0xb0 binaries/xsh_devdump.o
                0x0000000000111448                xsh_devdump
 .text          0x00000000001114f8       0x72 binaries/xsh_echo.o
                0x00000000001114f8                xsh_echo
 .text          0x000000000011156a        0xa binaries/xsh_exit.o
                0x000000000011156a                xsh_exit
 .text          0x0000000000111574      0x38d binaries/xsh_help.o
                0x0000000000111574                xsh_help
 .text          0x0000000000111901      0x253 binaries/xsh_kill.o
                0x0000000000111901                xsh_kill
 .text          0x0000000000111b54      0x551 binaries/xsh_memdump.o
                0x0000000000111b54                xsh_memdump
 .text          0x00000000001120a5      0x2b5 binaries/xsh_memstat.o
                0x00000000001120a5                xsh_memstat
 .text          0x000000000011235a      0x515 binaries/xsh_netinfo.o
                0x000000000011235a                xsh_netinfo
 .text          0x000000000011286f      0x4a1 binaries/xsh_ping.o
                0x000000000011286f                xsh_ping
 .text          0x0000000000112d10      0x22d binaries/xsh_ps.o
                0x0000000000112d10                xsh_ps
 .text          0x0000000000112f3d      0x22f binaries/xsh_sleep.o
                0x0000000000112f3d                xsh_sleep
 .text          0x000000000011316c      0x27e binaries/xsh_udpdump.o
                0x000000000011316c                xsh_udpdump
 .text          0x00000000001133ea      0x4d6 binaries/xsh_udpecho.o
                0x00000000001133ea                xsh_udpecho
 .text          0x00000000001138c0      0x2bc binaries/xsh_udpserver.o
                0x00000000001138c0                xsh_udpeserver
 .text          0x0000000000113b7c      0x1f7 binaries/xsh_uptime.o
                0x0000000000113b7c                xsh_uptime
 .text          0x0000000000113d73        0xe binaries/clkdisp.o
                0x0000000000113d73                clkdisp
 .text          0x0000000000113d81       0x19 binaries/ctxsw.o
                0x0000000000113d81                ctxsw
 .text          0x0000000000113d9a      0x36b binaries/intr.o
                0x0000000000113d9a                disable
                0x0000000000113da3                restore
                0x0000000000113db1                enable
                0x0000000000113db3                pause
                0x0000000000113dba                halt
                0x0000000000113dc0                spurious_irq7
                0x0000000000113dc5                spurious_irq15
                0x0000000000113dd4                _Xint0
                0x0000000000113ddf                _Xint1
                0x0000000000113dea                _Xint2
                0x0000000000113df5                _Xint3
                0x0000000000113e00                _Xint4
                0x0000000000113e0b                _Xint5
                0x0000000000113e16                _Xint6
                0x0000000000113e21                _Xint7
                0x0000000000113e2c                _Xint8
                0x0000000000113e37                _Xint9
                0x0000000000113e42                _Xint10
                0x0000000000113e4d                _Xint11
                0x0000000000113e5b                _Xint12
                0x0000000000113e69                _Xint13
                0x0000000000113e77                _Xint14
                0x0000000000113e85                _Xint15
                0x0000000000113e93                _Xint16
                0x0000000000113ea1                _Xint17
                0x0000000000113eaf                _Xint18
                0x0000000000113ebd                _Xint19
                0x0000000000113ecb                _Xint20
                0x0000000000113ed9                _Xint21
                0x0000000000113ee7                _Xint22
                0x0000000000113ef5                _Xint23
                0x0000000000113f03                _Xint24
                0x0000000000113f11                _Xint25
                0x0000000000113f1f                _Xint26
                0x0000000000113f2d                _Xint27
                0x0000000000113f3b                _Xint28
                0x0000000000113f49                _Xint29
                0x0000000000113f57                _Xint30
                0x0000000000113f65                _Xint31
                0x0000000000113f73                _Xint32
                0x0000000000113f81                _Xint33
                0x0000000000113f8f                _Xint34
                0x0000000000113f9d                _Xint35
                0x0000000000113fab                _Xint36
                0x0000000000113fb9                _Xint37
                0x0000000000113fc7                _Xint38
                0x0000000000113fd5                _Xint39
                0x0000000000113fe3                _Xint40
                0x0000000000113ff1                _Xint41
                0x0000000000113fff                _Xint42
                0x000000000011400d                _Xint43
                0x000000000011401b                _Xint44
                0x0000000000114029                _Xint45
                0x0000000000114037                _Xint46
                0x0000000000114045                defevec
 .text          0x0000000000114105        0xf binaries/ttydispatch.o
                0x0000000000114105                ttydispatch
 .text          0x0000000000114114       0x13 binaries/ethdispatch.o
                0x0000000000114114                ethdispatch
 *(.rodata .rodata.*)
 *fill*         0x0000000000114127        0x1 
 .rodata        0x0000000000114128       0x8e binaries/ascdate.o
 .rodata        0x00000000001141b6       0x21 binaries/conf.o
 *fill*         0x00000000001141d7        0x1 
 .rodata        0x00000000001141d8       0x83 binaries/early_imr.o
 *fill*         0x000000000011425b        0x1 
 .rodata        0x000000000011425c      0x231 binaries/evec.o
 *fill*         0x000000000011448d        0x3 
 .rodata        0x0000000000114490       0x61 binaries/getutime.o
 *fill*         0x00000000001144f1        0x3 
 .rodata        0x00000000001144f4      0x187 binaries/initialize.o
 *fill*         0x000000000011467b        0x1 
 .rodata        0x000000000011467c       0x20 binaries/kill.o
 .rodata        0x000000000011469c      0x204 binaries/main.o
 .rodata        0x00000000001148a0       0x3e binaries/meminit.o
 *fill*         0x00000000001148de        0x2 
 .rodata        0x00000000001148e0      0x37c binaries/myreceive.o
 .rodata        0x0000000000114c5c      0x289 binaries/mysend.o
 .rodata        0x0000000000114ee5        0xf binaries/panic.o
 .rodata        0x0000000000114ef4       0x1d binaries/ptinit.o
 *fill*         0x0000000000114f11        0x3 
 .rodata        0x0000000000114f14       0x25 binaries/ptsend.o
 .rodata        0x0000000000114f39       0x22 binaries/quark_pdat.o
 *fill*         0x0000000000114f5b        0x1 
 .rodata        0x0000000000114f5c       0xb7 binaries/stacktrace.o
 *fill*         0x0000000000115013        0x1 
 .rodata        0x0000000000115014       0x27 binaries/xdone.o
 *fill*         0x000000000011503b        0x5 
 .rodata        0x0000000000115040       0x81 binaries/ctype_.o
                0x0000000000115040                _ctype_
 *fill*         0x00000000001150c1        0x3 
 .rodata        0x00000000001150c4       0xee binaries/doprnt.o
 *fill*         0x00000000001151b2        0x2 
 .rodata        0x00000000001151b4       0x98 binaries/doscan.o
 .rodata        0x000000000011524c       0xae binaries/fdoprnt.o
 *fill*         0x00000000001152fa        0x2 
 .rodata        0x00000000001152fc       0x20 binaries/ttycontrol.o
 .rodata        0x000000000011531c       0x34 binaries/ttyhandler.o
 .rodata        0x0000000000115350       0x80 binaries/naminit.o
 .rodata        0x00000000001153d0       0x46 binaries/ethinit.o
 *fill*         0x0000000000115416        0x2 
 .rodata        0x0000000000115418       0x3a binaries/arp.o
 *fill*         0x0000000000115452        0x2 
 .rodata        0x0000000000115454       0xcf binaries/dhcp.o
 .rodata        0x0000000000115523       0x1a binaries/dns.o
 *fill*         0x000000000011553d        0x3 
 .rodata        0x0000000000115540       0xc9 binaries/hexdump.o
 *fill*         0x0000000000115609        0x3 
 .rodata        0x000000000011560c       0x29 binaries/icmp.o
 *fill*         0x0000000000115635        0x3 
 .rodata        0x0000000000115638       0x6e binaries/ip.o
 *fill*         0x00000000001156a6        0x2 
 .rodata        0x00000000001156a8       0x4f binaries/net.o
 *fill*         0x00000000001156f7        0x1 
 .rodata        0x00000000001156f8      0x26f binaries/pdump.o
 *fill*         0x0000000000115967        0x1 
 .rodata        0x0000000000115968      0x10c binaries/tftp.o
 *fill*         0x0000000000115a74        0xc 
 .rodata        0x0000000000115a80      0x3c1 binaries/shell.o
                0x0000000000115b00                cmdtab
 .rodata        0x0000000000115e41       0x28 binaries/xsh_argecho.o
 *fill*         0x0000000000115e69        0x3 
 .rodata        0x0000000000115e6c      0x123 binaries/xsh_arp.o
 *fill*         0x0000000000115f8f        0x1 
 .rodata        0x0000000000115f90       0xc9 binaries/xsh_cat.o
 .rodata        0x0000000000116059       0x19 binaries/xsh_clear.o
 *fill*         0x0000000000116072        0x2 
 .rodata        0x0000000000116074      0x1c3 binaries/xsh_date.o
 .rodata        0x0000000000116237       0x5d binaries/xsh_devdump.o
 .rodata        0x0000000000116294        0x9 binaries/xsh_echo.o
 *fill*         0x000000000011629d        0x3 
 .rodata        0x00000000001162a0      0x169 binaries/xsh_help.o
 *fill*         0x0000000000116409        0x3 
 .rodata        0x000000000011640c      0x12e binaries/xsh_kill.o
 *fill*         0x000000000011653a        0x2 
 .rodata        0x000000000011653c      0x266 binaries/xsh_memdump.o
 *fill*         0x00000000001167a2        0x2 
 .rodata        0x00000000001167a4      0x225 binaries/xsh_memstat.o
 *fill*         0x00000000001169c9        0x3 
 .rodata        0x00000000001169cc      0x1b0 binaries/xsh_netinfo.o
 .rodata        0x0000000000116b7c      0x1a1 binaries/xsh_ping.o
 *fill*         0x0000000000116d1d        0x3 
 .rodata        0x0000000000116d20      0x1e0 binaries/xsh_ps.o
 .rodata        0x0000000000116f00       0xeb binaries/xsh_sleep.o
 *fill*         0x0000000000116feb        0x1 
 .rodata        0x0000000000116fec      0x1b8 binaries/xsh_udpdump.o
 .rodata        0x00000000001171a4      0x215 binaries/xsh_udpecho.o
 *fill*         0x00000000001173b9        0x3 
 .rodata        0x00000000001173bc      0x12b binaries/xsh_udpserver.o
 *fill*         0x00000000001174e7        0x1 
 .rodata        0x00000000001174e8      0x105 binaries/xsh_uptime.o
                0x00000000001175ed                etext = ABSOLUTE (.)
                0x0000000000118000                . = ALIGN (0x1000)
 *fill*         0x00000000001175ed      0xa13 

.eh_frame       0x0000000000118000     0x29b8
 .eh_frame      0x0000000000118000       0x38 binaries/ascdate.o
 .eh_frame      0x0000000000118038       0x20 binaries/bufinit.o
                                         0x38 (size before relaxing)
 .eh_frame      0x0000000000118058       0x20 binaries/chprio.o
                                         0x38 (size before relaxing)
 .eh_frame      0x0000000000118078       0x20 binaries/clkhandler.o
                                         0x38 (size before relaxing)
 .eh_frame      0x0000000000118098       0x20 binaries/clkinit.o
                                         0x38 (size before relaxing)
 .eh_frame      0x00000000001180b8       0x20 binaries/close.o
                                         0x38 (size before relaxing)
 .eh_frame      0x00000000001180d8       0x20 binaries/control.o
                                         0x38 (size before relaxing)
 .eh_frame      0x00000000001180f8       0x40 binaries/create.o
                                         0x58 (size before relaxing)
 .eh_frame      0x0000000000118138      0x104 binaries/early_imr.o
                                        0x11c (size before relaxing)
 .eh_frame      0x000000000011823c       0x80 binaries/evec.o
                                         0x98 (size before relaxing)
 .eh_frame      0x00000000001182bc       0x20 binaries/exit.o
                                         0x38 (size before relaxing)
 .eh_frame      0x00000000001182dc       0x20 binaries/freebuf.o
                                         0x38 (size before relaxing)
 .eh_frame      0x00000000001182fc       0x20 binaries/freemem.o
                                         0x38 (size before relaxing)
 .eh_frame      0x000000000011831c       0x20 binaries/getbuf.o
                                         0x38 (size before relaxing)
 .eh_frame      0x000000000011833c       0x20 binaries/getc.o
                                         0x38 (size before relaxing)
 .eh_frame      0x000000000011835c       0x20 binaries/getdev.o
                                         0x38 (size before relaxing)
 .eh_frame      0x000000000011837c       0x60 binaries/getitem.o
                                         0x78 (size before relaxing)
 .eh_frame      0x00000000001183dc       0x20 binaries/getmem.o
                                         0x38 (size before relaxing)
 .eh_frame      0x00000000001183fc       0x20 binaries/getpid.o
                                         0x38 (size before relaxing)
 .eh_frame      0x000000000011841c       0x20 binaries/getprio.o
                                         0x38 (size before relaxing)
 .eh_frame      0x000000000011843c       0x20 binaries/getstk.o
                                         0x38 (size before relaxing)
 .eh_frame      0x000000000011845c       0x20 binaries/getticks.o
                                         0x38 (size before relaxing)
 .eh_frame      0x000000000011847c       0x20 binaries/gettime.o
                                         0x38 (size before relaxing)
 .eh_frame      0x000000000011849c       0x20 binaries/getutime.o
                                         0x38 (size before relaxing)
 .eh_frame      0x00000000001184bc       0x20 binaries/init.o
                                         0x38 (size before relaxing)
 .eh_frame      0x00000000001184dc       0xa0 binaries/initialize.o
                                         0xb8 (size before relaxing)
 .eh_frame      0x000000000011857c       0x20 binaries/insert.o
                                         0x38 (size before relaxing)
 .eh_frame      0x000000000011859c       0x20 binaries/insertd.o
                                         0x38 (size before relaxing)
 .eh_frame      0x00000000001185bc       0x20 binaries/ioerr.o
                                         0x38 (size before relaxing)
 .eh_frame      0x00000000001185dc       0x20 binaries/ionull.o
                                         0x38 (size before relaxing)
 .eh_frame      0x00000000001185fc       0x20 binaries/kill.o
                                         0x38 (size before relaxing)
 .eh_frame      0x000000000011861c       0x60 binaries/kprintf.o
                                         0x78 (size before relaxing)
 .eh_frame      0x000000000011867c      0x380 binaries/main.o
                                        0x398 (size before relaxing)
 .eh_frame      0x00000000001189fc       0x40 binaries/mark.o
                                         0x58 (size before relaxing)
 .eh_frame      0x0000000000118a3c       0x44 binaries/meminit.o
                                         0x5c (size before relaxing)
 .eh_frame      0x0000000000118a80       0x20 binaries/mkbufpool.o
                                         0x38 (size before relaxing)
 .eh_frame      0x0000000000118aa0       0x84 binaries/myreceive.o
                                         0x9c (size before relaxing)
 .eh_frame      0x0000000000118b24       0x80 binaries/mysend.o
                                         0x98 (size before relaxing)
 .eh_frame      0x0000000000118ba4       0x20 binaries/newqueue.o
                                         0x38 (size before relaxing)
 .eh_frame      0x0000000000118bc4       0x20 binaries/open.o
                                         0x38 (size before relaxing)
 .eh_frame      0x0000000000118be4       0x1c binaries/panic.o
                                         0x34 (size before relaxing)
 .eh_frame      0x0000000000118c00      0x1c0 binaries/pci.o
                                        0x1d8 (size before relaxing)
 .eh_frame      0x0000000000118dc0       0x60 binaries/platinit.o
                                         0x78 (size before relaxing)
 .eh_frame      0x0000000000118e20       0x20 binaries/ptclear.o
                                         0x38 (size before relaxing)
 .eh_frame      0x0000000000118e40       0x20 binaries/ptcount.o
                                         0x38 (size before relaxing)
 .eh_frame      0x0000000000118e60       0x20 binaries/ptcreate.o
                                         0x38 (size before relaxing)
 .eh_frame      0x0000000000118e80       0x20 binaries/ptdelete.o
                                         0x38 (size before relaxing)
 .eh_frame      0x0000000000118ea0       0x20 binaries/ptinit.o
                                         0x38 (size before relaxing)
 .eh_frame      0x0000000000118ec0       0x20 binaries/ptrecv.o
                                         0x38 (size before relaxing)
 .eh_frame      0x0000000000118ee0       0x20 binaries/ptreset.o
                                         0x38 (size before relaxing)
 .eh_frame      0x0000000000118f00       0x20 binaries/ptsend.o
                                         0x38 (size before relaxing)
 .eh_frame      0x0000000000118f20       0x20 binaries/putc.o
                                         0x38 (size before relaxing)
 .eh_frame      0x0000000000118f40       0x20 binaries/quark_irq.o
                                         0x38 (size before relaxing)
 .eh_frame      0x0000000000118f60       0x40 binaries/quark_pdat.o
                                         0x58 (size before relaxing)
 .eh_frame      0x0000000000118fa0       0x40 binaries/queue.o
                                         0x58 (size before relaxing)
 .eh_frame      0x0000000000118fe0       0x20 binaries/read.o
                                         0x38 (size before relaxing)
 .eh_frame      0x0000000000119000       0x24 binaries/ready.o
                                         0x3c (size before relaxing)
 .eh_frame      0x0000000000119024       0x20 binaries/receive.o
                                         0x38 (size before relaxing)
 .eh_frame      0x0000000000119044       0x20 binaries/recvclr.o
                                         0x38 (size before relaxing)
 .eh_frame      0x0000000000119064       0x20 binaries/recvtime.o
                                         0x38 (size before relaxing)
 .eh_frame      0x0000000000119084       0x40 binaries/resched.o
                                         0x58 (size before relaxing)
 .eh_frame      0x00000000001190c4       0x20 binaries/resume.o
                                         0x38 (size before relaxing)
 .eh_frame      0x00000000001190e4       0x20 binaries/seek.o
                                         0x38 (size before relaxing)
 .eh_frame      0x0000000000119104       0x20 binaries/semcount.o
                                         0x38 (size before relaxing)
 .eh_frame      0x0000000000119124       0x40 binaries/semcreate.o
                                         0x58 (size before relaxing)
 .eh_frame      0x0000000000119164       0x20 binaries/semdelete.o
                                         0x38 (size before relaxing)
 .eh_frame      0x0000000000119184       0x20 binaries/semreset.o
                                         0x38 (size before relaxing)
 .eh_frame      0x00000000001191a4       0x20 binaries/send.o
                                         0x38 (size before relaxing)
 .eh_frame      0x00000000001191c4       0x20 binaries/signal.o
                                         0x38 (size before relaxing)
 .eh_frame      0x00000000001191e4       0x20 binaries/signaln.o
                                         0x38 (size before relaxing)
 .eh_frame      0x0000000000119204       0x40 binaries/sleep.o
                                         0x58 (size before relaxing)
 .eh_frame      0x0000000000119244       0x20 binaries/stacktrace.o
                                         0x38 (size before relaxing)
 .eh_frame      0x0000000000119264       0x20 binaries/suspend.o
                                         0x38 (size before relaxing)
 .eh_frame      0x0000000000119284       0x20 binaries/unsleep.o
                                         0x38 (size before relaxing)
 .eh_frame      0x00000000001192a4       0x20 binaries/userret.o
                                         0x38 (size before relaxing)
 .eh_frame      0x00000000001192c4       0x20 binaries/wait.o
                                         0x38 (size before relaxing)
 .eh_frame      0x00000000001192e4       0x20 binaries/wakeup.o
                                         0x38 (size before relaxing)
 .eh_frame      0x0000000000119304       0x20 binaries/write.o
                                         0x38 (size before relaxing)
 .eh_frame      0x0000000000119324       0x20 binaries/xdone.o
                                         0x38 (size before relaxing)
 .eh_frame      0x0000000000119344       0x20 binaries/yield.o
                                         0x38 (size before relaxing)
 .eh_frame      0x0000000000119364       0x20 binaries/abs.o
                                         0x38 (size before relaxing)
 .eh_frame      0x0000000000119384       0x20 binaries/atoi.o
                                         0x38 (size before relaxing)
 .eh_frame      0x00000000001193a4       0x20 binaries/atol.o
                                         0x38 (size before relaxing)
 .eh_frame      0x00000000001193c4       0x20 binaries/bzero.o
                                         0x38 (size before relaxing)
 .eh_frame      0x00000000001193e4       0xe0 binaries/doprnt.o
                                         0xf8 (size before relaxing)
 .eh_frame      0x00000000001194c4       0xb0 binaries/doscan.o
                                         0xc8 (size before relaxing)
 .eh_frame      0x0000000000119574       0xc0 binaries/fdoprnt.o
                                         0xd8 (size before relaxing)
 .eh_frame      0x0000000000119634       0x20 binaries/fgetc.o
                                         0x38 (size before relaxing)
 .eh_frame      0x0000000000119654       0x20 binaries/fgets.o
                                         0x38 (size before relaxing)
 .eh_frame      0x0000000000119674       0x20 binaries/fprintf.o
                                         0x38 (size before relaxing)
 .eh_frame      0x0000000000119694       0x20 binaries/fputc.o
                                         0x38 (size before relaxing)
 .eh_frame      0x00000000001196b4       0x20 binaries/fputs.o
                                         0x38 (size before relaxing)
 .eh_frame      0x00000000001196d4       0x60 binaries/fscanf.o
                                         0x78 (size before relaxing)
 .eh_frame      0x0000000000119734       0x20 binaries/getchar.o
                                         0x38 (size before relaxing)
 .eh_frame      0x0000000000119754       0x20 binaries/labs.o
                                         0x38 (size before relaxing)
 .eh_frame      0x0000000000119774       0x20 binaries/memcmp.o
                                         0x38 (size before relaxing)
 .eh_frame      0x0000000000119794       0x24 binaries/memcpy.o
                                         0x3c (size before relaxing)
 .eh_frame      0x00000000001197b8       0x24 binaries/memset.o
                                         0x3c (size before relaxing)
 .eh_frame      0x00000000001197dc       0x20 binaries/printf.o
                                         0x38 (size before relaxing)
 .eh_frame      0x00000000001197fc       0x20 binaries/putchar.o
                                         0x38 (size before relaxing)
 .eh_frame      0x000000000011981c       0xa8 binaries/qsort.o
                                         0xc0 (size before relaxing)
 .eh_frame      0x00000000001198c4       0x60 binaries/rand.o
                                         0x78 (size before relaxing)
 .eh_frame      0x0000000000119924       0x40 binaries/sprintf.o
                                         0x58 (size before relaxing)
 .eh_frame      0x0000000000119964       0x60 binaries/sscanf.o
                                         0x78 (size before relaxing)
 .eh_frame      0x00000000001199c4       0x20 binaries/strchr.o
                                         0x38 (size before relaxing)
 .eh_frame      0x00000000001199e4       0x20 binaries/strcmp.o
                                         0x38 (size before relaxing)
 .eh_frame      0x0000000000119a04       0x20 binaries/strcpy.o
                                         0x38 (size before relaxing)
 .eh_frame      0x0000000000119a24       0x20 binaries/strlen.o
                                         0x38 (size before relaxing)
 .eh_frame      0x0000000000119a44       0x20 binaries/strncat.o
                                         0x38 (size before relaxing)
 .eh_frame      0x0000000000119a64       0x20 binaries/strncmp.o
                                         0x38 (size before relaxing)
 .eh_frame      0x0000000000119a84       0x28 binaries/strncpy.o
                                         0x40 (size before relaxing)
 .eh_frame      0x0000000000119aac       0x20 binaries/strnlen.o
                                         0x38 (size before relaxing)
 .eh_frame      0x0000000000119acc       0x20 binaries/strrchr.o
                                         0x38 (size before relaxing)
 .eh_frame      0x0000000000119aec       0x20 binaries/strstr.o
                                         0x38 (size before relaxing)
 .eh_frame      0x0000000000119b0c       0x20 binaries/ttycontrol.o
                                         0x38 (size before relaxing)
 .eh_frame      0x0000000000119b2c       0x20 binaries/ttygetc.o
                                         0x38 (size before relaxing)
 .eh_frame      0x0000000000119b4c       0x80 binaries/ttyhandle_in.o
                                         0x98 (size before relaxing)
 .eh_frame      0x0000000000119bcc       0x20 binaries/ttyhandle_out.o
                                         0x38 (size before relaxing)
 .eh_frame      0x0000000000119bec       0x20 binaries/ttyhandler.o
                                         0x38 (size before relaxing)
 .eh_frame      0x0000000000119c0c       0x20 binaries/ttyinit.o
                                         0x38 (size before relaxing)
 .eh_frame      0x0000000000119c2c       0x20 binaries/ttykickout.o
                                         0x38 (size before relaxing)
 .eh_frame      0x0000000000119c4c       0x20 binaries/ttyputc.o
                                         0x38 (size before relaxing)
 .eh_frame      0x0000000000119c6c       0x24 binaries/ttyread.o
                                         0x3c (size before relaxing)
 .eh_frame      0x0000000000119c90       0x20 binaries/ttywrite.o
                                         0x38 (size before relaxing)
 .eh_frame      0x0000000000119cb0       0x40 binaries/mount.o
                                         0x58 (size before relaxing)
 .eh_frame      0x0000000000119cf0       0x20 binaries/naminit.o
                                         0x38 (size before relaxing)
 .eh_frame      0x0000000000119d10       0x60 binaries/nammap.o
                                         0x78 (size before relaxing)
 .eh_frame      0x0000000000119d70       0x20 binaries/namopen.o
                                         0x38 (size before relaxing)
 .eh_frame      0x0000000000119d90       0x20 binaries/ethcontrol.o
                                         0x38 (size before relaxing)
 .eh_frame      0x0000000000119db0       0x20 binaries/ethhandler.o
                                         0x38 (size before relaxing)
 .eh_frame      0x0000000000119dd0       0x9c binaries/ethinit.o
                                         0xb4 (size before relaxing)
 .eh_frame      0x0000000000119e6c       0x40 binaries/ethmcast.o
                                         0x58 (size before relaxing)
 .eh_frame      0x0000000000119eac       0x20 binaries/ethread.o
                                         0x38 (size before relaxing)
 .eh_frame      0x0000000000119ecc       0x20 binaries/ethwrite.o
                                         0x38 (size before relaxing)
 .eh_frame      0x0000000000119eec       0xc0 binaries/arp.o
                                         0xd8 (size before relaxing)
 .eh_frame      0x0000000000119fac       0xa0 binaries/dhcp.o
                                         0xb8 (size before relaxing)
 .eh_frame      0x000000000011a04c       0x80 binaries/dns.o
                                         0x98 (size before relaxing)
 .eh_frame      0x000000000011a0cc       0x20 binaries/dot2ip.o
                                         0x38 (size before relaxing)
 .eh_frame      0x000000000011a0ec       0x40 binaries/hexdump.o
                                         0x58 (size before relaxing)
 .eh_frame      0x000000000011a12c      0x14c binaries/icmp.o
                                        0x164 (size before relaxing)
 .eh_frame      0x000000000011a278      0x11c binaries/ip.o
                                        0x134 (size before relaxing)
 .eh_frame      0x000000000011a394       0xa0 binaries/net.o
                                         0xb8 (size before relaxing)
 .eh_frame      0x000000000011a434       0x60 binaries/pdump.o
                                         0x78 (size before relaxing)
 .eh_frame      0x000000000011a494       0x4c binaries/tftp.o
                                         0x64 (size before relaxing)
 .eh_frame      0x000000000011a4e0      0x140 binaries/udp.o
                                        0x158 (size before relaxing)
 .eh_frame      0x000000000011a620       0x20 binaries/addargs.o
                                         0x38 (size before relaxing)
 .eh_frame      0x000000000011a640       0x20 binaries/lexan.o
                                         0x38 (size before relaxing)
 .eh_frame      0x000000000011a660       0x20 binaries/shell.o
                                         0x38 (size before relaxing)
 .eh_frame      0x000000000011a680       0x20 binaries/xsh_argecho.o
                                         0x38 (size before relaxing)
 .eh_frame      0x000000000011a6a0       0x40 binaries/xsh_arp.o
                                         0x58 (size before relaxing)
 .eh_frame      0x000000000011a6e0       0x20 binaries/xsh_cat.o
                                         0x38 (size before relaxing)
 .eh_frame      0x000000000011a700       0x20 binaries/xsh_clear.o
                                         0x38 (size before relaxing)
 .eh_frame      0x000000000011a720       0x20 binaries/xsh_date.o
                                         0x38 (size before relaxing)
 .eh_frame      0x000000000011a740       0x20 binaries/xsh_devdump.o
                                         0x38 (size before relaxing)
 .eh_frame      0x000000000011a760       0x20 binaries/xsh_echo.o
                                         0x38 (size before relaxing)
 .eh_frame      0x000000000011a780       0x20 binaries/xsh_exit.o
                                         0x38 (size before relaxing)
 .eh_frame      0x000000000011a7a0       0x20 binaries/xsh_help.o
                                         0x38 (size before relaxing)
 .eh_frame      0x000000000011a7c0       0x20 binaries/xsh_kill.o
                                         0x38 (size before relaxing)
 .eh_frame      0x000000000011a7e0       0x40 binaries/xsh_memdump.o
                                         0x58 (size before relaxing)
 .eh_frame      0x000000000011a820       0x60 binaries/xsh_memstat.o
                                         0x78 (size before relaxing)
 .eh_frame      0x000000000011a880       0x30 binaries/xsh_netinfo.o
                                         0x48 (size before relaxing)
 .eh_frame      0x000000000011a8b0       0x24 binaries/xsh_ping.o
                                         0x3c (size before relaxing)
 .eh_frame      0x000000000011a8d4       0x30 binaries/xsh_ps.o
                                         0x48 (size before relaxing)
 .eh_frame      0x000000000011a904       0x20 binaries/xsh_sleep.o
                                         0x38 (size before relaxing)
 .eh_frame      0x000000000011a924       0x20 binaries/xsh_udpdump.o
                                         0x38 (size before relaxing)
 .eh_frame      0x000000000011a944       0x30 binaries/xsh_udpecho.o
                                         0x48 (size before relaxing)
 .eh_frame      0x000000000011a974       0x24 binaries/xsh_udpserver.o
                                         0x3c (size before relaxing)
 .eh_frame      0x000000000011a998       0x20 binaries/xsh_uptime.o
                                         0x38 (size before relaxing)

.iplt           0x000000000011a9c0        0x0
 .iplt          0x000000000011a9c0        0x0 binaries/start.o

.rel.dyn        0x000000000011a9b8        0x0
 .rel.iplt      0x000000000011a9b8        0x0 binaries/start.o
 .rel.text      0x000000000011a9b8        0x0 binaries/start.o
 .rel.data      0x000000000011a9b8        0x0 binaries/start.o
 .rel.rodata    0x000000000011a9b8        0x0 binaries/start.o

.data           0x000000000011a9c0     0x1640
                0x000000000011a9c0                data = ABSOLUTE (.)
 *(.data .data.*)
 .data          0x000000000011a9c0      0x83a binaries/start.o
                0x000000000011a9c0                gdt
                0x000000000011a9f0                idt
                0x000000000011b1f6                cpudelay
 *fill*         0x000000000011b1fa        0x6 
 .data          0x000000000011b200       0x88 binaries/ascdate.o
                0x000000000011b200                Date
 .data          0x000000000011b288        0x0 binaries/bufinit.o
 .data          0x000000000011b288        0x0 binaries/chprio.o
 .data          0x000000000011b288        0x4 binaries/clkhandler.o
 .data          0x000000000011b28c        0x0 binaries/clkinit.o
 .data          0x000000000011b28c        0x0 binaries/close.o
 *fill*         0x000000000011b28c       0x14 
 .data          0x000000000011b2a0       0xf0 binaries/conf.o
                0x000000000011b2a0                devtab
 .data          0x000000000011b390        0x0 binaries/control.o
 .data          0x000000000011b390        0x4 binaries/create.o
 .data          0x000000000011b394        0x0 binaries/early_imr.o
 *fill*         0x000000000011b394        0xc 
 .data          0x000000000011b3a0       0x40 binaries/evec.o
                0x000000000011b3a0                inames
 .data          0x000000000011b3e0        0x0 binaries/exit.o
 .data          0x000000000011b3e0        0x0 binaries/freebuf.o
 .data          0x000000000011b3e0        0x0 binaries/freemem.o
 .data          0x000000000011b3e0        0x0 binaries/getbuf.o
 .data          0x000000000011b3e0        0x0 binaries/getc.o
 .data          0x000000000011b3e0        0x0 binaries/getdev.o
 .data          0x000000000011b3e0        0x0 binaries/getitem.o
 .data          0x000000000011b3e0        0x0 binaries/getmem.o
 .data          0x000000000011b3e0        0x0 binaries/getpid.o
 .data          0x000000000011b3e0        0x0 binaries/getprio.o
 .data          0x000000000011b3e0        0x0 binaries/getstk.o
 .data          0x000000000011b3e0        0x0 binaries/getticks.o
 .data          0x000000000011b3e0        0x0 binaries/gettime.o
 .data          0x000000000011b3e0        0x0 binaries/getutime.o
 .data          0x000000000011b3e0        0x0 binaries/init.o
 .data          0x000000000011b3e0        0x0 binaries/initialize.o
 .data          0x000000000011b3e0        0x0 binaries/insert.o
 .data          0x000000000011b3e0        0x0 binaries/insertd.o
 .data          0x000000000011b3e0        0x0 binaries/ioerr.o
 .data          0x000000000011b3e0        0x0 binaries/ionull.o
 .data          0x000000000011b3e0        0x0 binaries/kill.o
 .data          0x000000000011b3e0        0x0 binaries/kprintf.o
 .data          0x000000000011b3e0        0x0 binaries/main.o
 .data          0x000000000011b3e0        0x0 binaries/mark.o
 .data          0x000000000011b3e0       0x40 binaries/meminit.o
                0x000000000011b3e0                bootsign
                0x000000000011b3e4                bootinfo
                0x000000000011b400                gdt_copy
 .data          0x000000000011b420        0x0 binaries/mkbufpool.o
 .data          0x000000000011b420        0x0 binaries/myreceive.o
 .data          0x000000000011b420        0x0 binaries/mysend.o
 .data          0x000000000011b420        0x2 binaries/newqueue.o
 .data          0x000000000011b422        0x0 binaries/open.o
 .data          0x000000000011b422        0x0 binaries/panic.o
 .data          0x000000000011b422        0x0 binaries/pci.o
 .data          0x000000000011b422        0x0 binaries/platinit.o
 .data          0x000000000011b422        0x0 binaries/ptclear.o
 .data          0x000000000011b422        0x0 binaries/ptcount.o
 .data          0x000000000011b422        0x0 binaries/ptcreate.o
 .data          0x000000000011b422        0x0 binaries/ptdelete.o
 .data          0x000000000011b422        0x0 binaries/ptinit.o
 .data          0x000000000011b422        0x0 binaries/ptrecv.o
 .data          0x000000000011b422        0x0 binaries/ptreset.o
 .data          0x000000000011b422        0x0 binaries/ptsend.o
 .data          0x000000000011b422        0x0 binaries/putc.o
 .data          0x000000000011b422        0x0 binaries/quark_irq.o
 .data          0x000000000011b422        0x0 binaries/quark_pdat.o
 .data          0x000000000011b422        0x0 binaries/queue.o
 .data          0x000000000011b422        0x0 binaries/read.o
 .data          0x000000000011b422        0x0 binaries/ready.o
 .data          0x000000000011b422        0x0 binaries/receive.o
 .data          0x000000000011b422        0x0 binaries/recvclr.o
 .data          0x000000000011b422        0x0 binaries/recvtime.o
 .data          0x000000000011b422        0x0 binaries/resched.o
 .data          0x000000000011b422        0x0 binaries/resume.o
 .data          0x000000000011b422        0x0 binaries/seek.o
 .data          0x000000000011b422        0x0 binaries/semcount.o
 .data          0x000000000011b422        0x0 binaries/semcreate.o
 .data          0x000000000011b422        0x0 binaries/semdelete.o
 .data          0x000000000011b422        0x0 binaries/semreset.o
 .data          0x000000000011b422        0x0 binaries/send.o
 .data          0x000000000011b422        0x0 binaries/signal.o
 .data          0x000000000011b422        0x0 binaries/signaln.o
 .data          0x000000000011b422        0x0 binaries/sleep.o
 .data          0x000000000011b422        0x0 binaries/stacktrace.o
 .data          0x000000000011b422        0x0 binaries/suspend.o
 .data          0x000000000011b422        0x0 binaries/unsleep.o
 .data          0x000000000011b422        0x0 binaries/userret.o
 .data          0x000000000011b422        0x0 binaries/wait.o
 .data          0x000000000011b422        0x0 binaries/wakeup.o
 .data          0x000000000011b422        0x0 binaries/write.o
 .data          0x000000000011b422        0x0 binaries/xdone.o
 .data          0x000000000011b422        0x0 binaries/yield.o
 .data          0x000000000011b422        0x0 binaries/abs.o
 .data          0x000000000011b422        0x0 binaries/atoi.o
 .data          0x000000000011b422        0x0 binaries/atol.o
 .data          0x000000000011b422        0x0 binaries/bzero.o
 .data          0x000000000011b422        0x0 binaries/ctype_.o
 .data          0x000000000011b422        0x0 binaries/doprnt.o
 *fill*         0x000000000011b422       0x1e 
 .data          0x000000000011b440       0x80 binaries/doscan.o
                0x000000000011b440                _sctab
 .data          0x000000000011b4c0        0x0 binaries/fdoprnt.o
 .data          0x000000000011b4c0        0x0 binaries/fgetc.o
 .data          0x000000000011b4c0        0x0 binaries/fgets.o
 .data          0x000000000011b4c0        0x0 binaries/fprintf.o
 .data          0x000000000011b4c0        0x0 binaries/fputc.o
 .data          0x000000000011b4c0        0x0 binaries/fputs.o
 .data          0x000000000011b4c0        0x0 binaries/fscanf.o
 .data          0x000000000011b4c0        0x0 binaries/getchar.o
 .data          0x000000000011b4c0        0x0 binaries/labs.o
 .data          0x000000000011b4c0        0x0 binaries/memchr.o
 .data          0x000000000011b4c0        0x0 binaries/memcmp.o
 .data          0x000000000011b4c0        0x0 binaries/memcpy.o
 .data          0x000000000011b4c0        0x0 binaries/memset.o
 .data          0x000000000011b4c0        0x0 binaries/printf.o
 .data          0x000000000011b4c0        0x0 binaries/putchar.o
 .data          0x000000000011b4c0        0x0 binaries/qsort.o
 .data          0x000000000011b4c0        0x4 binaries/rand.o
 .data          0x000000000011b4c4        0x0 binaries/sprintf.o
 .data          0x000000000011b4c4        0x0 binaries/sscanf.o
 .data          0x000000000011b4c4        0x0 binaries/strchr.o
 .data          0x000000000011b4c4        0x0 binaries/strcmp.o
 .data          0x000000000011b4c4        0x0 binaries/strcpy.o
 .data          0x000000000011b4c4        0x0 binaries/strlen.o
 .data          0x000000000011b4c4        0x0 binaries/strncat.o
 .data          0x000000000011b4c4        0x0 binaries/strncmp.o
 .data          0x000000000011b4c4        0x0 binaries/strncpy.o
 .data          0x000000000011b4c4        0x0 binaries/strnlen.o
 .data          0x000000000011b4c4        0x0 binaries/strrchr.o
 .data          0x000000000011b4c4        0x0 binaries/strstr.o
 .data          0x000000000011b4c4        0x0 binaries/ttycontrol.o
 .data          0x000000000011b4c4        0x0 binaries/ttygetc.o
 .data          0x000000000011b4c4        0x0 binaries/ttyhandle_in.o
 .data          0x000000000011b4c4        0x0 binaries/ttyhandle_out.o
 .data          0x000000000011b4c4        0x0 binaries/ttyhandler.o
 .data          0x000000000011b4c4        0x0 binaries/ttyinit.o
 .data          0x000000000011b4c4        0x0 binaries/ttykickout.o
 .data          0x000000000011b4c4        0x0 binaries/ttyputc.o
 .data          0x000000000011b4c4        0x0 binaries/ttyread.o
 .data          0x000000000011b4c4        0x0 binaries/ttywrite.o
 .data          0x000000000011b4c4        0x0 binaries/mount.o
 .data          0x000000000011b4c4        0x0 binaries/naminit.o
 .data          0x000000000011b4c4        0x0 binaries/nammap.o
 .data          0x000000000011b4c4        0x0 binaries/namopen.o
 .data          0x000000000011b4c4        0x0 binaries/ethcontrol.o
 .data          0x000000000011b4c4        0x0 binaries/ethhandler.o
 .data          0x000000000011b4c4        0x0 binaries/ethinit.o
 .data          0x000000000011b4c4        0x0 binaries/ethmcast.o
 .data          0x000000000011b4c4        0x0 binaries/ethread.o
 .data          0x000000000011b4c4        0x0 binaries/ethwrite.o
 .data          0x000000000011b4c4        0x0 binaries/arp.o
 .data          0x000000000011b4c4        0x0 binaries/dhcp.o
 .data          0x000000000011b4c4        0x0 binaries/dns.o
 .data          0x000000000011b4c4        0x0 binaries/dot2ip.o
 .data          0x000000000011b4c4        0x0 binaries/hexdump.o
 .data          0x000000000011b4c4        0x4 binaries/icmp.o
 .data          0x000000000011b4c8        0x0 binaries/ip.o
 .data          0x000000000011b4c8        0x0 binaries/net.o
 .data          0x000000000011b4c8        0x0 binaries/pdump.o
 .data          0x000000000011b4c8        0x0 binaries/tftp.o
 .data          0x000000000011b4c8        0x4 binaries/udp.o
 .data          0x000000000011b4cc        0x0 binaries/addargs.o
 .data          0x000000000011b4cc        0x0 binaries/lexan.o
 .data          0x000000000011b4cc        0x4 binaries/shell.o
                0x000000000011b4cc                ncmd
 .data          0x000000000011b4d0        0x0 binaries/xsh_argecho.o
 .data          0x000000000011b4d0        0x0 binaries/xsh_arp.o
 .data          0x000000000011b4d0        0x0 binaries/xsh_cat.o
 .data          0x000000000011b4d0        0x0 binaries/xsh_clear.o
 .data          0x000000000011b4d0        0x0 binaries/xsh_date.o
 .data          0x000000000011b4d0        0x0 binaries/xsh_devdump.o
 .data          0x000000000011b4d0        0x0 binaries/xsh_echo.o
 .data          0x000000000011b4d0        0x0 binaries/xsh_exit.o
 .data          0x000000000011b4d0        0x0 binaries/xsh_help.o
 .data          0x000000000011b4d0        0x0 binaries/xsh_kill.o
 .data          0x000000000011b4d0        0x0 binaries/xsh_memdump.o
 .data          0x000000000011b4d0        0x0 binaries/xsh_memstat.o
 .data          0x000000000011b4d0        0x0 binaries/xsh_netinfo.o
 .data          0x000000000011b4d0        0x0 binaries/xsh_ping.o
 .data          0x000000000011b4d0        0x0 binaries/xsh_ps.o
 .data          0x000000000011b4d0        0x0 binaries/xsh_sleep.o
 .data          0x000000000011b4d0        0x0 binaries/xsh_udpdump.o
 .data          0x000000000011b4d0        0x0 binaries/xsh_udpecho.o
 .data          0x000000000011b4d0        0x0 binaries/xsh_udpserver.o
 .data          0x000000000011b4d0        0x0 binaries/xsh_uptime.o
 .data          0x000000000011b4d0        0x0 binaries/clkdisp.o
 .data          0x000000000011b4d0        0x0 binaries/ctxsw.o
 .data          0x000000000011b4d0        0x0 binaries/intr.o
 .data          0x000000000011b4d0        0x0 binaries/ttydispatch.o
 .data          0x000000000011b4d0        0x0 binaries/ethdispatch.o
                0x000000000011b4d0                edata = ABSOLUTE (.)
                0x000000000011c000                . = ALIGN (0x1000)
 *fill*         0x000000000011b4d0      0xb30 

.igot.plt       0x000000000011c000        0x0
 .igot.plt      0x000000000011c000        0x0 binaries/start.o

.bss            0x000000000011c000     0x8000
                0x000000000011c000                bss = ABSOLUTE (.)
 *(.bss .bss.*)
 .bss           0x000000000011c000        0x0 binaries/start.o
 .bss           0x000000000011c000        0x0 binaries/ascdate.o
 .bss           0x000000000011c000        0x0 binaries/bufinit.o
 .bss           0x000000000011c000        0x0 binaries/chprio.o
 .bss           0x000000000011c000        0x0 binaries/clkhandler.o
 .bss           0x000000000011c000        0x4 binaries/clkinit.o
                0x000000000011c000                ctr1000
 .bss           0x000000000011c004        0x0 binaries/close.o
 .bss           0x000000000011c004        0x0 binaries/conf.o
 .bss           0x000000000011c004        0x0 binaries/control.o
 .bss           0x000000000011c004        0x0 binaries/create.o
 .bss           0x000000000011c004        0x4 binaries/early_imr.o
 .bss           0x000000000011c008        0x0 binaries/evec.o
 .bss           0x000000000011c008        0x0 binaries/exit.o
 .bss           0x000000000011c008        0x0 binaries/freebuf.o
 .bss           0x000000000011c008        0x0 binaries/freemem.o
 .bss           0x000000000011c008        0x0 binaries/getbuf.o
 .bss           0x000000000011c008        0x0 binaries/getc.o
 .bss           0x000000000011c008        0x0 binaries/getdev.o
 .bss           0x000000000011c008        0x0 binaries/getitem.o
 .bss           0x000000000011c008        0x0 binaries/getmem.o
 .bss           0x000000000011c008        0x0 binaries/getpid.o
 .bss           0x000000000011c008        0x0 binaries/getprio.o
 .bss           0x000000000011c008        0x0 binaries/getstk.o
 .bss           0x000000000011c008        0x0 binaries/getticks.o
 .bss           0x000000000011c008        0x0 binaries/gettime.o
 .bss           0x000000000011c008        0x0 binaries/getutime.o
 .bss           0x000000000011c008        0x0 binaries/init.o
 .bss           0x000000000011c008        0x0 binaries/initialize.o
 .bss           0x000000000011c008        0x0 binaries/insert.o
 .bss           0x000000000011c008        0x0 binaries/insertd.o
 .bss           0x000000000011c008        0x0 binaries/ioerr.o
 .bss           0x000000000011c008        0x0 binaries/ionull.o
 .bss           0x000000000011c008        0x0 binaries/kill.o
 .bss           0x000000000011c008        0x0 binaries/kprintf.o
 .bss           0x000000000011c008        0x0 binaries/main.o
 .bss           0x000000000011c008        0x0 binaries/mark.o
 .bss           0x000000000011c008        0x0 binaries/meminit.o
 .bss           0x000000000011c008        0x0 binaries/mkbufpool.o
 .bss           0x000000000011c008        0x0 binaries/myreceive.o
 .bss           0x000000000011c008        0x0 binaries/mysend.o
 .bss           0x000000000011c008        0x0 binaries/newqueue.o
 .bss           0x000000000011c008        0x0 binaries/open.o
 .bss           0x000000000011c008        0x0 binaries/panic.o
 .bss           0x000000000011c008        0x0 binaries/pci.o
 .bss           0x000000000011c008        0x0 binaries/platinit.o
 .bss           0x000000000011c008        0x0 binaries/ptclear.o
 .bss           0x000000000011c008        0x0 binaries/ptcount.o
 .bss           0x000000000011c008        0x0 binaries/ptcreate.o
 .bss           0x000000000011c008        0x0 binaries/ptdelete.o
 .bss           0x000000000011c008        0x0 binaries/ptinit.o
 .bss           0x000000000011c008        0x0 binaries/ptrecv.o
[...]
 .comment       0x000000000000002a       0x2b binaries/xdone.o
 .comment       0x000000000000002a       0x2b binaries/yield.o
 .comment       0x000000000000002a       0x2b binaries/abs.o
 .comment       0x000000000000002a       0x2b binaries/atoi.o
 .comment       0x000000000000002a       0x2b binaries/atol.o
 .comment       0x000000000000002a       0x2b binaries/bzero.o
 .comment       0x000000000000002a       0x2b binaries/ctype_.o
 .comment       0x000000000000002a       0x2b binaries/doprnt.o
 .comment       0x000000000000002a       0x2b binaries/doscan.o
 .comment       0x000000000000002a       0x2b binaries/fdoprnt.o
 .comment       0x000000000000002a       0x2b binaries/fgetc.o
 .comment       0x000000000000002a       0x2b binaries/fgets.o
 .comment       0x000000000000002a       0x2b binaries/fprintf.o
 .comment       0x000000000000002a       0x2b binaries/fputc.o
 .comment       0x000000000000002a       0x2b binaries/fputs.o
 .comment       0x000000000000002a       0x2b binaries/fscanf.o
 .comment       0x000000000000002a       0x2b binaries/getchar.o
 .comment       0x000000000000002a       0x2b binaries/labs.o
 .comment       0x000000000000002a       0x2b binaries/memchr.o
 .comment       0x000000000000002a       0x2b binaries/memcmp.o
 .comment       0x000000000000002a       0x2b binaries/memcpy.o
 .comment       0x000000000000002a       0x2b binaries/memset.o
 .comment       0x000000000000002a       0x2b binaries/printf.o
 .comment       0x000000000000002a       0x2b binaries/putchar.o
 .comment       0x000000000000002a       0x2b binaries/qsort.o
 .comment       0x000000000000002a       0x2b binaries/rand.o
 .comment       0x000000000000002a       0x2b binaries/sprintf.o
 .comment       0x000000000000002a       0x2b binaries/sscanf.o
 .comment       0x000000000000002a       0x2b binaries/strchr.o
 .comment       0x000000000000002a       0x2b binaries/strcmp.o
 .comment       0x000000000000002a       0x2b binaries/strcpy.o
 .comment       0x000000000000002a       0x2b binaries/strlen.o
 .comment       0x000000000000002a       0x2b binaries/strncat.o
 .comment       0x000000000000002a       0x2b binaries/strncmp.o
 .comment       0x000000000000002a       0x2b binaries/strncpy.o
 .comment       0x000000000000002a       0x2b binaries/strnlen.o
 .comment       0x000000000000002a       0x2b binaries/strrchr.o
 .comment       0x000000000000002a       0x2b binaries/strstr.o
 .comment       0x000000000000002a       0x2b binaries/ttycontrol.o
 .comment       0x000000000000002a       0x2b binaries/ttygetc.o
 .comment       0x000000000000002a       0x2b binaries/ttyhandle_in.o
 .comment       0x000000000000002a       0x2b binaries/ttyhandle_out.o
 .comment       0x000000000000002a       0x2b binaries/ttyhandler.o
 .comment       0x000000000000002a       0x2b binaries/ttyinit.o
 .comment       0x000000000000002a       0x2b binaries/ttykickout.o
 .comment       0x000000000000002a       0x2b binaries/ttyputc.o
 .comment       0x000000000000002a       0x2b binaries/ttyread.o
 .comment       0x000000000000002a       0x2b binaries/ttywrite.o
 .comment       0x000000000000002a       0x2b binaries/mount.o
 .comment       0x000000000000002a       0x2b binaries/naminit.o
 .comment       0x000000000000002a       0x2b binaries/nammap.o
 .comment       0x000000000000002a       0x2b binaries/namopen.o
 .comment       0x000000000000002a       0x2b binaries/ethcontrol.o
 .comment       0x000000000000002a       0x2b binaries/ethhandler.o
 .comment       0x000000000000002a       0x2b binaries/ethinit.o
 .comment       0x000000000000002a       0x2b binaries/ethmcast.o
 .comment       0x000000000000002a       0x2b binaries/ethread.o
 .comment       0x000000000000002a       0x2b binaries/ethwrite.o
 .comment       0x000000000000002a       0x2b binaries/arp.o
 .comment       0x000000000000002a       0x2b binaries/dhcp.o
 .comment       0x000000000000002a       0x2b binaries/dns.o
 .comment       0x000000000000002a       0x2b binaries/dot2ip.o
 .comment       0x000000000000002a       0x2b binaries/hexdump.o
 .comment       0x000000000000002a       0x2b binaries/icmp.o
 .comment       0x000000000000002a       0x2b binaries/ip.o
 .comment       0x000000000000002a       0x2b binaries/net.o
 .comment       0x000000000000002a       0x2b binaries/pdump.o
 .comment       0x000000000000002a       0x2b binaries/tftp.o
 .comment       0x000000000000002a       0x2b binaries/udp.o
 .comment       0x000000000000002a       0x2b binaries/addargs.o
 .comment       0x000000000000002a       0x2b binaries/lexan.o
 .comment       0x000000000000002a       0x2b binaries/shell.o
 .comment       0x000000000000002a       0x2b binaries/xsh_argecho.o
 .comment       0x000000000000002a       0x2b binaries/xsh_arp.o
 .comment       0x000000000000002a       0x2b binaries/xsh_cat.o
 .comment       0x000000000000002a       0x2b binaries/xsh_clear.o
 .comment       0x000000000000002a       0x2b binaries/xsh_date.o
 .comment       0x000000000000002a       0x2b binaries/xsh_devdump.o
 .comment       0x000000000000002a       0x2b binaries/xsh_echo.o
 .comment       0x000000000000002a       0x2b binaries/xsh_exit.o
 .comment       0x000000000000002a       0x2b binaries/xsh_help.o
 .comment       0x000000000000002a       0x2b binaries/xsh_kill.o
 .comment       0x000000000000002a       0x2b binaries/xsh_memdump.o
 .comment       0x000000000000002a       0x2b binaries/xsh_memstat.o
 .comment       0x000000000000002a       0x2b binaries/xsh_netinfo.o
 .comment       0x000000000000002a       0x2b binaries/xsh_ping.o
 .comment       0x000000000000002a       0x2b binaries/xsh_ps.o
 .comment       0x000000000000002a       0x2b binaries/xsh_sleep.o
 .comment       0x000000000000002a       0x2b binaries/xsh_udpdump.o
 .comment       0x000000000000002a       0x2b binaries/xsh_udpecho.o
 .comment       0x000000000000002a       0x2b binaries/xsh_udpserver.o
 .comment       0x000000000000002a       0x2b binaries/xsh_uptime.o

.note.GNU-stack
                0x0000000000000000        0x0
 .note.GNU-stack
                0x0000000000000000        0x0 binaries/ascdate.o
 .note.GNU-stack
                0x0000000000000000        0x0 binaries/bufinit.o
 .note.GNU-stack
                0x0000000000000000        0x0 binaries/chprio.o
 .note.GNU-stack
                0x0000000000000000        0x0 binaries/clkhandler.o
 .note.GNU-stack
                0x0000000000000000        0x0 binaries/clkinit.o
 .note.GNU-stack
                0x0000000000000000        0x0 binaries/close.o
 .note.GNU-stack
                0x0000000000000000        0x0 binaries/conf.o
 .note.GNU-stack
                0x0000000000000000        0x0 binaries/control.o
 .note.GNU-stack
                0x0000000000000000        0x0 binaries/create.o
 .note.GNU-stack
                0x0000000000000000        0x0 binaries/early_imr.o
 .note.GNU-stack
                0x0000000000000000        0x0 binaries/evec.o
 .note.GNU-stack
                0x0000000000000000        0x0 binaries/exit.o
 .note.GNU-stack
                0x0000000000000000        0x0 binaries/freebuf.o
 .note.GNU-stack
                0x0000000000000000        0x0 binaries/freemem.o
 .note.GNU-stack
                0x0000000000000000        0x0 binaries/getbuf.o
 .note.GNU-stack
                0x0000000000000000        0x0 binaries/getc.o
 .note.GNU-stack
                0x0000000000000000        0x0 binaries/getdev.o
 .note.GNU-stack
                0x0000000000000000        0x0 binaries/getitem.o
 .note.GNU-stack
                0x0000000000000000        0x0 binaries/getmem.o
 .note.GNU-stack
                0x0000000000000000        0x0 binaries/getpid.o
 .note.GNU-stack
                0x0000000000000000        0x0 binaries/getprio.o
 .note.GNU-stack
                0x0000000000000000        0x0 binaries/getstk.o
 .note.GNU-stack
                0x0000000000000000        0x0 binaries/getticks.o
 .note.GNU-stack
                0x0000000000000000        0x0 binaries/gettime.o
 .note.GNU-stack
                0x0000000000000000        0x0 binaries/getutime.o
 .note.GNU-stack
                0x0000000000000000        0x0 binaries/init.o
 .note.GNU-stack
                0x0000000000000000        0x0 binaries/initialize.o
 .note.GNU-stack
                0x0000000000000000        0x0 binaries/insert.o
 .note.GNU-stack
                0x0000000000000000        0x0 binaries/insertd.o
 .note.GNU-stack
                0x0000000000000000        0x0 binaries/ioerr.o
 .note.GNU-stack
                0x0000000000000000        0x0 binaries/ionull.o
 .note.GNU-stack
                0x0000000000000000        0x0 binaries/kill.o
 .note.GNU-stack
                0x0000000000000000        0x0 binaries/kprintf.o
 .note.GNU-stack
                0x0000000000000000        0x0 binaries/main.o
 .note.GNU-stack
                0x0000000000000000        0x0 binaries/mark.o
 .note.GNU-stack
                0x0000000000000000        0x0 binaries/meminit.o
 .note.GNU-stack
                0x0000000000000000        0x0 binaries/mkbufpool.o
 .note.GNU-stack
                0x0000000000000000        0x0 binaries/myreceive.o
 .note.GNU-stack
                0x0000000000000000        0x0 binaries/mysend.o
 .note.GNU-stack
                0x0000000000000000        0x0 binaries/newqueue.o
 .note.GNU-stack
                0x0000000000000000        0x0 binaries/open.o
 .note.GNU-stack
                0x0000000000000000        0x0 binaries/panic.o
 .note.GNU-stack
                0x0000000000000000        0x0 binaries/pci.o
 .note.GNU-stack
                0x0000000000000000        0x0 binaries/platinit.o
 .note.GNU-stack
                0x0000000000000000        0x0 binaries/ptclear.o
 .note.GNU-stack
                0x0000000000000000        0x0 binaries/ptcount.o
 .note.GNU-stack
                0x0000000000000000        0x0 binaries/ptcreate.o
 .note.GNU-stack
                0x0000000000000000        0x0 binaries/ptdelete.o
 .note.GNU-stack
                0x0000000000000000        0x0 binaries/ptinit.o
 .note.GNU-stack
                0x0000000000000000        0x0 binaries/ptrecv.o
 .note.GNU-stack
                0x0000000000000000        0x0 binaries/ptreset.o
 .note.GNU-stack
                0x0000000000000000        0x0 binaries/ptsend.o
 .note.GNU-stack
                0x0000000000000000        0x0 binaries/putc.o
 .note.GNU-stack
                0x0000000000000000        0x0 binaries/quark_irq.o
 .note.GNU-stack
                0x0000000000000000        0x0 binaries/quark_pdat.o
 .note.GNU-stack
                0x0000000000000000        0x0 binaries/queue.o
 .note.GNU-stack
                0x0000000000000000        0x0 binaries/read.o
 .note.GNU-stack
                0x0000000000000000        0x0 binaries/ready.o
 .note.GNU-stack
                0x0000000000000000        0x0 binaries/receive.o
 .note.GNU-stack
                0x0000000000000000        0x0 binaries/recvclr.o
 .note.GNU-stack
                0x0000000000000000        0x0 binaries/recvtime.o
 .note.GNU-stack
                0x0000000000000000        0x0 binaries/resched.o
 .note.GNU-stack
                0x0000000000000000        0x0 binaries/resume.o
 .note.GNU-stack
                0x0000000000000000        0x0 binaries/seek.o
 .note.GNU-stack
                0x0000000000000000        0x0 binaries/semcount.o
 .note.GNU-stack
                0x0000000000000000        0x0 binaries/semcreate.o
 .note.GNU-stack
                0x0000000000000000        0x0 binaries/semdelete.o
 .note.GNU-stack
                0x0000000000000000        0x0 binaries/semreset.o
 .note.GNU-stack
                0x0000000000000000        0x0 binaries/send.o
 .note.GNU-stack
                0x0000000000000000        0x0 binaries/signal.o
 .note.GNU-stack
                0x0000000000000000        0x0 binaries/signaln.o
 .note.GNU-stack
                0x0000000000000000        0x0 binaries/sleep.o
 .note.GNU-stack
                0x0000000000000000        0x0 binaries/stacktrace.o
 .note.GNU-stack
                0x0000000000000000        0x0 binaries/suspend.o
 .note.GNU-stack
                0x0000000000000000        0x0 binaries/unsleep.o
 .note.GNU-stack
                0x0000000000000000        0x0 binaries/userret.o
 .note.GNU-stack
                0x0000000000000000        0x0 binaries/wait.o
 .note.GNU-stack
                0x0000000000000000        0x0 binaries/wakeup.o
 .note.GNU-stack
                0x0000000000000000        0x0 binaries/write.o
 .note.GNU-stack
                0x0000000000000000        0x0 binaries/xdone.o
 .note.GNU-stack
                0x0000000000000000        0x0 binaries/yield.o
 .note.GNU-stack
                0x0000000000000000        0x0 binaries/abs.o
 .note.GNU-stack
                0x0000000000000000        0x0 binaries/atoi.o
 .note.GNU-stack
                0x0000000000000000        0x0 binaries/atol.o
 .note.GNU-stack
                0x0000000000000000        0x0 binaries/bzero.o
 .note.GNU-stack
                0x0000000000000000        0x0 binaries/ctype_.o
 .note.GNU-stack
                0x0000000000000000        0x0 binaries/doprnt.o
 .note.GNU-stack
                0x0000000000000000        0x0 binaries/doscan.o
 .note.GNU-stack
                0x0000000000000000        0x0 binaries/fdoprnt.o
 .note.GNU-stack
                0x0000000000000000        0x0 binaries/fgetc.o
 .note.GNU-stack
                0x0000000000000000        0x0 binaries/fgets.o
 .note.GNU-stack
                0x0000000000000000        0x0 binaries/fprintf.o
 .note.GNU-stack
                0x0000000000000000        0x0 binaries/fputc.o
 .note.GNU-stack
                0x0000000000000000        0x0 binaries/fputs.o
 .note.GNU-stack
                0x0000000000000000        0x0 binaries/fscanf.o
 .note.GNU-stack
                0x0000000000000000        0x0 binaries/getchar.o
 .note.GNU-stack
                0x0000000000000000        0x0 binaries/labs.o
 .note.GNU-stack
                0x0000000000000000        0x0 binaries/memchr.o
 .note.GNU-stack
                0x0000000000000000        0x0 binaries/memcmp.o
 .note.GNU-stack
                0x0000000000000000        0x0 binaries/memcpy.o
 .note.GNU-stack
                0x0000000000000000        0x0 binaries/memset.o
 .note.GNU-stack
                0x0000000000000000        0x0 binaries/printf.o
 .note.GNU-stack
                0x0000000000000000        0x0 binaries/putchar.o
 .note.GNU-stack
                0x0000000000000000        0x0 binaries/qsort.o
 .note.GNU-stack
                0x0000000000000000        0x0 binaries/rand.o
 .note.GNU-stack
                0x0000000000000000        0x0 binaries/sprintf.o
 .note.GNU-stack
                0x0000000000000000        0x0 binaries/sscanf.o
 .note.GNU-stack
                0x0000000000000000        0x0 binaries/strchr.o
 .note.GNU-stack
                0x0000000000000000        0x0 binaries/strcmp.o
 .note.GNU-stack
                0x0000000000000000        0x0 binaries/strcpy.o
 .note.GNU-stack
                0x0000000000000000        0x0 binaries/strlen.o
 .note.GNU-stack
                0x0000000000000000        0x0 binaries/strncat.o
 .note.GNU-stack
                0x0000000000000000        0x0 binaries/strncmp.o
 .note.GNU-stack
                0x0000000000000000        0x0 binaries/strncpy.o
 .note.GNU-stack
                0x0000000000000000        0x0 binaries/strnlen.o
 .note.GNU-stack
                0x0000000000000000        0x0 binaries/strrchr.o
 .note.GNU-stack
                0x0000000000000000        0x0 binaries/strstr.o
 .note.GNU-stack
                0x0000000000000000        0x0 binaries/ttycontrol.o
 .note.GNU-stack
                0x0000000000000000        0x0 binaries/ttygetc.o
 .note.GNU-stack
                0x0000000000000000        0x0 binaries/ttyhandle_in.o
 .note.GNU-stack
                0x0000000000000000        0x0 binaries/ttyhandle_out.o
 .note.GNU-stack
                0x0000000000000000        0x0 binaries/ttyhandler.o
 .note.GNU-stack
                0x0000000000000000        0x0 binaries/ttyinit.o
 .note.GNU-stack
                0x0000000000000000        0x0 binaries/ttykickout.o
 .note.GNU-stack
                0x0000000000000000        0x0 binaries/ttyputc.o
 .note.GNU-stack
                0x0000000000000000        0x0 binaries/ttyread.o
 .note.GNU-stack
                0x0000000000000000        0x0 binaries/ttywrite.o
 .note.GNU-stack
                0x0000000000000000        0x0 binaries/mount.o
 .note.GNU-stack
                0x0000000000000000        0x0 binaries/naminit.o
 .note.GNU-stack
                0x0000000000000000        0x0 binaries/nammap.o
 .note.GNU-stack
                0x0000000000000000        0x0 binaries/namopen.o
 .note.GNU-stack
                0x0000000000000000        0x0 binaries/ethcontrol.o
 .note.GNU-stack
                0x0000000000000000        0x0 binaries/ethhandler.o
 .note.GNU-stack
                0x0000000000000000        0x0 binaries/ethinit.o
 .note.GNU-stack
                0x0000000000000000        0x0 binaries/ethmcast.o
 .note.GNU-stack
                0x0000000000000000        0x0 binaries/ethread.o
 .note.GNU-stack
                0x0000000000000000        0x0 binaries/ethwrite.o
 .note.GNU-stack
                0x0000000000000000        0x0 binaries/arp.o
 .note.GNU-stack
                0x0000000000000000        0x0 binaries/dhcp.o
 .note.GNU-stack
                0x0000000000000000        0x0 binaries/dns.o
 .note.GNU-stack
                0x0000000000000000        0x0 binaries/dot2ip.o
 .note.GNU-stack
                0x0000000000000000        0x0 binaries/hexdump.o
 .note.GNU-stack
                0x0000000000000000        0x0 binaries/icmp.o
 .note.GNU-stack
                0x0000000000000000        0x0 binaries/ip.o
 .note.GNU-stack
                0x0000000000000000        0x0 binaries/net.o
 .note.GNU-stack
                0x0000000000000000        0x0 binaries/pdump.o
 .note.GNU-stack
                0x0000000000000000        0x0 binaries/tftp.o
 .note.GNU-stack
                0x0000000000000000        0x0 binaries/udp.o
 .note.GNU-stack
                0x0000000000000000        0x0 binaries/addargs.o
 .note.GNU-stack
                0x0000000000000000        0x0 binaries/lexan.o
 .note.GNU-stack
                0x0000000000000000        0x0 binaries/shell.o
 .note.GNU-stack
                0x0000000000000000        0x0 binaries/xsh_argecho.o
 .note.GNU-stack
                0x0000000000000000        0x0 binaries/xsh_arp.o
 .note.GNU-stack
                0x0000000000000000        0x0 binaries/xsh_cat.o
 .note.GNU-stack
                0x0000000000000000        0x0 binaries/xsh_clear.o
 .note.GNU-stack
                0x0000000000000000        0x0 binaries/xsh_date.o
 .note.GNU-stack
                0x0000000000000000        0x0 binaries/xsh_devdump.o
 .note.GNU-stack
                0x0000000000000000        0x0 binaries/xsh_echo.o
 .note.GNU-stack
                0x0000000000000000        0x0 binaries/xsh_exit.o
 .note.GNU-stack
                0x0000000000000000        0x0 binaries/xsh_help.o
 .note.GNU-stack
                0x0000000000000000        0x0 binaries/xsh_kill.o
 .note.GNU-stack
                0x0000000000000000        0x0 binaries/xsh_memdump.o
 .note.GNU-stack
                0x0000000000000000        0x0 binaries/xsh_memstat.o
 .note.GNU-stack
                0x0000000000000000        0x0 binaries/xsh_netinfo.o
 .note.GNU-stack
                0x0000000000000000        0x0 binaries/xsh_ping.o
 .note.GNU-stack
                0x0000000000000000        0x0 binaries/xsh_ps.o
 .note.GNU-stack
                0x0000000000000000        0x0 binaries/xsh_sleep.o
 .note.GNU-stack
                0x0000000000000000        0x0 binaries/xsh_udpdump.o
 .note.GNU-stack
                0x0000000000000000        0x0 binaries/xsh_udpecho.o
 .note.GNU-stack
                0x0000000000000000        0x0 binaries/xsh_udpserver.o
 .note.GNU-stack
                0x0000000000000000        0x0 binaries/xsh_uptime.o
